Total students: 2781
Found student without school trainer. UserID: 125, SchoolID: 247
CourseID: 262
Mappings for course 262: 0
Found student without school trainer. UserID: 126, SchoolID: 247
CourseID: 262
Mappings for course 262: 0
Found student without school trainer. UserID: 127, SchoolID: 247
CourseID: 262
Mappings for course 262: 0
Found student without school trainer. UserID: 128, SchoolID: 247
CourseID: 262
Mappings for course 262: 0
Found student without school trainer. UserID: 129, SchoolID: 247
CourseID: 262
Mappings for course 262: 0
Found student without school trainer. UserID: 131, SchoolID: 263
CourseID: 274
Mappings for course 274: 0
Found student without school trainer. UserID: 132, SchoolID: 263
CourseID: 274
Mappings for course 274: 0
Found student without school trainer. UserID: 133, SchoolID: 263
CourseID: 274
Mappings for course 274: 0
Found student without school trainer. UserID: 137, SchoolID: 247
CourseID: 262
Mappings for course 262: 0
Found student without school trainer. UserID: 138, SchoolID: 247
CourseID: 262
Mappings for course 262: 0
Found student without school trainer. UserID: 139, SchoolID: 247
CourseID: 262
Mappings for course 262: 0
Found student without school trainer. UserID: 155, SchoolID: 250
CourseID: 0
Found student without school trainer. UserID: 156, SchoolID: 250
CourseID: 0
Found student without school trainer. UserID: 157, SchoolID: 250
CourseID: 0
Found student without school trainer. UserID: 158, SchoolID: 250
CourseID: 276
Mappings for course 276: 0
Found student without school trainer. UserID: 160, SchoolID: 250
CourseID: 276
Mappings for course 276: 0
Found student without school trainer. UserID: 163, SchoolID: 308
CourseID: 308
Mappings for course 308: 0
Found student without school trainer. UserID: 164, SchoolID: 310
CourseID: 304
Mappings for course 304: 0
Found student without school trainer. UserID: 165, SchoolID: 308
CourseID: 311
Mappings for course 311: 0
Found student without school trainer. UserID: 166, SchoolID: 250
CourseID: 276
Mappings for course 276: 0
Found student without school trainer. UserID: 167, SchoolID: 250
CourseID: 276
Mappings for course 276: 0
Found student without school trainer. UserID: 168, SchoolID: 250
CourseID: 276
Mappings for course 276: 0
Found student without school trainer. UserID: 173, SchoolID: 250
CourseID: 276
Mappings for course 276: 0
Found student without school trainer. UserID: 174, SchoolID: 250
CourseID: 276
Mappings for course 276: 0
Found student without school trainer. UserID: 175, SchoolID: 250
CourseID: 276
Mappings for course 276: 0
Found student without school trainer. UserID: 176, SchoolID: 250
CourseID: 276
Mappings for course 276: 0
Found student without school trainer. UserID: 177, SchoolID: 250
CourseID: 276
Mappings for course 276: 0
Found student without school trainer. UserID: 178, SchoolID: 250
CourseID: 276
Mappings for course 276: 0
Found student without school trainer. UserID: 179, SchoolID: 250
CourseID: 276
Mappings for course 276: 0
Found student without school trainer. UserID: 180, SchoolID: 250
CourseID: 276
Mappings for course 276: 0
Found student without school trainer. UserID: 181, SchoolID: 308
CourseID: 308
Mappings for course 308: 0
Found student without school trainer. UserID: 183, SchoolID: 308
CourseID: 311
Mappings for course 311: 0
Found student without school trainer. UserID: 184, SchoolID: 250
CourseID: 276
Mappings for course 276: 0
Found student without school trainer. UserID: 185, SchoolID: 250
CourseID: 0
Found student without school trainer. UserID: 186, SchoolID: 250
CourseID: 0
Found student without school trainer. UserID: 187, SchoolID: 308
CourseID: 311
Mappings for course 311: 0
Found student without school trainer. UserID: 188, SchoolID: 250
CourseID: 0
Found student without school trainer. UserID: 189, SchoolID: 250
CourseID: 0
Found student without school trainer. UserID: 191, SchoolID: 314
CourseID: 0
Found student without school trainer. UserID: 192, SchoolID: 314
CourseID: 0
Found student without school trainer. UserID: 194, SchoolID: 314
CourseID: 0
Found student without school trainer. UserID: 195, SchoolID: 250
CourseID: 276
Mappings for course 276: 0
Found student without school trainer. UserID: 197, SchoolID: 316
CourseID: 323
Mappings for course 323: 0
Found student without school trainer. UserID: 201, SchoolID: 322
CourseID: 326
Mappings for course 326: 0
Found student without school trainer. UserID: 202, SchoolID: 322
CourseID: 326
Mappings for course 326: 0
Found student without school trainer. UserID: 207, SchoolID: 339
CourseID: 330
Mappings for course 330: 0
Found student without school trainer. UserID: 208, SchoolID: 339
CourseID: 330
Mappings for course 330: 0
Found student without school trainer. UserID: 209, SchoolID: 339
CourseID: 330
Mappings for course 330: 0
Found student without school trainer. UserID: 210, SchoolID: 339
CourseID: 330
Mappings for course 330: 0
Found student without school trainer. UserID: 211, SchoolID: 339
CourseID: 330
Mappings for course 330: 0
Found student without school trainer. UserID: 212, SchoolID: 339
CourseID: 330
Mappings for course 330: 0
Found student without school trainer. UserID: 213, SchoolID: 339
CourseID: 330
Mappings for course 330: 0
Found student without school trainer. UserID: 216, SchoolID: 372
CourseID: 341
Mappings for course 341: 0
Found student without school trainer. UserID: 217, SchoolID: 362
CourseID: 341
Mappings for course 341: 0
Found student without school trainer. UserID: 218, SchoolID: 362
CourseID: 341
Mappings for course 341: 0
Found student without school trainer. UserID: 219, SchoolID: 362
CourseID: 341
Mappings for course 341: 0
Found student without school trainer. UserID: 220, SchoolID: 362
CourseID: 342
Mappings for course 342: 0
Found student without school trainer. UserID: 221, SchoolID: 362
CourseID: 342
Mappings for course 342: 0
Found student without school trainer. UserID: 222, SchoolID: 362
CourseID: 342
Mappings for course 342: 0
Found student without school trainer. UserID: 223, SchoolID: 362
CourseID: 342
Mappings for course 342: 0
Found student without school trainer. UserID: 224, SchoolID: 362
CourseID: 342
Mappings for course 342: 0
Found student without school trainer. UserID: 225, SchoolID: 362
CourseID: 342
Mappings for course 342: 0
Found student without school trainer. UserID: 226, SchoolID: 362
CourseID: 342
Mappings for course 342: 0
Found student without school trainer. UserID: 227, SchoolID: 362
CourseID: 342
Mappings for course 342: 0
Found student without school trainer. UserID: 228, SchoolID: 362
CourseID: 342
Mappings for course 342: 0
Found student without school trainer. UserID: 229, SchoolID: 362
CourseID: 342
Mappings for course 342: 0
Found student without school trainer. UserID: 230, SchoolID: 362
CourseID: 342
Mappings for course 342: 0
Found student without school trainer. UserID: 231, SchoolID: 362
CourseID: 342
Mappings for course 342: 0
Found student without school trainer. UserID: 232, SchoolID: 362
CourseID: 342
Mappings for course 342: 0
Found student without school trainer. UserID: 233, SchoolID: 362
CourseID: 342
Mappings for course 342: 0
Found student without school trainer. UserID: 234, SchoolID: 362
CourseID: 342
Mappings for course 342: 0
Found student without school trainer. UserID: 235, SchoolID: 362
CourseID: 342
Mappings for course 342: 0
Found student without school trainer. UserID: 236, SchoolID: 362
CourseID: 342
Mappings for course 342: 0
Found student without school trainer. UserID: 237, SchoolID: 362
CourseID: 342
Mappings for course 342: 0
Found student without school trainer. UserID: 238, SchoolID: 362
CourseID: 342
Mappings for course 342: 0
Found student without school trainer. UserID: 239, SchoolID: 362
CourseID: 342
Mappings for course 342: 0
Found student without school trainer. UserID: 240, SchoolID: 362
CourseID: 343
Mappings for course 343: 0
Found student without school trainer. UserID: 241, SchoolID: 362
CourseID: 343
Mappings for course 343: 0
Found student without school trainer. UserID: 242, SchoolID: 362
CourseID: 343
Mappings for course 343: 0
Found student without school trainer. UserID: 243, SchoolID: 362
CourseID: 343
Mappings for course 343: 0
Found student without school trainer. UserID: 244, SchoolID: 362
CourseID: 343
Mappings for course 343: 0
Found student without school trainer. UserID: 245, SchoolID: 362
CourseID: 343
Mappings for course 343: 0
Found student without school trainer. UserID: 246, SchoolID: 362
CourseID: 343
Mappings for course 343: 0
Found student without school trainer. UserID: 247, SchoolID: 362
CourseID: 343
Mappings for course 343: 0
Found student without school trainer. UserID: 248, SchoolID: 362
CourseID: 343
Mappings for course 343: 0
Found student without school trainer. UserID: 249, SchoolID: 362
CourseID: 343
Mappings for course 343: 0
Found student without school trainer. UserID: 250, SchoolID: 362
CourseID: 343
Mappings for course 343: 0
Found student without school trainer. UserID: 251, SchoolID: 362
CourseID: 343
Mappings for course 343: 0
Found student without school trainer. UserID: 252, SchoolID: 362
CourseID: 343
Mappings for course 343: 0
Found student without school trainer. UserID: 253, SchoolID: 362
CourseID: 343
Mappings for course 343: 0
Found student without school trainer. UserID: 254, SchoolID: 362
CourseID: 343
Mappings for course 343: 0
Found student without school trainer. UserID: 255, SchoolID: 362
CourseID: 343
Mappings for course 343: 0
Found student without school trainer. UserID: 256, SchoolID: 362
CourseID: 343
Mappings for course 343: 0
Found student without school trainer. UserID: 257, SchoolID: 362
CourseID: 343
Mappings for course 343: 0
Found student without school trainer. UserID: 258, SchoolID: 362
CourseID: 343
Mappings for course 343: 0
Found student without school trainer. UserID: 259, SchoolID: 362
CourseID: 343
Mappings for course 343: 0
Found student without school trainer. UserID: 260, SchoolID: 362
CourseID: 343
Mappings for course 343: 0
Found student without school trainer. UserID: 261, SchoolID: 362
CourseID: 343
Mappings for course 343: 0
Found student without school trainer. UserID: 262, SchoolID: 362
CourseID: 343
Mappings for course 343: 0
Found student without school trainer. UserID: 263, SchoolID: 362
CourseID: 343
Mappings for course 343: 0
Found student without school trainer. UserID: 264, SchoolID: 362
CourseID: 343
Mappings for course 343: 0
Found student without school trainer. UserID: 265, SchoolID: 362
CourseID: 343
Mappings for course 343: 0
Found student without school trainer. UserID: 266, SchoolID: 362
CourseID: 343
Mappings for course 343: 0
Found student without school trainer. UserID: 267, SchoolID: 362
CourseID: 344
Mappings for course 344: 0
Found student without school trainer. UserID: 268, SchoolID: 362
CourseID: 344
Mappings for course 344: 0
Found student without school trainer. UserID: 269, SchoolID: 362
CourseID: 344
Mappings for course 344: 0
Found student without school trainer. UserID: 270, SchoolID: 362
CourseID: 344
Mappings for course 344: 0
Found student without school trainer. UserID: 271, SchoolID: 362
CourseID: 344
Mappings for course 344: 0
Found student without school trainer. UserID: 272, SchoolID: 362
CourseID: 344
Mappings for course 344: 0
Found student without school trainer. UserID: 273, SchoolID: 362
CourseID: 344
Mappings for course 344: 0
Found student without school trainer. UserID: 274, SchoolID: 362
CourseID: 344
Mappings for course 344: 0
Found student without school trainer. UserID: 275, SchoolID: 362
CourseID: 344
Mappings for course 344: 0
Found student without school trainer. UserID: 276, SchoolID: 362
CourseID: 344
Mappings for course 344: 0
Found student without school trainer. UserID: 277, SchoolID: 362
CourseID: 344
Mappings for course 344: 0
Found student without school trainer. UserID: 278, SchoolID: 362
CourseID: 344
Mappings for course 344: 0
Found student without school trainer. UserID: 279, SchoolID: 362
CourseID: 344
Mappings for course 344: 0
Found student without school trainer. UserID: 280, SchoolID: 362
CourseID: 344
Mappings for course 344: 0
Found student without school trainer. UserID: 281, SchoolID: 362
CourseID: 344
Mappings for course 344: 0
Found student without school trainer. UserID: 282, SchoolID: 362
CourseID: 344
Mappings for course 344: 0
Found student without school trainer. UserID: 283, SchoolID: 362
CourseID: 344
Mappings for course 344: 0
Found student without school trainer. UserID: 284, SchoolID: 362
CourseID: 344
Mappings for course 344: 0
Found student without school trainer. UserID: 285, SchoolID: 362
CourseID: 344
Mappings for course 344: 0
Found student without school trainer. UserID: 286, SchoolID: 362
CourseID: 344
Mappings for course 344: 0
Found student without school trainer. UserID: 287, SchoolID: 362
CourseID: 344
Mappings for course 344: 0
Found student without school trainer. UserID: 288, SchoolID: 362
CourseID: 344
Mappings for course 344: 0
Found student without school trainer. UserID: 289, SchoolID: 362
CourseID: 344
Mappings for course 344: 0
Found student without school trainer. UserID: 290, SchoolID: 362
CourseID: 344
Mappings for course 344: 0
Found student without school trainer. UserID: 291, SchoolID: 362
CourseID: 344
Mappings for course 344: 0
Found student without school trainer. UserID: 292, SchoolID: 362
CourseID: 344
Mappings for course 344: 0
Found student without school trainer. UserID: 293, SchoolID: 362
CourseID: 344
Mappings for course 344: 0
Found student without school trainer. UserID: 294, SchoolID: 362
CourseID: 344
Mappings for course 344: 0
Found student without school trainer. UserID: 295, SchoolID: 362
CourseID: 344
Mappings for course 344: 0
Found student without school trainer. UserID: 296, SchoolID: 362
CourseID: 344
Mappings for course 344: 0
Found student without school trainer. UserID: 297, SchoolID: 362
CourseID: 344
Mappings for course 344: 0
Found student without school trainer. UserID: 298, SchoolID: 362
CourseID: 344
Mappings for course 344: 0
Found student without school trainer. UserID: 299, SchoolID: 362
CourseID: 344
Mappings for course 344: 0
Found student without school trainer. UserID: 300, SchoolID: 362
CourseID: 344
Mappings for course 344: 0
Found student without school trainer. UserID: 301, SchoolID: 362
CourseID: 344
Mappings for course 344: 0
Found student without school trainer. UserID: 302, SchoolID: 362
CourseID: 344
Mappings for course 344: 0
Found student without school trainer. UserID: 303, SchoolID: 362
CourseID: 344
Mappings for course 344: 0
Found student without school trainer. UserID: 304, SchoolID: 362
CourseID: 344
Mappings for course 344: 0
Found student without school trainer. UserID: 305, SchoolID: 362
CourseID: 344
Mappings for course 344: 0
Found student without school trainer. UserID: 306, SchoolID: 362
CourseID: 344
Mappings for course 344: 0
Found student without school trainer. UserID: 307, SchoolID: 362
CourseID: 344
Mappings for course 344: 0
Found student without school trainer. UserID: 308, SchoolID: 362
CourseID: 344
Mappings for course 344: 0
Found student without school trainer. UserID: 309, SchoolID: 362
CourseID: 344
Mappings for course 344: 0
Found student without school trainer. UserID: 310, SchoolID: 362
CourseID: 344
Mappings for course 344: 0
Found student without school trainer. UserID: 311, SchoolID: 362
CourseID: 344
Mappings for course 344: 0
Found student without school trainer. UserID: 312, SchoolID: 362
CourseID: 344
Mappings for course 344: 0
Found student without school trainer. UserID: 313, SchoolID: 362
CourseID: 344
Mappings for course 344: 0
Found student without school trainer. UserID: 314, SchoolID: 362
CourseID: 344
Mappings for course 344: 0
Found student without school trainer. UserID: 315, SchoolID: 362
CourseID: 344
Mappings for course 344: 0
Found student without school trainer. UserID: 316, SchoolID: 362
CourseID: 345
Mappings for course 345: 0
Found student without school trainer. UserID: 317, SchoolID: 362
CourseID: 345
Mappings for course 345: 0
Found student without school trainer. UserID: 318, SchoolID: 362
CourseID: 345
Mappings for course 345: 0
Found student without school trainer. UserID: 319, SchoolID: 362
CourseID: 345
Mappings for course 345: 0
Found student without school trainer. UserID: 320, SchoolID: 362
CourseID: 345
Mappings for course 345: 0
Found student without school trainer. UserID: 321, SchoolID: 362
CourseID: 345
Mappings for course 345: 0
Found student without school trainer. UserID: 322, SchoolID: 362
CourseID: 345
Mappings for course 345: 0
Found student without school trainer. UserID: 323, SchoolID: 362
CourseID: 345
Mappings for course 345: 0
Found student without school trainer. UserID: 324, SchoolID: 362
CourseID: 345
Mappings for course 345: 0
Found student without school trainer. UserID: 325, SchoolID: 362
CourseID: 345
Mappings for course 345: 0
Found student without school trainer. UserID: 326, SchoolID: 362
CourseID: 345
Mappings for course 345: 0
Found student without school trainer. UserID: 327, SchoolID: 362
CourseID: 345
Mappings for course 345: 0
Found student without school trainer. UserID: 328, SchoolID: 362
CourseID: 345
Mappings for course 345: 0
Found student without school trainer. UserID: 329, SchoolID: 362
CourseID: 345
Mappings for course 345: 0
Found student without school trainer. UserID: 330, SchoolID: 362
CourseID: 345
Mappings for course 345: 0
Found student without school trainer. UserID: 331, SchoolID: 362
CourseID: 345
Mappings for course 345: 0
Found student without school trainer. UserID: 332, SchoolID: 362
CourseID: 345
Mappings for course 345: 0
Found student without school trainer. UserID: 333, SchoolID: 362
CourseID: 345
Mappings for course 345: 0
Found student without school trainer. UserID: 334, SchoolID: 362
CourseID: 345
Mappings for course 345: 0
Found student without school trainer. UserID: 335, SchoolID: 362
CourseID: 345
Mappings for course 345: 0
Found student without school trainer. UserID: 336, SchoolID: 362
CourseID: 345
Mappings for course 345: 0
Found student without school trainer. UserID: 337, SchoolID: 362
CourseID: 345
Mappings for course 345: 0
Found student without school trainer. UserID: 338, SchoolID: 362
CourseID: 345
Mappings for course 345: 0
Found student without school trainer. UserID: 339, SchoolID: 362
CourseID: 345
Mappings for course 345: 0
Found student without school trainer. UserID: 340, SchoolID: 362
CourseID: 345
Mappings for course 345: 0
Found student without school trainer. UserID: 341, SchoolID: 362
CourseID: 345
Mappings for course 345: 0
Found student without school trainer. UserID: 342, SchoolID: 362
CourseID: 345
Mappings for course 345: 0
Found student without school trainer. UserID: 343, SchoolID: 362
CourseID: 345
Mappings for course 345: 0
Found student without school trainer. UserID: 344, SchoolID: 362
CourseID: 345
Mappings for course 345: 0
Found student without school trainer. UserID: 345, SchoolID: 362
CourseID: 345
Mappings for course 345: 0
Found student without school trainer. UserID: 346, SchoolID: 362
CourseID: 345
Mappings for course 345: 0
Found student without school trainer. UserID: 347, SchoolID: 362
CourseID: 345
Mappings for course 345: 0
Found student without school trainer. UserID: 348, SchoolID: 362
CourseID: 345
Mappings for course 345: 0
Found student without school trainer. UserID: 349, SchoolID: 362
CourseID: 345
Mappings for course 345: 0
Found student without school trainer. UserID: 350, SchoolID: 362
CourseID: 345
Mappings for course 345: 0
Found student without school trainer. UserID: 351, SchoolID: 362
CourseID: 345
Mappings for course 345: 0
Found student without school trainer. UserID: 352, SchoolID: 362
CourseID: 345
Mappings for course 345: 0
Found student without school trainer. UserID: 353, SchoolID: 362
CourseID: 345
Mappings for course 345: 0
Found student without school trainer. UserID: 354, SchoolID: 362
CourseID: 345
Mappings for course 345: 0
Found student without school trainer. UserID: 355, SchoolID: 362
CourseID: 345
Mappings for course 345: 0
Found student without school trainer. UserID: 356, SchoolID: 362
CourseID: 345
Mappings for course 345: 0
Found student without school trainer. UserID: 357, SchoolID: 362
CourseID: 345
Mappings for course 345: 0
Found student without school trainer. UserID: 358, SchoolID: 362
CourseID: 345
Mappings for course 345: 0
Found student without school trainer. UserID: 359, SchoolID: 362
CourseID: 345
Mappings for course 345: 0
Found student without school trainer. UserID: 360, SchoolID: 362
CourseID: 345
Mappings for course 345: 0
Found student without school trainer. UserID: 361, SchoolID: 362
CourseID: 345
Mappings for course 345: 0
Found student without school trainer. UserID: 362, SchoolID: 362
CourseID: 345
Mappings for course 345: 0
Found student without school trainer. UserID: 363, SchoolID: 362
CourseID: 345
Mappings for course 345: 0
Found student without school trainer. UserID: 364, SchoolID: 362
CourseID: 345
Mappings for course 345: 0
Found student without school trainer. UserID: 365, SchoolID: 362
CourseID: 345
Mappings for course 345: 0
Found student without school trainer. UserID: 366, SchoolID: 362
CourseID: 345
Mappings for course 345: 0
Found student without school trainer. UserID: 367, SchoolID: 362
CourseID: 345
Mappings for course 345: 0
Found student without school trainer. UserID: 368, SchoolID: 362
CourseID: 345
Mappings for course 345: 0
Found student without school trainer. UserID: 369, SchoolID: 362
CourseID: 345
Mappings for course 345: 0
Found student without school trainer. UserID: 370, SchoolID: 362
CourseID: 345
Mappings for course 345: 0
Found student without school trainer. UserID: 371, SchoolID: 362
CourseID: 345
Mappings for course 345: 0
Found student without school trainer. UserID: 372, SchoolID: 362
CourseID: 345
Mappings for course 345: 0
Found student without school trainer. UserID: 373, SchoolID: 362
CourseID: 345
Mappings for course 345: 0
Found student without school trainer. UserID: 374, SchoolID: 362
CourseID: 345
Mappings for course 345: 0
Found student without school trainer. UserID: 375, SchoolID: 362
CourseID: 345
Mappings for course 345: 0
Found student without school trainer. UserID: 376, SchoolID: 362
CourseID: 345
Mappings for course 345: 0
Found student without school trainer. UserID: 377, SchoolID: 362
CourseID: 345
Mappings for course 345: 0
Found student without school trainer. UserID: 378, SchoolID: 362
CourseID: 345
Mappings for course 345: 0
Found student without school trainer. UserID: 379, SchoolID: 362
CourseID: 346
Mappings for course 346: 0
Found student without school trainer. UserID: 380, SchoolID: 362
CourseID: 346
Mappings for course 346: 0
Found student without school trainer. UserID: 381, SchoolID: 362
CourseID: 346
Mappings for course 346: 0
Found student without school trainer. UserID: 382, SchoolID: 362
CourseID: 346
Mappings for course 346: 0
Found student without school trainer. UserID: 383, SchoolID: 362
CourseID: 346
Mappings for course 346: 0
Found student without school trainer. UserID: 384, SchoolID: 362
CourseID: 346
Mappings for course 346: 0
Found student without school trainer. UserID: 385, SchoolID: 362
CourseID: 346
Mappings for course 346: 0
Found student without school trainer. UserID: 386, SchoolID: 362
CourseID: 346
Mappings for course 346: 0
Found student without school trainer. UserID: 387, SchoolID: 362
CourseID: 346
Mappings for course 346: 0
Found student without school trainer. UserID: 388, SchoolID: 362
CourseID: 346
Mappings for course 346: 0
Found student without school trainer. UserID: 389, SchoolID: 362
CourseID: 346
Mappings for course 346: 0
Found student without school trainer. UserID: 390, SchoolID: 362
CourseID: 346
Mappings for course 346: 0
Found student without school trainer. UserID: 391, SchoolID: 362
CourseID: 346
Mappings for course 346: 0
Found student without school trainer. UserID: 392, SchoolID: 362
CourseID: 346
Mappings for course 346: 0
Found student without school trainer. UserID: 393, SchoolID: 362
CourseID: 346
Mappings for course 346: 0
Found student without school trainer. UserID: 394, SchoolID: 362
CourseID: 346
Mappings for course 346: 0
Found student without school trainer. UserID: 395, SchoolID: 362
CourseID: 346
Mappings for course 346: 0
Found student without school trainer. UserID: 396, SchoolID: 362
CourseID: 346
Mappings for course 346: 0
Found student without school trainer. UserID: 397, SchoolID: 362
CourseID: 346
Mappings for course 346: 0
Found student without school trainer. UserID: 398, SchoolID: 362
CourseID: 346
Mappings for course 346: 0
Found student without school trainer. UserID: 399, SchoolID: 362
CourseID: 346
Mappings for course 346: 0
Found student without school trainer. UserID: 400, SchoolID: 362
CourseID: 346
Mappings for course 346: 0
Found student without school trainer. UserID: 401, SchoolID: 362
CourseID: 346
Mappings for course 346: 0
Found student without school trainer. UserID: 402, SchoolID: 362
CourseID: 346
Mappings for course 346: 0
Found student without school trainer. UserID: 403, SchoolID: 362
CourseID: 346
Mappings for course 346: 0
Found student without school trainer. UserID: 404, SchoolID: 362
CourseID: 346
Mappings for course 346: 0
Found student without school trainer. UserID: 405, SchoolID: 362
CourseID: 346
Mappings for course 346: 0
Found student without school trainer. UserID: 406, SchoolID: 362
CourseID: 346
Mappings for course 346: 0
Found student without school trainer. UserID: 407, SchoolID: 362
CourseID: 346
Mappings for course 346: 0
Found student without school trainer. UserID: 408, SchoolID: 362
CourseID: 346
Mappings for course 346: 0
Found student without school trainer. UserID: 409, SchoolID: 362
CourseID: 346
Mappings for course 346: 0
Found student without school trainer. UserID: 410, SchoolID: 362
CourseID: 346
Mappings for course 346: 0
Found student without school trainer. UserID: 411, SchoolID: 362
CourseID: 346
Mappings for course 346: 0
Found student without school trainer. UserID: 412, SchoolID: 362
CourseID: 346
Mappings for course 346: 0
Found student without school trainer. UserID: 413, SchoolID: 362
CourseID: 346
Mappings for course 346: 0
Found student without school trainer. UserID: 414, SchoolID: 362
CourseID: 346
Mappings for course 346: 0
Found student without school trainer. UserID: 415, SchoolID: 362
CourseID: 346
Mappings for course 346: 0
Found student without school trainer. UserID: 416, SchoolID: 362
CourseID: 346
Mappings for course 346: 0
Found student without school trainer. UserID: 417, SchoolID: 362
CourseID: 346
Mappings for course 346: 0
Found student without school trainer. UserID: 418, SchoolID: 362
CourseID: 346
Mappings for course 346: 0
Found student without school trainer. UserID: 419, SchoolID: 362
CourseID: 346
Mappings for course 346: 0
Found student without school trainer. UserID: 420, SchoolID: 362
CourseID: 346
Mappings for course 346: 0
Found student without school trainer. UserID: 421, SchoolID: 362
CourseID: 346
Mappings for course 346: 0
Found student without school trainer. UserID: 422, SchoolID: 362
CourseID: 346
Mappings for course 346: 0
Found student without school trainer. UserID: 423, SchoolID: 362
CourseID: 346
Mappings for course 346: 0
Found student without school trainer. UserID: 424, SchoolID: 362
CourseID: 346
Mappings for course 346: 0
Found student without school trainer. UserID: 425, SchoolID: 362
CourseID: 346
Mappings for course 346: 0
Found student without school trainer. UserID: 426, SchoolID: 362
CourseID: 346
Mappings for course 346: 0
Found student without school trainer. UserID: 427, SchoolID: 362
CourseID: 346
Mappings for course 346: 0
Found student without school trainer. UserID: 428, SchoolID: 362
CourseID: 346
Mappings for course 346: 0
Found student without school trainer. UserID: 429, SchoolID: 362
CourseID: 346
Mappings for course 346: 0
Found student without school trainer. UserID: 430, SchoolID: 362
CourseID: 346
Mappings for course 346: 0
Found student without school trainer. UserID: 431, SchoolID: 362
CourseID: 346
Mappings for course 346: 0
Found student without school trainer. UserID: 432, SchoolID: 362
CourseID: 346
Mappings for course 346: 0
Found student without school trainer. UserID: 433, SchoolID: 362
CourseID: 346
Mappings for course 346: 0
Found student without school trainer. UserID: 434, SchoolID: 362
CourseID: 346
Mappings for course 346: 0
Found student without school trainer. UserID: 435, SchoolID: 362
CourseID: 346
Mappings for course 346: 0
Found student without school trainer. UserID: 436, SchoolID: 362
CourseID: 346
Mappings for course 346: 0
Found student without school trainer. UserID: 437, SchoolID: 362
CourseID: 346
Mappings for course 346: 0
Found student without school trainer. UserID: 438, SchoolID: 362
CourseID: 346
Mappings for course 346: 0
Found student without school trainer. UserID: 439, SchoolID: 362
CourseID: 346
Mappings for course 346: 0
Found student without school trainer. UserID: 440, SchoolID: 362
CourseID: 346
Mappings for course 346: 0
Found student without school trainer. UserID: 441, SchoolID: 362
CourseID: 346
Mappings for course 346: 0
Found student without school trainer. UserID: 442, SchoolID: 362
CourseID: 346
Mappings for course 346: 0
Found student without school trainer. UserID: 443, SchoolID: 362
CourseID: 347
Mappings for course 347: 0
Found student without school trainer. UserID: 444, SchoolID: 362
CourseID: 347
Mappings for course 347: 0
Found student without school trainer. UserID: 445, SchoolID: 362
CourseID: 347
Mappings for course 347: 0
Found student without school trainer. UserID: 446, SchoolID: 362
CourseID: 347
Mappings for course 347: 0
Found student without school trainer. UserID: 447, SchoolID: 362
CourseID: 347
Mappings for course 347: 0
Found student without school trainer. UserID: 448, SchoolID: 362
CourseID: 347
Mappings for course 347: 0
Found student without school trainer. UserID: 449, SchoolID: 362
CourseID: 347
Mappings for course 347: 0
Found student without school trainer. UserID: 450, SchoolID: 362
CourseID: 347
Mappings for course 347: 0
Found student without school trainer. UserID: 451, SchoolID: 362
CourseID: 347
Mappings for course 347: 0
Found student without school trainer. UserID: 452, SchoolID: 362
CourseID: 347
Mappings for course 347: 0
Found student without school trainer. UserID: 453, SchoolID: 362
CourseID: 347
Mappings for course 347: 0
Found student without school trainer. UserID: 454, SchoolID: 362
CourseID: 347
Mappings for course 347: 0
Found student without school trainer. UserID: 455, SchoolID: 362
CourseID: 347
Mappings for course 347: 0
Found student without school trainer. UserID: 456, SchoolID: 362
CourseID: 347
Mappings for course 347: 0
Found student without school trainer. UserID: 457, SchoolID: 362
CourseID: 347
Mappings for course 347: 0
Found student without school trainer. UserID: 458, SchoolID: 362
CourseID: 347
Mappings for course 347: 0
Found student without school trainer. UserID: 459, SchoolID: 362
CourseID: 347
Mappings for course 347: 0
Found student without school trainer. UserID: 460, SchoolID: 362
CourseID: 347
Mappings for course 347: 0
Found student without school trainer. UserID: 461, SchoolID: 362
CourseID: 347
Mappings for course 347: 0
Found student without school trainer. UserID: 462, SchoolID: 362
CourseID: 347
Mappings for course 347: 0
Found student without school trainer. UserID: 463, SchoolID: 362
CourseID: 347
Mappings for course 347: 0
Found student without school trainer. UserID: 464, SchoolID: 362
CourseID: 347
Mappings for course 347: 0
Found student without school trainer. UserID: 465, SchoolID: 362
CourseID: 347
Mappings for course 347: 0
Found student without school trainer. UserID: 466, SchoolID: 362
CourseID: 347
Mappings for course 347: 0
Found student without school trainer. UserID: 467, SchoolID: 362
CourseID: 347
Mappings for course 347: 0
Found student without school trainer. UserID: 468, SchoolID: 362
CourseID: 347
Mappings for course 347: 0
Found student without school trainer. UserID: 469, SchoolID: 362
CourseID: 347
Mappings for course 347: 0
Found student without school trainer. UserID: 470, SchoolID: 362
CourseID: 347
Mappings for course 347: 0
Found student without school trainer. UserID: 471, SchoolID: 362
CourseID: 347
Mappings for course 347: 0
Found student without school trainer. UserID: 472, SchoolID: 362
CourseID: 347
Mappings for course 347: 0
Found student without school trainer. UserID: 473, SchoolID: 362
CourseID: 347
Mappings for course 347: 0
Found student without school trainer. UserID: 474, SchoolID: 362
CourseID: 347
Mappings for course 347: 0
Found student without school trainer. UserID: 475, SchoolID: 362
CourseID: 347
Mappings for course 347: 0
Found student without school trainer. UserID: 476, SchoolID: 362
CourseID: 347
Mappings for course 347: 0
Found student without school trainer. UserID: 477, SchoolID: 362
CourseID: 347
Mappings for course 347: 0
Found student without school trainer. UserID: 478, SchoolID: 362
CourseID: 347
Mappings for course 347: 0
Found student without school trainer. UserID: 479, SchoolID: 362
CourseID: 347
Mappings for course 347: 0
Found student without school trainer. UserID: 480, SchoolID: 362
CourseID: 347
Mappings for course 347: 0
Found student without school trainer. UserID: 481, SchoolID: 362
CourseID: 347
Mappings for course 347: 0
Found student without school trainer. UserID: 482, SchoolID: 362
CourseID: 347
Mappings for course 347: 0
Found student without school trainer. UserID: 483, SchoolID: 362
CourseID: 347
Mappings for course 347: 0
Found student without school trainer. UserID: 484, SchoolID: 362
CourseID: 347
Mappings for course 347: 0
Found student without school trainer. UserID: 485, SchoolID: 362
CourseID: 347
Mappings for course 347: 0
Found student without school trainer. UserID: 486, SchoolID: 362
CourseID: 347
Mappings for course 347: 0
Found student without school trainer. UserID: 487, SchoolID: 362
CourseID: 347
Mappings for course 347: 0
Found student without school trainer. UserID: 488, SchoolID: 362
CourseID: 347
Mappings for course 347: 0
Found student without school trainer. UserID: 489, SchoolID: 362
CourseID: 347
Mappings for course 347: 0
Found student without school trainer. UserID: 490, SchoolID: 362
CourseID: 347
Mappings for course 347: 0
Found student without school trainer. UserID: 491, SchoolID: 362
CourseID: 347
Mappings for course 347: 0
Found student without school trainer. UserID: 492, SchoolID: 362
CourseID: 347
Mappings for course 347: 0
Found student without school trainer. UserID: 493, SchoolID: 362
CourseID: 347
Mappings for course 347: 0
Found student without school trainer. UserID: 494, SchoolID: 362
CourseID: 347
Mappings for course 347: 0
Found student without school trainer. UserID: 495, SchoolID: 362
CourseID: 347
Mappings for course 347: 0
Found student without school trainer. UserID: 496, SchoolID: 362
CourseID: 347
Mappings for course 347: 0
Found student without school trainer. UserID: 497, SchoolID: 362
CourseID: 348
Mappings for course 348: 0
Found student without school trainer. UserID: 498, SchoolID: 362
CourseID: 348
Mappings for course 348: 0
Found student without school trainer. UserID: 499, SchoolID: 362
CourseID: 348
Mappings for course 348: 0
Found student without school trainer. UserID: 500, SchoolID: 362
CourseID: 348
Mappings for course 348: 0
Found student without school trainer. UserID: 501, SchoolID: 362
CourseID: 348
Mappings for course 348: 0
Found student without school trainer. UserID: 502, SchoolID: 362
CourseID: 348
Mappings for course 348: 0
Found student without school trainer. UserID: 503, SchoolID: 362
CourseID: 348
Mappings for course 348: 0
Found student without school trainer. UserID: 504, SchoolID: 362
CourseID: 348
Mappings for course 348: 0
Found student without school trainer. UserID: 505, SchoolID: 362
CourseID: 348
Mappings for course 348: 0
Found student without school trainer. UserID: 506, SchoolID: 362
CourseID: 348
Mappings for course 348: 0
Found student without school trainer. UserID: 507, SchoolID: 362
CourseID: 348
Mappings for course 348: 0
Found student without school trainer. UserID: 508, SchoolID: 362
CourseID: 348
Mappings for course 348: 0
Found student without school trainer. UserID: 509, SchoolID: 362
CourseID: 348
Mappings for course 348: 0
Found student without school trainer. UserID: 510, SchoolID: 362
CourseID: 348
Mappings for course 348: 0
Found student without school trainer. UserID: 511, SchoolID: 362
CourseID: 348
Mappings for course 348: 0
Found student without school trainer. UserID: 512, SchoolID: 362
CourseID: 348
Mappings for course 348: 0
Found student without school trainer. UserID: 513, SchoolID: 362
CourseID: 348
Mappings for course 348: 0
Found student without school trainer. UserID: 514, SchoolID: 362
CourseID: 348
Mappings for course 348: 0
Found student without school trainer. UserID: 515, SchoolID: 362
CourseID: 348
Mappings for course 348: 0
Found student without school trainer. UserID: 516, SchoolID: 362
CourseID: 348
Mappings for course 348: 0
Found student without school trainer. UserID: 517, SchoolID: 362
CourseID: 348
Mappings for course 348: 0
Found student without school trainer. UserID: 518, SchoolID: 362
CourseID: 348
Mappings for course 348: 0
Found student without school trainer. UserID: 519, SchoolID: 362
CourseID: 348
Mappings for course 348: 0
Found student without school trainer. UserID: 520, SchoolID: 362
CourseID: 348
Mappings for course 348: 0
Found student without school trainer. UserID: 521, SchoolID: 362
CourseID: 348
Mappings for course 348: 0
Found student without school trainer. UserID: 522, SchoolID: 362
CourseID: 348
Mappings for course 348: 0
Found student without school trainer. UserID: 523, SchoolID: 362
CourseID: 348
Mappings for course 348: 0
Found student without school trainer. UserID: 524, SchoolID: 362
CourseID: 348
Mappings for course 348: 0
Found student without school trainer. UserID: 525, SchoolID: 362
CourseID: 348
Mappings for course 348: 0
Found student without school trainer. UserID: 526, SchoolID: 362
CourseID: 348
Mappings for course 348: 0
Found student without school trainer. UserID: 527, SchoolID: 362
CourseID: 348
Mappings for course 348: 0
Found student without school trainer. UserID: 528, SchoolID: 362
CourseID: 348
Mappings for course 348: 0
Found student without school trainer. UserID: 529, SchoolID: 362
CourseID: 348
Mappings for course 348: 0
Found student without school trainer. UserID: 530, SchoolID: 362
CourseID: 348
Mappings for course 348: 0
Found student without school trainer. UserID: 531, SchoolID: 362
CourseID: 348
Mappings for course 348: 0
Found student without school trainer. UserID: 532, SchoolID: 362
CourseID: 348
Mappings for course 348: 0
Found student without school trainer. UserID: 533, SchoolID: 362
CourseID: 348
Mappings for course 348: 0
Found student without school trainer. UserID: 534, SchoolID: 362
CourseID: 348
Mappings for course 348: 0
Found student without school trainer. UserID: 535, SchoolID: 362
CourseID: 348
Mappings for course 348: 0
Found student without school trainer. UserID: 536, SchoolID: 362
CourseID: 348
Mappings for course 348: 0
Found student without school trainer. UserID: 539, SchoolID: 372
CourseID: 346
Mappings for course 346: 0
Found student without school trainer. UserID: 540, SchoolID: 372
CourseID: 346
Mappings for course 346: 0
Found student without school trainer. UserID: 541, SchoolID: 372
CourseID: 346
Mappings for course 346: 0
Found student without school trainer. UserID: 542, SchoolID: 372
CourseID: 346
Mappings for course 346: 0
Found student without school trainer. UserID: 543, SchoolID: 372
CourseID: 346
Mappings for course 346: 0
Found student without school trainer. UserID: 544, SchoolID: 372
CourseID: 346
Mappings for course 346: 0
Found student without school trainer. UserID: 545, SchoolID: 372
CourseID: 346
Mappings for course 346: 0
Found student without school trainer. UserID: 546, SchoolID: 372
CourseID: 346
Mappings for course 346: 0
Found student without school trainer. UserID: 547, SchoolID: 372
CourseID: 346
Mappings for course 346: 0
Found student without school trainer. UserID: 548, SchoolID: 372
CourseID: 346
Mappings for course 346: 0
Found student without school trainer. UserID: 549, SchoolID: 372
CourseID: 346
Mappings for course 346: 0
Found student without school trainer. UserID: 550, SchoolID: 372
CourseID: 346
Mappings for course 346: 0
Found student without school trainer. UserID: 551, SchoolID: 372
CourseID: 346
Mappings for course 346: 0
Found student without school trainer. UserID: 552, SchoolID: 372
CourseID: 346
Mappings for course 346: 0
Found student without school trainer. UserID: 553, SchoolID: 372
CourseID: 346
Mappings for course 346: 0
Found student without school trainer. UserID: 554, SchoolID: 372
CourseID: 346
Mappings for course 346: 0
Found student without school trainer. UserID: 555, SchoolID: 372
CourseID: 346
Mappings for course 346: 0
Found student without school trainer. UserID: 556, SchoolID: 372
CourseID: 346
Mappings for course 346: 0
Found student without school trainer. UserID: 557, SchoolID: 372
CourseID: 346
Mappings for course 346: 0
Found student without school trainer. UserID: 558, SchoolID: 372
CourseID: 347
Mappings for course 347: 0
Found student without school trainer. UserID: 559, SchoolID: 372
CourseID: 347
Mappings for course 347: 0
Found student without school trainer. UserID: 560, SchoolID: 372
CourseID: 347
Mappings for course 347: 0
Found student without school trainer. UserID: 561, SchoolID: 372
CourseID: 347
Mappings for course 347: 0
Found student without school trainer. UserID: 562, SchoolID: 372
CourseID: 347
Mappings for course 347: 0
Found student without school trainer. UserID: 563, SchoolID: 372
CourseID: 347
Mappings for course 347: 0
Found student without school trainer. UserID: 564, SchoolID: 372
CourseID: 347
Mappings for course 347: 0
Found student without school trainer. UserID: 565, SchoolID: 372
CourseID: 347
Mappings for course 347: 0
Found student without school trainer. UserID: 566, SchoolID: 372
CourseID: 347
Mappings for course 347: 0
Found student without school trainer. UserID: 567, SchoolID: 372
CourseID: 347
Mappings for course 347: 0
Found student without school trainer. UserID: 568, SchoolID: 372
CourseID: 347
Mappings for course 347: 0
Found student without school trainer. UserID: 569, SchoolID: 372
CourseID: 347
Mappings for course 347: 0
Found student without school trainer. UserID: 570, SchoolID: 372
CourseID: 347
Mappings for course 347: 0
Found student without school trainer. UserID: 571, SchoolID: 372
CourseID: 347
Mappings for course 347: 0
Found student without school trainer. UserID: 572, SchoolID: 372
CourseID: 347
Mappings for course 347: 0
Found student without school trainer. UserID: 573, SchoolID: 372
CourseID: 347
Mappings for course 347: 0
Found student without school trainer. UserID: 574, SchoolID: 372
CourseID: 347
Mappings for course 347: 0
Found student without school trainer. UserID: 575, SchoolID: 372
CourseID: 347
Mappings for course 347: 0
Found student without school trainer. UserID: 576, SchoolID: 372
CourseID: 347
Mappings for course 347: 0
Found student without school trainer. UserID: 577, SchoolID: 372
CourseID: 347
Mappings for course 347: 0
Found student without school trainer. UserID: 578, SchoolID: 372
CourseID: 348
Mappings for course 348: 0
Found student without school trainer. UserID: 579, SchoolID: 372
CourseID: 348
Mappings for course 348: 0
Found student without school trainer. UserID: 580, SchoolID: 372
CourseID: 348
Mappings for course 348: 0
Found student without school trainer. UserID: 581, SchoolID: 372
CourseID: 348
Mappings for course 348: 0
Found student without school trainer. UserID: 582, SchoolID: 372
CourseID: 348
Mappings for course 348: 0
Found student without school trainer. UserID: 583, SchoolID: 372
CourseID: 348
Mappings for course 348: 0
Found student without school trainer. UserID: 584, SchoolID: 372
CourseID: 348
Mappings for course 348: 0
Found student without school trainer. UserID: 585, SchoolID: 372
CourseID: 348
Mappings for course 348: 0
Found student without school trainer. UserID: 586, SchoolID: 372
CourseID: 348
Mappings for course 348: 0
Found student without school trainer. UserID: 587, SchoolID: 372
CourseID: 348
Mappings for course 348: 0
Found student without school trainer. UserID: 588, SchoolID: 372
CourseID: 348
Mappings for course 348: 0
Found student without school trainer. UserID: 589, SchoolID: 372
CourseID: 348
Mappings for course 348: 0
Found student without school trainer. UserID: 590, SchoolID: 372
CourseID: 348
Mappings for course 348: 0
Found student without school trainer. UserID: 591, SchoolID: 372
CourseID: 348
Mappings for course 348: 0
Found student without school trainer. UserID: 592, SchoolID: 372
CourseID: 348
Mappings for course 348: 0
Found student without school trainer. UserID: 593, SchoolID: 372
CourseID: 348
Mappings for course 348: 0
Found student without school trainer. UserID: 594, SchoolID: 372
CourseID: 348
Mappings for course 348: 0
Found student without school trainer. UserID: 595, SchoolID: 372
CourseID: 348
Mappings for course 348: 0
Found student without school trainer. UserID: 596, SchoolID: 372
CourseID: 348
Mappings for course 348: 0
Found student without school trainer. UserID: 597, SchoolID: 372
CourseID: 348
Mappings for course 348: 0
Found student without school trainer. UserID: 598, SchoolID: 372
CourseID: 348
Mappings for course 348: 0
Found student without school trainer. UserID: 599, SchoolID: 372
CourseID: 348
Mappings for course 348: 0
Found student without school trainer. UserID: 600, SchoolID: 372
CourseID: 348
Mappings for course 348: 0
Found student without school trainer. UserID: 601, SchoolID: 372
CourseID: 348
Mappings for course 348: 0
Found student without school trainer. UserID: 602, SchoolID: 372
CourseID: 348
Mappings for course 348: 0
Found student without school trainer. UserID: 603, SchoolID: 372
CourseID: 349
Mappings for course 349: 0
Found student without school trainer. UserID: 604, SchoolID: 372
CourseID: 349
Mappings for course 349: 0
Found student without school trainer. UserID: 605, SchoolID: 372
CourseID: 349
Mappings for course 349: 0
Found student without school trainer. UserID: 606, SchoolID: 372
CourseID: 349
Mappings for course 349: 0
Found student without school trainer. UserID: 607, SchoolID: 372
CourseID: 349
Mappings for course 349: 0
Found student without school trainer. UserID: 608, SchoolID: 372
CourseID: 349
Mappings for course 349: 0
Found student without school trainer. UserID: 609, SchoolID: 372
CourseID: 349
Mappings for course 349: 0
Found student without school trainer. UserID: 610, SchoolID: 372
CourseID: 349
Mappings for course 349: 0
Found student without school trainer. UserID: 611, SchoolID: 372
CourseID: 349
Mappings for course 349: 0
Found student without school trainer. UserID: 612, SchoolID: 372
CourseID: 349
Mappings for course 349: 0
Found student without school trainer. UserID: 613, SchoolID: 372
CourseID: 349
Mappings for course 349: 0
Found student without school trainer. UserID: 614, SchoolID: 372
CourseID: 349
Mappings for course 349: 0
Found student without school trainer. UserID: 615, SchoolID: 372
CourseID: 349
Mappings for course 349: 0
Found student without school trainer. UserID: 616, SchoolID: 372
CourseID: 349
Mappings for course 349: 0
Found student without school trainer. UserID: 617, SchoolID: 372
CourseID: 349
Mappings for course 349: 0
Found student without school trainer. UserID: 618, SchoolID: 372
CourseID: 349
Mappings for course 349: 0
Found student without school trainer. UserID: 619, SchoolID: 372
CourseID: 349
Mappings for course 349: 0
Found student without school trainer. UserID: 620, SchoolID: 372
CourseID: 349
Mappings for course 349: 0
Found student without school trainer. UserID: 621, SchoolID: 372
CourseID: 349
Mappings for course 349: 0
Found student without school trainer. UserID: 622, SchoolID: 372
CourseID: 349
Mappings for course 349: 0
Found student without school trainer. UserID: 623, SchoolID: 372
CourseID: 349
Mappings for course 349: 0
Found student without school trainer. UserID: 624, SchoolID: 372
CourseID: 349
Mappings for course 349: 0
Found student without school trainer. UserID: 625, SchoolID: 372
CourseID: 349
Mappings for course 349: 0
Found student without school trainer. UserID: 626, SchoolID: 372
CourseID: 349
Mappings for course 349: 0
Found student without school trainer. UserID: 627, SchoolID: 372
CourseID: 349
Mappings for course 349: 0
Found student without school trainer. UserID: 628, SchoolID: 372
CourseID: 349
Mappings for course 349: 0
Found student without school trainer. UserID: 629, SchoolID: 372
CourseID: 349
Mappings for course 349: 0
Found student without school trainer. UserID: 630, SchoolID: 372
CourseID: 349
Mappings for course 349: 0
Found student without school trainer. UserID: 631, SchoolID: 372
CourseID: 349
Mappings for course 349: 0
Found student without school trainer. UserID: 632, SchoolID: 372
CourseID: 349
Mappings for course 349: 0
Found student without school trainer. UserID: 633, SchoolID: 372
CourseID: 349
Mappings for course 349: 0
Found student without school trainer. UserID: 634, SchoolID: 372
CourseID: 349
Mappings for course 349: 0
Found student without school trainer. UserID: 635, SchoolID: 372
CourseID: 349
Mappings for course 349: 0
Found student without school trainer. UserID: 636, SchoolID: 372
CourseID: 349
Mappings for course 349: 0
Found student without school trainer. UserID: 637, SchoolID: 372
CourseID: 349
Mappings for course 349: 0
Found student without school trainer. UserID: 638, SchoolID: 372
CourseID: 349
Mappings for course 349: 0
Found student without school trainer. UserID: 639, SchoolID: 372
CourseID: 349
Mappings for course 349: 0
Found student without school trainer. UserID: 640, SchoolID: 372
CourseID: 349
Mappings for course 349: 0
Found student without school trainer. UserID: 641, SchoolID: 372
CourseID: 349
Mappings for course 349: 0
Found student without school trainer. UserID: 642, SchoolID: 372
CourseID: 349
Mappings for course 349: 0
Found student without school trainer. UserID: 643, SchoolID: 372
CourseID: 349
Mappings for course 349: 0
Found student without school trainer. UserID: 644, SchoolID: 372
CourseID: 349
Mappings for course 349: 0
Found student without school trainer. UserID: 645, SchoolID: 372
CourseID: 349
Mappings for course 349: 0
Found student without school trainer. UserID: 646, SchoolID: 372
CourseID: 349
Mappings for course 349: 0
Found student without school trainer. UserID: 647, SchoolID: 372
CourseID: 349
Mappings for course 349: 0
Found student without school trainer. UserID: 648, SchoolID: 372
CourseID: 349
Mappings for course 349: 0
Found student without school trainer. UserID: 649, SchoolID: 372
CourseID: 349
Mappings for course 349: 0
Found student without school trainer. UserID: 650, SchoolID: 372
CourseID: 349
Mappings for course 349: 0
Found student without school trainer. UserID: 651, SchoolID: 372
CourseID: 349
Mappings for course 349: 0
Found student without school trainer. UserID: 652, SchoolID: 372
CourseID: 349
Mappings for course 349: 0
Found student without school trainer. UserID: 653, SchoolID: 372
CourseID: 349
Mappings for course 349: 0
Found student without school trainer. UserID: 654, SchoolID: 372
CourseID: 349
Mappings for course 349: 0
Found student without school trainer. UserID: 655, SchoolID: 372
CourseID: 349
Mappings for course 349: 0
Found student without school trainer. UserID: 656, SchoolID: 372
CourseID: 348
Mappings for course 348: 0
Found student without school trainer. UserID: 657, SchoolID: 362
CourseID: 346
Mappings for course 346: 0
Found student without school trainer. UserID: 662, SchoolID: 362
CourseID: 347
Mappings for course 347: 0
Found student without school trainer. UserID: 663, SchoolID: 372
CourseID: 343
Mappings for course 343: 0
Found student without school trainer. UserID: 664, SchoolID: 372
CourseID: 343
Mappings for course 343: 0
Found student without school trainer. UserID: 665, SchoolID: 372
CourseID: 348
Mappings for course 348: 0
Found student without school trainer. UserID: 666, SchoolID: 362
CourseID: 343
Mappings for course 343: 0
Found student without school trainer. UserID: 667, SchoolID: 372
CourseID: 341
Mappings for course 341: 0
Found student without school trainer. UserID: 693, SchoolID: 480
CourseID: 341
Mappings for course 341: 0
Found student without school trainer. UserID: 694, SchoolID: 480
CourseID: 341
Mappings for course 341: 0
Found student without school trainer. UserID: 695, SchoolID: 480
CourseID: 341
Mappings for course 341: 0
Found student without school trainer. UserID: 723, SchoolID: 480
CourseID: 341
Mappings for course 341: 0
Found student without school trainer. UserID: 724, SchoolID: 480
CourseID: 341
Mappings for course 341: 0
Found student without school trainer. UserID: 755, SchoolID: 362
CourseID: 348
Mappings for course 348: 0
Found student without school trainer. UserID: 767, SchoolID: 480
CourseID: 341
Mappings for course 341: 0
Found student without school trainer. UserID: 770, SchoolID: 486
CourseID: 341
Mappings for course 341: 0
Found student without school trainer. UserID: 771, SchoolID: 486
CourseID: 341
Mappings for course 341: 0
Found student without school trainer. UserID: 772, SchoolID: 486
CourseID: 341
Mappings for course 341: 0
Found student without school trainer. UserID: 773, SchoolID: 486
CourseID: 341
Mappings for course 341: 0
Found student without school trainer. UserID: 774, SchoolID: 486
CourseID: 341
Mappings for course 341: 0
Found student without school trainer. UserID: 775, SchoolID: 486
CourseID: 341
Mappings for course 341: 0
Found student without school trainer. UserID: 776, SchoolID: 486
CourseID: 341
Mappings for course 341: 0
Found student without school trainer. UserID: 777, SchoolID: 486
CourseID: 341
Mappings for course 341: 0
Found student without school trainer. UserID: 778, SchoolID: 486
CourseID: 341
Mappings for course 341: 0
Found student without school trainer. UserID: 779, SchoolID: 486
CourseID: 341
Mappings for course 341: 0
Found student without school trainer. UserID: 780, SchoolID: 486
CourseID: 341
Mappings for course 341: 0
Found student without school trainer. UserID: 781, SchoolID: 486
CourseID: 341
Mappings for course 341: 0
Found student without school trainer. UserID: 782, SchoolID: 486
CourseID: 341
Mappings for course 341: 0
Found student without school trainer. UserID: 783, SchoolID: 486
CourseID: 341
Mappings for course 341: 0
Found student without school trainer. UserID: 784, SchoolID: 486
CourseID: 341
Mappings for course 341: 0
Found student without school trainer. UserID: 785, SchoolID: 486
CourseID: 341
Mappings for course 341: 0
Found student without school trainer. UserID: 786, SchoolID: 486
CourseID: 341
Mappings for course 341: 0
Found student without school trainer. UserID: 787, SchoolID: 486
CourseID: 341
Mappings for course 341: 0
Found student without school trainer. UserID: 788, SchoolID: 486
CourseID: 341
Mappings for course 341: 0
Found student without school trainer. UserID: 789, SchoolID: 486
CourseID: 341
Mappings for course 341: 0
Found student without school trainer. UserID: 790, SchoolID: 486
CourseID: 341
Mappings for course 341: 0
Found student without school trainer. UserID: 791, SchoolID: 486
CourseID: 341
Mappings for course 341: 0
Found student without school trainer. UserID: 792, SchoolID: 486
CourseID: 341
Mappings for course 341: 0
Found student without school trainer. UserID: 793, SchoolID: 486
CourseID: 341
Mappings for course 341: 0
Found student without school trainer. UserID: 794, SchoolID: 486
CourseID: 341
Mappings for course 341: 0
Found student without school trainer. UserID: 795, SchoolID: 486
CourseID: 341
Mappings for course 341: 0
Found student without school trainer. UserID: 796, SchoolID: 486
CourseID: 341
Mappings for course 341: 0
Found student without school trainer. UserID: 797, SchoolID: 486
CourseID: 341
Mappings for course 341: 0
Found student without school trainer. UserID: 798, SchoolID: 486
CourseID: 341
Mappings for course 341: 0
Found student without school trainer. UserID: 799, SchoolID: 486
CourseID: 341
Mappings for course 341: 0
Found student without school trainer. UserID: 800, SchoolID: 486
CourseID: 341
Mappings for course 341: 0
Found student without school trainer. UserID: 801, SchoolID: 486
CourseID: 341
Mappings for course 341: 0
Found student without school trainer. UserID: 802, SchoolID: 486
CourseID: 341
Mappings for course 341: 0
Found student without school trainer. UserID: 803, SchoolID: 486
CourseID: 341
Mappings for course 341: 0
Found student without school trainer. UserID: 804, SchoolID: 486
CourseID: 341
Mappings for course 341: 0
Found student without school trainer. UserID: 805, SchoolID: 486
CourseID: 341
Mappings for course 341: 0
Found student without school trainer. UserID: 806, SchoolID: 486
CourseID: 341
Mappings for course 341: 0
Found student without school trainer. UserID: 807, SchoolID: 486
CourseID: 341
Mappings for course 341: 0
Found student without school trainer. UserID: 808, SchoolID: 486
CourseID: 341
Mappings for course 341: 0
Found student without school trainer. UserID: 809, SchoolID: 486
CourseID: 341
Mappings for course 341: 0
Found student without school trainer. UserID: 810, SchoolID: 486
CourseID: 341
Mappings for course 341: 0
Found student without school trainer. UserID: 811, SchoolID: 486
CourseID: 341
Mappings for course 341: 0
Found student without school trainer. UserID: 812, SchoolID: 486
CourseID: 341
Mappings for course 341: 0
Found student without school trainer. UserID: 813, SchoolID: 486
CourseID: 341
Mappings for course 341: 0
Found student without school trainer. UserID: 814, SchoolID: 486
CourseID: 341
Mappings for course 341: 0
Found student without school trainer. UserID: 815, SchoolID: 486
CourseID: 341
Mappings for course 341: 0
Found student without school trainer. UserID: 816, SchoolID: 486
CourseID: 341
Mappings for course 341: 0
Found student without school trainer. UserID: 817, SchoolID: 486
CourseID: 341
Mappings for course 341: 0
Found student without school trainer. UserID: 818, SchoolID: 486
CourseID: 341
Mappings for course 341: 0
Found student without school trainer. UserID: 819, SchoolID: 486
CourseID: 341
Mappings for course 341: 0
Found student without school trainer. UserID: 820, SchoolID: 486
CourseID: 341
Mappings for course 341: 0
Found student without school trainer. UserID: 821, SchoolID: 486
CourseID: 341
Mappings for course 341: 0
Found student without school trainer. UserID: 822, SchoolID: 486
CourseID: 341
Mappings for course 341: 0
Found student without school trainer. UserID: 823, SchoolID: 486
CourseID: 341
Mappings for course 341: 0
Found student without school trainer. UserID: 824, SchoolID: 486
CourseID: 341
Mappings for course 341: 0
Found student without school trainer. UserID: 825, SchoolID: 486
CourseID: 341
Mappings for course 341: 0
Found student without school trainer. UserID: 826, SchoolID: 486
CourseID: 341
Mappings for course 341: 0
Found student without school trainer. UserID: 827, SchoolID: 486
CourseID: 341
Mappings for course 341: 0
Found student without school trainer. UserID: 828, SchoolID: 486
CourseID: 341
Mappings for course 341: 0
Found student without school trainer. UserID: 829, SchoolID: 486
CourseID: 341
Mappings for course 341: 0
Found student without school trainer. UserID: 830, SchoolID: 486
CourseID: 341
Mappings for course 341: 0
Found student without school trainer. UserID: 831, SchoolID: 486
CourseID: 341
Mappings for course 341: 0
Found student without school trainer. UserID: 832, SchoolID: 486
CourseID: 341
Mappings for course 341: 0
Found student without school trainer. UserID: 833, SchoolID: 486
CourseID: 341
Mappings for course 341: 0
Found student without school trainer. UserID: 834, SchoolID: 486
CourseID: 341
Mappings for course 341: 0
Found student without school trainer. UserID: 835, SchoolID: 486
CourseID: 341
Mappings for course 341: 0
Found student without school trainer. UserID: 836, SchoolID: 486
CourseID: 341
Mappings for course 341: 0
Found student without school trainer. UserID: 837, SchoolID: 486
CourseID: 342
Mappings for course 342: 0
Found student without school trainer. UserID: 838, SchoolID: 486
CourseID: 342
Mappings for course 342: 0
Found student without school trainer. UserID: 839, SchoolID: 486
CourseID: 342
Mappings for course 342: 0
Found student without school trainer. UserID: 840, SchoolID: 486
CourseID: 342
Mappings for course 342: 0
Found student without school trainer. UserID: 841, SchoolID: 486
CourseID: 342
Mappings for course 342: 0
Found student without school trainer. UserID: 842, SchoolID: 486
CourseID: 342
Mappings for course 342: 0
Found student without school trainer. UserID: 843, SchoolID: 486
CourseID: 342
Mappings for course 342: 0
Found student without school trainer. UserID: 844, SchoolID: 486
CourseID: 342
Mappings for course 342: 0
Found student without school trainer. UserID: 845, SchoolID: 486
CourseID: 342
Mappings for course 342: 0
Found student without school trainer. UserID: 846, SchoolID: 486
CourseID: 342
Mappings for course 342: 0
Found student without school trainer. UserID: 847, SchoolID: 486
CourseID: 342
Mappings for course 342: 0
Found student without school trainer. UserID: 848, SchoolID: 486
CourseID: 342
Mappings for course 342: 0
Found student without school trainer. UserID: 849, SchoolID: 486
CourseID: 342
Mappings for course 342: 0
Found student without school trainer. UserID: 850, SchoolID: 486
CourseID: 342
Mappings for course 342: 0
Found student without school trainer. UserID: 851, SchoolID: 486
CourseID: 342
Mappings for course 342: 0
Found student without school trainer. UserID: 852, SchoolID: 486
CourseID: 342
Mappings for course 342: 0
Found student without school trainer. UserID: 853, SchoolID: 486
CourseID: 342
Mappings for course 342: 0
Found student without school trainer. UserID: 854, SchoolID: 486
CourseID: 342
Mappings for course 342: 0
Found student without school trainer. UserID: 855, SchoolID: 486
CourseID: 342
Mappings for course 342: 0
Found student without school trainer. UserID: 856, SchoolID: 486
CourseID: 342
Mappings for course 342: 0
Found student without school trainer. UserID: 857, SchoolID: 486
CourseID: 342
Mappings for course 342: 0
Found student without school trainer. UserID: 858, SchoolID: 486
CourseID: 342
Mappings for course 342: 0
Found student without school trainer. UserID: 859, SchoolID: 486
CourseID: 342
Mappings for course 342: 0
Found student without school trainer. UserID: 860, SchoolID: 486
CourseID: 342
Mappings for course 342: 0
Found student without school trainer. UserID: 861, SchoolID: 486
CourseID: 342
Mappings for course 342: 0
Found student without school trainer. UserID: 862, SchoolID: 486
CourseID: 342
Mappings for course 342: 0
Found student without school trainer. UserID: 863, SchoolID: 486
CourseID: 342
Mappings for course 342: 0
Found student without school trainer. UserID: 864, SchoolID: 486
CourseID: 342
Mappings for course 342: 0
Found student without school trainer. UserID: 865, SchoolID: 486
CourseID: 342
Mappings for course 342: 0
Found student without school trainer. UserID: 866, SchoolID: 486
CourseID: 342
Mappings for course 342: 0
Found student without school trainer. UserID: 867, SchoolID: 486
CourseID: 342
Mappings for course 342: 0
Found student without school trainer. UserID: 868, SchoolID: 486
CourseID: 342
Mappings for course 342: 0
Found student without school trainer. UserID: 869, SchoolID: 486
CourseID: 342
Mappings for course 342: 0
Found student without school trainer. UserID: 870, SchoolID: 486
CourseID: 342
Mappings for course 342: 0
Found student without school trainer. UserID: 871, SchoolID: 486
CourseID: 342
Mappings for course 342: 0
Found student without school trainer. UserID: 872, SchoolID: 486
CourseID: 342
Mappings for course 342: 0
Found student without school trainer. UserID: 873, SchoolID: 486
CourseID: 342
Mappings for course 342: 0
Found student without school trainer. UserID: 874, SchoolID: 486
CourseID: 342
Mappings for course 342: 0
Found student without school trainer. UserID: 875, SchoolID: 486
CourseID: 342
Mappings for course 342: 0
Found student without school trainer. UserID: 876, SchoolID: 486
CourseID: 342
Mappings for course 342: 0
Found student without school trainer. UserID: 877, SchoolID: 486
CourseID: 342
Mappings for course 342: 0
Found student without school trainer. UserID: 878, SchoolID: 486
CourseID: 342
Mappings for course 342: 0
Found student without school trainer. UserID: 879, SchoolID: 486
CourseID: 342
Mappings for course 342: 0
Found student without school trainer. UserID: 880, SchoolID: 486
CourseID: 342
Mappings for course 342: 0
Found student without school trainer. UserID: 881, SchoolID: 486
CourseID: 342
Mappings for course 342: 0
Found student without school trainer. UserID: 882, SchoolID: 486
CourseID: 342
Mappings for course 342: 0
Found student without school trainer. UserID: 883, SchoolID: 486
CourseID: 342
Mappings for course 342: 0
Found student without school trainer. UserID: 884, SchoolID: 486
CourseID: 342
Mappings for course 342: 0
Found student without school trainer. UserID: 885, SchoolID: 486
CourseID: 342
Mappings for course 342: 0
Found student without school trainer. UserID: 886, SchoolID: 486
CourseID: 342
Mappings for course 342: 0
Found student without school trainer. UserID: 887, SchoolID: 486
CourseID: 343
Mappings for course 343: 0
Found student without school trainer. UserID: 888, SchoolID: 486
CourseID: 343
Mappings for course 343: 0
Found student without school trainer. UserID: 889, SchoolID: 486
CourseID: 343
Mappings for course 343: 0
Found student without school trainer. UserID: 890, SchoolID: 486
CourseID: 343
Mappings for course 343: 0
Found student without school trainer. UserID: 891, SchoolID: 486
CourseID: 343
Mappings for course 343: 0
Found student without school trainer. UserID: 892, SchoolID: 486
CourseID: 343
Mappings for course 343: 0
Found student without school trainer. UserID: 893, SchoolID: 486
CourseID: 343
Mappings for course 343: 0
Found student without school trainer. UserID: 894, SchoolID: 486
CourseID: 343
Mappings for course 343: 0
Found student without school trainer. UserID: 895, SchoolID: 486
CourseID: 343
Mappings for course 343: 0
Found student without school trainer. UserID: 896, SchoolID: 486
CourseID: 343
Mappings for course 343: 0
Found student without school trainer. UserID: 897, SchoolID: 486
CourseID: 343
Mappings for course 343: 0
Found student without school trainer. UserID: 898, SchoolID: 486
CourseID: 343
Mappings for course 343: 0
Found student without school trainer. UserID: 899, SchoolID: 486
CourseID: 343
Mappings for course 343: 0
Found student without school trainer. UserID: 900, SchoolID: 486
CourseID: 343
Mappings for course 343: 0
Found student without school trainer. UserID: 901, SchoolID: 486
CourseID: 343
Mappings for course 343: 0
Found student without school trainer. UserID: 902, SchoolID: 486
CourseID: 343
Mappings for course 343: 0
Found student without school trainer. UserID: 903, SchoolID: 486
CourseID: 343
Mappings for course 343: 0
Found student without school trainer. UserID: 904, SchoolID: 486
CourseID: 343
Mappings for course 343: 0
Found student without school trainer. UserID: 905, SchoolID: 486
CourseID: 343
Mappings for course 343: 0
Found student without school trainer. UserID: 906, SchoolID: 486
CourseID: 343
Mappings for course 343: 0
Found student without school trainer. UserID: 907, SchoolID: 486
CourseID: 343
Mappings for course 343: 0
Found student without school trainer. UserID: 908, SchoolID: 486
CourseID: 343
Mappings for course 343: 0
Found student without school trainer. UserID: 909, SchoolID: 486
CourseID: 343
Mappings for course 343: 0
Found student without school trainer. UserID: 910, SchoolID: 486
CourseID: 343
Mappings for course 343: 0
Found student without school trainer. UserID: 911, SchoolID: 486
CourseID: 343
Mappings for course 343: 0
Found student without school trainer. UserID: 912, SchoolID: 486
CourseID: 343
Mappings for course 343: 0
Found student without school trainer. UserID: 913, SchoolID: 486
CourseID: 343
Mappings for course 343: 0
Found student without school trainer. UserID: 914, SchoolID: 486
CourseID: 343
Mappings for course 343: 0
Found student without school trainer. UserID: 915, SchoolID: 486
CourseID: 343
Mappings for course 343: 0
Found student without school trainer. UserID: 916, SchoolID: 486
CourseID: 343
Mappings for course 343: 0
Found student without school trainer. UserID: 917, SchoolID: 486
CourseID: 343
Mappings for course 343: 0
Found student without school trainer. UserID: 918, SchoolID: 486
CourseID: 343
Mappings for course 343: 0
Found student without school trainer. UserID: 919, SchoolID: 486
CourseID: 343
Mappings for course 343: 0
Found student without school trainer. UserID: 920, SchoolID: 486
CourseID: 343
Mappings for course 343: 0
Found student without school trainer. UserID: 921, SchoolID: 486
CourseID: 343
Mappings for course 343: 0
Found student without school trainer. UserID: 922, SchoolID: 486
CourseID: 343
Mappings for course 343: 0
Found student without school trainer. UserID: 923, SchoolID: 486
CourseID: 343
Mappings for course 343: 0
Found student without school trainer. UserID: 924, SchoolID: 486
CourseID: 343
Mappings for course 343: 0
Found student without school trainer. UserID: 925, SchoolID: 486
CourseID: 343
Mappings for course 343: 0
Found student without school trainer. UserID: 926, SchoolID: 486
CourseID: 343
Mappings for course 343: 0
Found student without school trainer. UserID: 927, SchoolID: 486
CourseID: 343
Mappings for course 343: 0
Found student without school trainer. UserID: 928, SchoolID: 486
CourseID: 343
Mappings for course 343: 0
Found student without school trainer. UserID: 929, SchoolID: 486
CourseID: 343
Mappings for course 343: 0
Found student without school trainer. UserID: 930, SchoolID: 486
CourseID: 343
Mappings for course 343: 0
Found student without school trainer. UserID: 931, SchoolID: 486
CourseID: 344
Mappings for course 344: 0
Found student without school trainer. UserID: 932, SchoolID: 486
CourseID: 344
Mappings for course 344: 0
Found student without school trainer. UserID: 933, SchoolID: 486
CourseID: 344
Mappings for course 344: 0
Found student without school trainer. UserID: 934, SchoolID: 486
CourseID: 344
Mappings for course 344: 0
Found student without school trainer. UserID: 935, SchoolID: 486
CourseID: 344
Mappings for course 344: 0
Found student without school trainer. UserID: 936, SchoolID: 486
CourseID: 344
Mappings for course 344: 0
Found student without school trainer. UserID: 937, SchoolID: 486
CourseID: 344
Mappings for course 344: 0
Found student without school trainer. UserID: 938, SchoolID: 486
CourseID: 344
Mappings for course 344: 0
Found student without school trainer. UserID: 939, SchoolID: 486
CourseID: 344
Mappings for course 344: 0
Found student without school trainer. UserID: 940, SchoolID: 486
CourseID: 344
Mappings for course 344: 0
Found student without school trainer. UserID: 941, SchoolID: 486
CourseID: 344
Mappings for course 344: 0
Found student without school trainer. UserID: 942, SchoolID: 486
CourseID: 344
Mappings for course 344: 0
Found student without school trainer. UserID: 943, SchoolID: 486
CourseID: 344
Mappings for course 344: 0
Found student without school trainer. UserID: 944, SchoolID: 486
CourseID: 344
Mappings for course 344: 0
Found student without school trainer. UserID: 945, SchoolID: 486
CourseID: 344
Mappings for course 344: 0
Found student without school trainer. UserID: 946, SchoolID: 486
CourseID: 344
Mappings for course 344: 0
Found student without school trainer. UserID: 947, SchoolID: 486
CourseID: 344
Mappings for course 344: 0
Found student without school trainer. UserID: 948, SchoolID: 486
CourseID: 344
Mappings for course 344: 0
Found student without school trainer. UserID: 949, SchoolID: 486
CourseID: 344
Mappings for course 344: 0
Found student without school trainer. UserID: 950, SchoolID: 486
CourseID: 344
Mappings for course 344: 0
Found student without school trainer. UserID: 951, SchoolID: 486
CourseID: 344
Mappings for course 344: 0
Found student without school trainer. UserID: 952, SchoolID: 486
CourseID: 344
Mappings for course 344: 0
Found student without school trainer. UserID: 953, SchoolID: 486
CourseID: 344
Mappings for course 344: 0
Found student without school trainer. UserID: 954, SchoolID: 486
CourseID: 344
Mappings for course 344: 0
Found student without school trainer. UserID: 955, SchoolID: 486
CourseID: 344
Mappings for course 344: 0
Found student without school trainer. UserID: 956, SchoolID: 486
CourseID: 344
Mappings for course 344: 0
Found student without school trainer. UserID: 957, SchoolID: 486
CourseID: 344
Mappings for course 344: 0
Found student without school trainer. UserID: 958, SchoolID: 486
CourseID: 344
Mappings for course 344: 0
Found student without school trainer. UserID: 959, SchoolID: 486
CourseID: 344
Mappings for course 344: 0
Found student without school trainer. UserID: 960, SchoolID: 486
CourseID: 344
Mappings for course 344: 0
Found student without school trainer. UserID: 961, SchoolID: 486
CourseID: 344
Mappings for course 344: 0
Found student without school trainer. UserID: 962, SchoolID: 486
CourseID: 344
Mappings for course 344: 0
Found student without school trainer. UserID: 963, SchoolID: 486
CourseID: 344
Mappings for course 344: 0
Found student without school trainer. UserID: 964, SchoolID: 486
CourseID: 344
Mappings for course 344: 0
Found student without school trainer. UserID: 965, SchoolID: 486
CourseID: 344
Mappings for course 344: 0
Found student without school trainer. UserID: 966, SchoolID: 486
CourseID: 344
Mappings for course 344: 0
Found student without school trainer. UserID: 967, SchoolID: 486
CourseID: 344
Mappings for course 344: 0
Found student without school trainer. UserID: 968, SchoolID: 486
CourseID: 344
Mappings for course 344: 0
Found student without school trainer. UserID: 969, SchoolID: 486
CourseID: 344
Mappings for course 344: 0
Found student without school trainer. UserID: 970, SchoolID: 486
CourseID: 345
Mappings for course 345: 0
Found student without school trainer. UserID: 971, SchoolID: 486
CourseID: 345
Mappings for course 345: 0
Found student without school trainer. UserID: 972, SchoolID: 486
CourseID: 345
Mappings for course 345: 0
Found student without school trainer. UserID: 973, SchoolID: 486
CourseID: 345
Mappings for course 345: 0
Found student without school trainer. UserID: 974, SchoolID: 486
CourseID: 345
Mappings for course 345: 0
Found student without school trainer. UserID: 975, SchoolID: 486
CourseID: 345
Mappings for course 345: 0
Found student without school trainer. UserID: 976, SchoolID: 486
CourseID: 345
Mappings for course 345: 0
Found student without school trainer. UserID: 977, SchoolID: 486
CourseID: 345
Mappings for course 345: 0
Found student without school trainer. UserID: 978, SchoolID: 486
CourseID: 345
Mappings for course 345: 0
Found student without school trainer. UserID: 979, SchoolID: 486
CourseID: 345
Mappings for course 345: 0
Found student without school trainer. UserID: 980, SchoolID: 486
CourseID: 345
Mappings for course 345: 0
Found student without school trainer. UserID: 981, SchoolID: 486
CourseID: 345
Mappings for course 345: 0
Found student without school trainer. UserID: 982, SchoolID: 486
CourseID: 345
Mappings for course 345: 0
Found student without school trainer. UserID: 983, SchoolID: 486
CourseID: 345
Mappings for course 345: 0
Found student without school trainer. UserID: 984, SchoolID: 486
CourseID: 345
Mappings for course 345: 0
Found student without school trainer. UserID: 985, SchoolID: 486
CourseID: 345
Mappings for course 345: 0
Found student without school trainer. UserID: 986, SchoolID: 486
CourseID: 345
Mappings for course 345: 0
Found student without school trainer. UserID: 987, SchoolID: 486
CourseID: 345
Mappings for course 345: 0
Found student without school trainer. UserID: 988, SchoolID: 486
CourseID: 345
Mappings for course 345: 0
Found student without school trainer. UserID: 989, SchoolID: 486
CourseID: 345
Mappings for course 345: 0
Found student without school trainer. UserID: 990, SchoolID: 486
CourseID: 345
Mappings for course 345: 0
Found student without school trainer. UserID: 991, SchoolID: 486
CourseID: 345
Mappings for course 345: 0
Found student without school trainer. UserID: 992, SchoolID: 486
CourseID: 345
Mappings for course 345: 0
Found student without school trainer. UserID: 993, SchoolID: 486
CourseID: 345
Mappings for course 345: 0
Found student without school trainer. UserID: 994, SchoolID: 486
CourseID: 345
Mappings for course 345: 0
Found student without school trainer. UserID: 995, SchoolID: 486
CourseID: 345
Mappings for course 345: 0
Found student without school trainer. UserID: 996, SchoolID: 486
CourseID: 345
Mappings for course 345: 0
Found student without school trainer. UserID: 997, SchoolID: 486
CourseID: 345
Mappings for course 345: 0
Found student without school trainer. UserID: 998, SchoolID: 486
CourseID: 345
Mappings for course 345: 0
Found student without school trainer. UserID: 999, SchoolID: 486
CourseID: 345
Mappings for course 345: 0
Found student without school trainer. UserID: 1000, SchoolID: 486
CourseID: 346
Mappings for course 346: 0
Found student without school trainer. UserID: 1001, SchoolID: 486
CourseID: 346
Mappings for course 346: 0
Found student without school trainer. UserID: 1002, SchoolID: 486
CourseID: 346
Mappings for course 346: 0
Found student without school trainer. UserID: 1003, SchoolID: 486
CourseID: 346
Mappings for course 346: 0
Found student without school trainer. UserID: 1004, SchoolID: 486
CourseID: 346
Mappings for course 346: 0
Found student without school trainer. UserID: 1005, SchoolID: 486
CourseID: 346
Mappings for course 346: 0
Found student without school trainer. UserID: 1006, SchoolID: 486
CourseID: 346
Mappings for course 346: 0
Found student without school trainer. UserID: 1007, SchoolID: 486
CourseID: 346
Mappings for course 346: 0
Found student without school trainer. UserID: 1008, SchoolID: 486
CourseID: 346
Mappings for course 346: 0
Found student without school trainer. UserID: 1009, SchoolID: 486
CourseID: 346
Mappings for course 346: 0
Found student without school trainer. UserID: 1010, SchoolID: 486
CourseID: 346
Mappings for course 346: 0
Found student without school trainer. UserID: 1011, SchoolID: 486
CourseID: 346
Mappings for course 346: 0
Found student without school trainer. UserID: 1012, SchoolID: 486
CourseID: 346
Mappings for course 346: 0
Found student without school trainer. UserID: 1013, SchoolID: 486
CourseID: 346
Mappings for course 346: 0
Found student without school trainer. UserID: 1014, SchoolID: 486
CourseID: 346
Mappings for course 346: 0
Found student without school trainer. UserID: 1015, SchoolID: 486
CourseID: 346
Mappings for course 346: 0
Found student without school trainer. UserID: 1016, SchoolID: 486
CourseID: 346
Mappings for course 346: 0
Found student without school trainer. UserID: 1017, SchoolID: 486
CourseID: 346
Mappings for course 346: 0
Found student without school trainer. UserID: 1018, SchoolID: 486
CourseID: 346
Mappings for course 346: 0
Found student without school trainer. UserID: 1019, SchoolID: 486
CourseID: 346
Mappings for course 346: 0
Found student without school trainer. UserID: 1020, SchoolID: 486
CourseID: 346
Mappings for course 346: 0
Found student without school trainer. UserID: 1021, SchoolID: 486
CourseID: 346
Mappings for course 346: 0
Found student without school trainer. UserID: 1022, SchoolID: 486
CourseID: 346
Mappings for course 346: 0
Found student without school trainer. UserID: 1023, SchoolID: 486
CourseID: 346
Mappings for course 346: 0
Found student without school trainer. UserID: 1024, SchoolID: 486
CourseID: 346
Mappings for course 346: 0
Found student without school trainer. UserID: 1025, SchoolID: 486
CourseID: 346
Mappings for course 346: 0
Found student without school trainer. UserID: 1026, SchoolID: 486
CourseID: 346
Mappings for course 346: 0
Found student without school trainer. UserID: 1027, SchoolID: 486
CourseID: 346
Mappings for course 346: 0
Found student without school trainer. UserID: 1028, SchoolID: 486
CourseID: 346
Mappings for course 346: 0
Found student without school trainer. UserID: 1029, SchoolID: 486
CourseID: 346
Mappings for course 346: 0
Found student without school trainer. UserID: 1030, SchoolID: 486
CourseID: 346
Mappings for course 346: 0
Found student without school trainer. UserID: 1031, SchoolID: 486
CourseID: 346
Mappings for course 346: 0
Found student without school trainer. UserID: 1032, SchoolID: 486
CourseID: 346
Mappings for course 346: 0
Found student without school trainer. UserID: 1033, SchoolID: 486
CourseID: 346
Mappings for course 346: 0
Found student without school trainer. UserID: 1034, SchoolID: 486
CourseID: 346
Mappings for course 346: 0
Found student without school trainer. UserID: 1035, SchoolID: 486
CourseID: 346
Mappings for course 346: 0
Found student without school trainer. UserID: 1036, SchoolID: 486
CourseID: 346
Mappings for course 346: 0
Found student without school trainer. UserID: 1037, SchoolID: 486
CourseID: 346
Mappings for course 346: 0
Found student without school trainer. UserID: 1038, SchoolID: 486
CourseID: 346
Mappings for course 346: 0
Found student without school trainer. UserID: 1039, SchoolID: 486
CourseID: 346
Mappings for course 346: 0
Found student without school trainer. UserID: 1040, SchoolID: 486
CourseID: 346
Mappings for course 346: 0
Found student without school trainer. UserID: 1041, SchoolID: 486
CourseID: 346
Mappings for course 346: 0
Found student without school trainer. UserID: 1042, SchoolID: 486
CourseID: 347
Mappings for course 347: 0
Found student without school trainer. UserID: 1043, SchoolID: 486
CourseID: 347
Mappings for course 347: 0
Found student without school trainer. UserID: 1044, SchoolID: 486
CourseID: 347
Mappings for course 347: 0
Found student without school trainer. UserID: 1045, SchoolID: 486
CourseID: 347
Mappings for course 347: 0
Found student without school trainer. UserID: 1046, SchoolID: 486
CourseID: 347
Mappings for course 347: 0
Found student without school trainer. UserID: 1047, SchoolID: 486
CourseID: 347
Mappings for course 347: 0
Found student without school trainer. UserID: 1048, SchoolID: 486
CourseID: 347
Mappings for course 347: 0
Found student without school trainer. UserID: 1049, SchoolID: 486
CourseID: 347
Mappings for course 347: 0
Found student without school trainer. UserID: 1050, SchoolID: 486
CourseID: 347
Mappings for course 347: 0
Found student without school trainer. UserID: 1051, SchoolID: 486
CourseID: 347
Mappings for course 347: 0
Found student without school trainer. UserID: 1052, SchoolID: 486
CourseID: 347
Mappings for course 347: 0
Found student without school trainer. UserID: 1053, SchoolID: 486
CourseID: 347
Mappings for course 347: 0
Found student without school trainer. UserID: 1054, SchoolID: 486
CourseID: 347
Mappings for course 347: 0
Found student without school trainer. UserID: 1055, SchoolID: 486
CourseID: 347
Mappings for course 347: 0
Found student without school trainer. UserID: 1056, SchoolID: 486
CourseID: 347
Mappings for course 347: 0
Found student without school trainer. UserID: 1057, SchoolID: 486
CourseID: 347
Mappings for course 347: 0
Found student without school trainer. UserID: 1058, SchoolID: 486
CourseID: 347
Mappings for course 347: 0
Found student without school trainer. UserID: 1059, SchoolID: 486
CourseID: 347
Mappings for course 347: 0
Found student without school trainer. UserID: 1060, SchoolID: 486
CourseID: 347
Mappings for course 347: 0
Found student without school trainer. UserID: 1061, SchoolID: 486
CourseID: 347
Mappings for course 347: 0
Found student without school trainer. UserID: 1062, SchoolID: 486
CourseID: 347
Mappings for course 347: 0
Found student without school trainer. UserID: 1063, SchoolID: 486
CourseID: 347
Mappings for course 347: 0
Found student without school trainer. UserID: 1064, SchoolID: 486
CourseID: 347
Mappings for course 347: 0
Found student without school trainer. UserID: 1065, SchoolID: 486
CourseID: 347
Mappings for course 347: 0
Found student without school trainer. UserID: 1066, SchoolID: 486
CourseID: 347
Mappings for course 347: 0
Found student without school trainer. UserID: 1067, SchoolID: 486
CourseID: 347
Mappings for course 347: 0
Found student without school trainer. UserID: 1068, SchoolID: 486
CourseID: 347
Mappings for course 347: 0
Found student without school trainer. UserID: 1069, SchoolID: 486
CourseID: 347
Mappings for course 347: 0
Found student without school trainer. UserID: 1070, SchoolID: 486
CourseID: 347
Mappings for course 347: 0
Found student without school trainer. UserID: 1071, SchoolID: 486
CourseID: 347
Mappings for course 347: 0
Found student without school trainer. UserID: 1072, SchoolID: 486
CourseID: 347
Mappings for course 347: 0
Found student without school trainer. UserID: 1073, SchoolID: 486
CourseID: 347
Mappings for course 347: 0
Found student without school trainer. UserID: 1074, SchoolID: 486
CourseID: 347
Mappings for course 347: 0
Found student without school trainer. UserID: 1075, SchoolID: 486
CourseID: 347
Mappings for course 347: 0
Found student without school trainer. UserID: 1076, SchoolID: 486
CourseID: 347
Mappings for course 347: 0
Found student without school trainer. UserID: 1077, SchoolID: 486
CourseID: 347
Mappings for course 347: 0
Found student without school trainer. UserID: 1078, SchoolID: 486
CourseID: 347
Mappings for course 347: 0
Found student without school trainer. UserID: 1079, SchoolID: 486
CourseID: 347
Mappings for course 347: 0
Found student without school trainer. UserID: 1080, SchoolID: 486
CourseID: 347
Mappings for course 347: 0
Found student without school trainer. UserID: 1081, SchoolID: 486
CourseID: 347
Mappings for course 347: 0
Found student without school trainer. UserID: 1082, SchoolID: 486
CourseID: 347
Mappings for course 347: 0
Found student without school trainer. UserID: 1083, SchoolID: 486
CourseID: 347
Mappings for course 347: 0
Found student without school trainer. UserID: 1084, SchoolID: 486
CourseID: 348
Mappings for course 348: 0
Found student without school trainer. UserID: 1085, SchoolID: 486
CourseID: 348
Mappings for course 348: 0
Found student without school trainer. UserID: 1086, SchoolID: 486
CourseID: 348
Mappings for course 348: 0
Found student without school trainer. UserID: 1087, SchoolID: 486
CourseID: 348
Mappings for course 348: 0
Found student without school trainer. UserID: 1088, SchoolID: 486
CourseID: 348
Mappings for course 348: 0
Found student without school trainer. UserID: 1089, SchoolID: 486
CourseID: 348
Mappings for course 348: 0
Found student without school trainer. UserID: 1090, SchoolID: 486
CourseID: 348
Mappings for course 348: 0
Found student without school trainer. UserID: 1091, SchoolID: 486
CourseID: 348
Mappings for course 348: 0
Found student without school trainer. UserID: 1092, SchoolID: 486
CourseID: 348
Mappings for course 348: 0
Found student without school trainer. UserID: 1093, SchoolID: 486
CourseID: 348
Mappings for course 348: 0
Found student without school trainer. UserID: 1094, SchoolID: 486
CourseID: 348
Mappings for course 348: 0
Found student without school trainer. UserID: 1095, SchoolID: 486
CourseID: 348
Mappings for course 348: 0
Found student without school trainer. UserID: 1096, SchoolID: 486
CourseID: 348
Mappings for course 348: 0
Found student without school trainer. UserID: 1097, SchoolID: 486
CourseID: 348
Mappings for course 348: 0
Found student without school trainer. UserID: 1098, SchoolID: 486
CourseID: 348
Mappings for course 348: 0
Found student without school trainer. UserID: 1099, SchoolID: 486
CourseID: 348
Mappings for course 348: 0
Found student without school trainer. UserID: 1100, SchoolID: 486
CourseID: 348
Mappings for course 348: 0
Found student without school trainer. UserID: 1101, SchoolID: 486
CourseID: 348
Mappings for course 348: 0
Found student without school trainer. UserID: 1102, SchoolID: 486
CourseID: 348
Mappings for course 348: 0
Found student without school trainer. UserID: 1103, SchoolID: 486
CourseID: 348
Mappings for course 348: 0
Found student without school trainer. UserID: 1104, SchoolID: 486
CourseID: 348
Mappings for course 348: 0
Found student without school trainer. UserID: 1105, SchoolID: 486
CourseID: 348
Mappings for course 348: 0
Found student without school trainer. UserID: 1106, SchoolID: 486
CourseID: 348
Mappings for course 348: 0
Found student without school trainer. UserID: 1107, SchoolID: 486
CourseID: 348
Mappings for course 348: 0
Found student without school trainer. UserID: 1108, SchoolID: 486
CourseID: 348
Mappings for course 348: 0
Found student without school trainer. UserID: 1109, SchoolID: 486
CourseID: 348
Mappings for course 348: 0
Found student without school trainer. UserID: 1110, SchoolID: 486
CourseID: 348
Mappings for course 348: 0
Found student without school trainer. UserID: 1111, SchoolID: 486
CourseID: 348
Mappings for course 348: 0
Found student without school trainer. UserID: 1112, SchoolID: 486
CourseID: 348
Mappings for course 348: 0
Found student without school trainer. UserID: 1113, SchoolID: 486
CourseID: 348
Mappings for course 348: 0
Found student without school trainer. UserID: 1114, SchoolID: 486
CourseID: 348
Mappings for course 348: 0
Found student without school trainer. UserID: 1115, SchoolID: 486
CourseID: 348
Mappings for course 348: 0
Found student without school trainer. UserID: 1116, SchoolID: 486
CourseID: 348
Mappings for course 348: 0
Found student without school trainer. UserID: 1117, SchoolID: 486
CourseID: 348
Mappings for course 348: 0
Found student without school trainer. UserID: 1118, SchoolID: 486
CourseID: 348
Mappings for course 348: 0
Found student without school trainer. UserID: 1119, SchoolID: 486
CourseID: 348
Mappings for course 348: 0
Found student without school trainer. UserID: 1120, SchoolID: 486
CourseID: 348
Mappings for course 348: 0
Found student without school trainer. UserID: 1121, SchoolID: 486
CourseID: 348
Mappings for course 348: 0
Found student without school trainer. UserID: 1122, SchoolID: 486
CourseID: 348
Mappings for course 348: 0
Found student without school trainer. UserID: 1123, SchoolID: 486
CourseID: 348
Mappings for course 348: 0
Found student without school trainer. UserID: 1124, SchoolID: 486
CourseID: 348
Mappings for course 348: 0
Found student without school trainer. UserID: 1125, SchoolID: 486
CourseID: 348
Mappings for course 348: 0
Found student without school trainer. UserID: 1126, SchoolID: 495
CourseID: 346
Mappings for course 346: 0
Found student without school trainer. UserID: 1127, SchoolID: 495
CourseID: 346
Mappings for course 346: 0
Found student without school trainer. UserID: 1128, SchoolID: 495
CourseID: 346
Mappings for course 346: 0
Found student without school trainer. UserID: 1129, SchoolID: 495
CourseID: 346
Mappings for course 346: 0
Found student without school trainer. UserID: 1130, SchoolID: 495
CourseID: 346
Mappings for course 346: 0
Found student without school trainer. UserID: 1131, SchoolID: 495
CourseID: 346
Mappings for course 346: 0
Found student without school trainer. UserID: 1132, SchoolID: 495
CourseID: 346
Mappings for course 346: 0
Found student without school trainer. UserID: 1133, SchoolID: 495
CourseID: 346
Mappings for course 346: 0
Found student without school trainer. UserID: 1134, SchoolID: 495
CourseID: 346
Mappings for course 346: 0
Found student without school trainer. UserID: 1135, SchoolID: 495
CourseID: 346
Mappings for course 346: 0
Found student without school trainer. UserID: 1136, SchoolID: 495
CourseID: 346
Mappings for course 346: 0
Found student without school trainer. UserID: 1137, SchoolID: 495
CourseID: 346
Mappings for course 346: 0
Found student without school trainer. UserID: 1138, SchoolID: 495
CourseID: 346
Mappings for course 346: 0
Found student without school trainer. UserID: 1139, SchoolID: 495
CourseID: 346
Mappings for course 346: 0
Found student without school trainer. UserID: 1140, SchoolID: 495
CourseID: 346
Mappings for course 346: 0
Found student without school trainer. UserID: 1141, SchoolID: 495
CourseID: 346
Mappings for course 346: 0
Found student without school trainer. UserID: 1142, SchoolID: 495
CourseID: 346
Mappings for course 346: 0
Found student without school trainer. UserID: 1143, SchoolID: 495
CourseID: 346
Mappings for course 346: 0
Found student without school trainer. UserID: 1144, SchoolID: 495
CourseID: 346
Mappings for course 346: 0
Found student without school trainer. UserID: 1145, SchoolID: 495
CourseID: 346
Mappings for course 346: 0
Found student without school trainer. UserID: 1146, SchoolID: 495
CourseID: 346
Mappings for course 346: 0
Found student without school trainer. UserID: 1147, SchoolID: 495
CourseID: 346
Mappings for course 346: 0
Found student without school trainer. UserID: 1148, SchoolID: 495
CourseID: 346
Mappings for course 346: 0
Found student without school trainer. UserID: 1149, SchoolID: 495
CourseID: 346
Mappings for course 346: 0
Found student without school trainer. UserID: 1150, SchoolID: 495
CourseID: 346
Mappings for course 346: 0
Found student without school trainer. UserID: 1151, SchoolID: 495
CourseID: 346
Mappings for course 346: 0
Found student without school trainer. UserID: 1152, SchoolID: 495
CourseID: 346
Mappings for course 346: 0
Found student without school trainer. UserID: 1153, SchoolID: 495
CourseID: 346
Mappings for course 346: 0
Found student without school trainer. UserID: 1154, SchoolID: 495
CourseID: 346
Mappings for course 346: 0
Found student without school trainer. UserID: 1155, SchoolID: 495
CourseID: 346
Mappings for course 346: 0
Found student without school trainer. UserID: 1156, SchoolID: 495
CourseID: 346
Mappings for course 346: 0
Found student without school trainer. UserID: 1157, SchoolID: 495
CourseID: 346
Mappings for course 346: 0
Found student without school trainer. UserID: 1158, SchoolID: 495
CourseID: 346
Mappings for course 346: 0
Found student without school trainer. UserID: 1159, SchoolID: 495
CourseID: 346
Mappings for course 346: 0
Found student without school trainer. UserID: 1160, SchoolID: 495
CourseID: 346
Mappings for course 346: 0
Found student without school trainer. UserID: 1161, SchoolID: 495
CourseID: 346
Mappings for course 346: 0
Found student without school trainer. UserID: 1162, SchoolID: 495
CourseID: 346
Mappings for course 346: 0
Found student without school trainer. UserID: 1163, SchoolID: 495
CourseID: 346
Mappings for course 346: 0
Found student without school trainer. UserID: 1164, SchoolID: 495
CourseID: 346
Mappings for course 346: 0
Found student without school trainer. UserID: 1165, SchoolID: 495
CourseID: 346
Mappings for course 346: 0
Found student without school trainer. UserID: 1166, SchoolID: 495
CourseID: 346
Mappings for course 346: 0
Found student without school trainer. UserID: 1167, SchoolID: 495
CourseID: 346
Mappings for course 346: 0
Found student without school trainer. UserID: 1168, SchoolID: 495
CourseID: 346
Mappings for course 346: 0
Found student without school trainer. UserID: 1169, SchoolID: 495
CourseID: 346
Mappings for course 346: 0
Found student without school trainer. UserID: 1170, SchoolID: 495
CourseID: 346
Mappings for course 346: 0
Found student without school trainer. UserID: 1171, SchoolID: 495
CourseID: 346
Mappings for course 346: 0
Found student without school trainer. UserID: 1172, SchoolID: 495
CourseID: 346
Mappings for course 346: 0
Found student without school trainer. UserID: 1173, SchoolID: 495
CourseID: 346
Mappings for course 346: 0
Found student without school trainer. UserID: 1174, SchoolID: 495
CourseID: 346
Mappings for course 346: 0
Found student without school trainer. UserID: 1175, SchoolID: 495
CourseID: 346
Mappings for course 346: 0
Found student without school trainer. UserID: 1176, SchoolID: 495
CourseID: 346
Mappings for course 346: 0
Found student without school trainer. UserID: 1177, SchoolID: 495
CourseID: 346
Mappings for course 346: 0
Found student without school trainer. UserID: 1178, SchoolID: 495
CourseID: 346
Mappings for course 346: 0
Found student without school trainer. UserID: 1179, SchoolID: 495
CourseID: 346
Mappings for course 346: 0
Found student without school trainer. UserID: 1180, SchoolID: 495
CourseID: 346
Mappings for course 346: 0
Found student without school trainer. UserID: 1181, SchoolID: 495
CourseID: 346
Mappings for course 346: 0
Found student without school trainer. UserID: 1182, SchoolID: 495
CourseID: 346
Mappings for course 346: 0
Found student without school trainer. UserID: 1183, SchoolID: 495
CourseID: 346
Mappings for course 346: 0
Found student without school trainer. UserID: 1184, SchoolID: 495
CourseID: 346
Mappings for course 346: 0
Found student without school trainer. UserID: 1185, SchoolID: 495
CourseID: 346
Mappings for course 346: 0
Found student without school trainer. UserID: 1186, SchoolID: 495
CourseID: 346
Mappings for course 346: 0
Found student without school trainer. UserID: 1187, SchoolID: 495
CourseID: 346
Mappings for course 346: 0
Found student without school trainer. UserID: 1188, SchoolID: 495
CourseID: 346
Mappings for course 346: 0
Found student without school trainer. UserID: 1189, SchoolID: 495
CourseID: 346
Mappings for course 346: 0
Found student without school trainer. UserID: 1190, SchoolID: 495
CourseID: 346
Mappings for course 346: 0
Found student without school trainer. UserID: 1191, SchoolID: 495
CourseID: 346
Mappings for course 346: 0
Found student without school trainer. UserID: 1192, SchoolID: 495
CourseID: 346
Mappings for course 346: 0
Found student without school trainer. UserID: 1193, SchoolID: 495
CourseID: 346
Mappings for course 346: 0
Found student without school trainer. UserID: 1194, SchoolID: 495
CourseID: 346
Mappings for course 346: 0
Found student without school trainer. UserID: 1195, SchoolID: 495
CourseID: 346
Mappings for course 346: 0
Found student without school trainer. UserID: 1196, SchoolID: 495
CourseID: 346
Mappings for course 346: 0
Found student without school trainer. UserID: 1197, SchoolID: 495
CourseID: 346
Mappings for course 346: 0
Found student without school trainer. UserID: 1198, SchoolID: 495
CourseID: 346
Mappings for course 346: 0
Found student without school trainer. UserID: 1199, SchoolID: 495
CourseID: 346
Mappings for course 346: 0
Found student without school trainer. UserID: 1200, SchoolID: 495
CourseID: 346
Mappings for course 346: 0
Found student without school trainer. UserID: 1201, SchoolID: 495
CourseID: 346
Mappings for course 346: 0
Found student without school trainer. UserID: 1202, SchoolID: 495
CourseID: 346
Mappings for course 346: 0
Found student without school trainer. UserID: 1203, SchoolID: 495
CourseID: 346
Mappings for course 346: 0
Found student without school trainer. UserID: 1204, SchoolID: 495
CourseID: 346
Mappings for course 346: 0
Found student without school trainer. UserID: 1205, SchoolID: 495
CourseID: 346
Mappings for course 346: 0
Found student without school trainer. UserID: 1206, SchoolID: 495
CourseID: 346
Mappings for course 346: 0
Found student without school trainer. UserID: 1207, SchoolID: 495
CourseID: 346
Mappings for course 346: 0
Found student without school trainer. UserID: 1208, SchoolID: 495
CourseID: 346
Mappings for course 346: 0
Found student without school trainer. UserID: 1209, SchoolID: 495
CourseID: 346
Mappings for course 346: 0
Found student without school trainer. UserID: 1210, SchoolID: 495
CourseID: 346
Mappings for course 346: 0
Found student without school trainer. UserID: 1211, SchoolID: 495
CourseID: 346
Mappings for course 346: 0
Found student without school trainer. UserID: 1212, SchoolID: 495
CourseID: 346
Mappings for course 346: 0
Found student without school trainer. UserID: 1213, SchoolID: 495
CourseID: 346
Mappings for course 346: 0
Found student without school trainer. UserID: 1214, SchoolID: 495
CourseID: 346
Mappings for course 346: 0
Found student without school trainer. UserID: 1215, SchoolID: 495
CourseID: 346
Mappings for course 346: 0
Found student without school trainer. UserID: 1216, SchoolID: 495
CourseID: 346
Mappings for course 346: 0
Found student without school trainer. UserID: 1217, SchoolID: 495
CourseID: 346
Mappings for course 346: 0
Found student without school trainer. UserID: 1218, SchoolID: 495
CourseID: 346
Mappings for course 346: 0
Found student without school trainer. UserID: 1219, SchoolID: 495
CourseID: 346
Mappings for course 346: 0
Found student without school trainer. UserID: 1220, SchoolID: 495
CourseID: 346
Mappings for course 346: 0
Found student without school trainer. UserID: 1221, SchoolID: 495
CourseID: 346
Mappings for course 346: 0
Found student without school trainer. UserID: 1222, SchoolID: 495
CourseID: 346
Mappings for course 346: 0
Found student without school trainer. UserID: 1223, SchoolID: 495
CourseID: 346
Mappings for course 346: 0
Found student without school trainer. UserID: 1224, SchoolID: 495
CourseID: 346
Mappings for course 346: 0
Found student without school trainer. UserID: 1225, SchoolID: 495
CourseID: 346
Mappings for course 346: 0
Found student without school trainer. UserID: 1226, SchoolID: 495
CourseID: 346
Mappings for course 346: 0
Found student without school trainer. UserID: 1227, SchoolID: 495
CourseID: 346
Mappings for course 346: 0
Found student without school trainer. UserID: 1228, SchoolID: 495
CourseID: 346
Mappings for course 346: 0
Found student without school trainer. UserID: 1229, SchoolID: 495
CourseID: 346
Mappings for course 346: 0
Found student without school trainer. UserID: 1230, SchoolID: 495
CourseID: 346
Mappings for course 346: 0
Found student without school trainer. UserID: 1231, SchoolID: 495
CourseID: 346
Mappings for course 346: 0
Found student without school trainer. UserID: 1232, SchoolID: 495
CourseID: 346
Mappings for course 346: 0
Found student without school trainer. UserID: 1233, SchoolID: 495
CourseID: 346
Mappings for course 346: 0
Found student without school trainer. UserID: 1234, SchoolID: 495
CourseID: 346
Mappings for course 346: 0
Found student without school trainer. UserID: 1235, SchoolID: 495
CourseID: 346
Mappings for course 346: 0
Found student without school trainer. UserID: 1236, SchoolID: 495
CourseID: 346
Mappings for course 346: 0
Found student without school trainer. UserID: 1237, SchoolID: 495
CourseID: 346
Mappings for course 346: 0
Found student without school trainer. UserID: 1238, SchoolID: 495
CourseID: 346
Mappings for course 346: 0
Found student without school trainer. UserID: 1239, SchoolID: 495
CourseID: 346
Mappings for course 346: 0
Found student without school trainer. UserID: 1240, SchoolID: 495
CourseID: 346
Mappings for course 346: 0
Found student without school trainer. UserID: 1241, SchoolID: 495
CourseID: 346
Mappings for course 346: 0
Found student without school trainer. UserID: 1242, SchoolID: 495
CourseID: 346
Mappings for course 346: 0
Found student without school trainer. UserID: 1243, SchoolID: 495
CourseID: 346
Mappings for course 346: 0
Found student without school trainer. UserID: 1244, SchoolID: 495
CourseID: 346
Mappings for course 346: 0
Found student without school trainer. UserID: 1245, SchoolID: 495
CourseID: 346
Mappings for course 346: 0
Found student without school trainer. UserID: 1246, SchoolID: 495
CourseID: 346
Mappings for course 346: 0
Found student without school trainer. UserID: 1247, SchoolID: 495
CourseID: 346
Mappings for course 346: 0
Found student without school trainer. UserID: 1248, SchoolID: 495
CourseID: 346
Mappings for course 346: 0
Found student without school trainer. UserID: 1249, SchoolID: 495
CourseID: 346
Mappings for course 346: 0
Found student without school trainer. UserID: 1250, SchoolID: 495
CourseID: 346
Mappings for course 346: 0
Found student without school trainer. UserID: 1251, SchoolID: 495
CourseID: 346
Mappings for course 346: 0
Found student without school trainer. UserID: 1252, SchoolID: 495
CourseID: 346
Mappings for course 346: 0
Found student without school trainer. UserID: 1253, SchoolID: 495
CourseID: 346
Mappings for course 346: 0
Found student without school trainer. UserID: 1254, SchoolID: 495
CourseID: 346
Mappings for course 346: 0
Found student without school trainer. UserID: 1255, SchoolID: 495
CourseID: 346
Mappings for course 346: 0
Found student without school trainer. UserID: 1256, SchoolID: 495
CourseID: 346
Mappings for course 346: 0
Found student without school trainer. UserID: 1257, SchoolID: 495
CourseID: 346
Mappings for course 346: 0
Found student without school trainer. UserID: 1258, SchoolID: 495
CourseID: 346
Mappings for course 346: 0
Found student without school trainer. UserID: 1259, SchoolID: 495
CourseID: 346
Mappings for course 346: 0
Found student without school trainer. UserID: 1260, SchoolID: 495
CourseID: 346
Mappings for course 346: 0
Found student without school trainer. UserID: 1261, SchoolID: 495
CourseID: 346
Mappings for course 346: 0
Found student without school trainer. UserID: 1262, SchoolID: 495
CourseID: 346
Mappings for course 346: 0
Found student without school trainer. UserID: 1263, SchoolID: 495
CourseID: 346
Mappings for course 346: 0
Found student without school trainer. UserID: 1264, SchoolID: 495
CourseID: 346
Mappings for course 346: 0
Found student without school trainer. UserID: 1265, SchoolID: 495
CourseID: 346
Mappings for course 346: 0
Found student without school trainer. UserID: 1266, SchoolID: 495
CourseID: 346
Mappings for course 346: 0
Found student without school trainer. UserID: 1267, SchoolID: 495
CourseID: 346
Mappings for course 346: 0
Found student without school trainer. UserID: 1268, SchoolID: 495
CourseID: 346
Mappings for course 346: 0
Found student without school trainer. UserID: 1269, SchoolID: 495
CourseID: 346
Mappings for course 346: 0
Found student without school trainer. UserID: 1270, SchoolID: 495
CourseID: 346
Mappings for course 346: 0
Found student without school trainer. UserID: 1271, SchoolID: 495
CourseID: 346
Mappings for course 346: 0
Found student without school trainer. UserID: 1272, SchoolID: 495
CourseID: 346
Mappings for course 346: 0
Found student without school trainer. UserID: 1273, SchoolID: 495
CourseID: 346
Mappings for course 346: 0
Found student without school trainer. UserID: 1274, SchoolID: 495
CourseID: 346
Mappings for course 346: 0
Found student without school trainer. UserID: 1275, SchoolID: 495
CourseID: 346
Mappings for course 346: 0
Found student without school trainer. UserID: 1276, SchoolID: 495
CourseID: 346
Mappings for course 346: 0
Found student without school trainer. UserID: 1277, SchoolID: 495
CourseID: 346
Mappings for course 346: 0
Found student without school trainer. UserID: 1278, SchoolID: 495
CourseID: 346
Mappings for course 346: 0
Found student without school trainer. UserID: 1279, SchoolID: 495
CourseID: 346
Mappings for course 346: 0
Found student without school trainer. UserID: 1280, SchoolID: 495
CourseID: 346
Mappings for course 346: 0
Found student without school trainer. UserID: 1281, SchoolID: 495
CourseID: 346
Mappings for course 346: 0
Found student without school trainer. UserID: 1282, SchoolID: 495
CourseID: 346
Mappings for course 346: 0
Found student without school trainer. UserID: 1283, SchoolID: 495
CourseID: 346
Mappings for course 346: 0
Found student without school trainer. UserID: 1284, SchoolID: 495
CourseID: 346
Mappings for course 346: 0
Found student without school trainer. UserID: 1285, SchoolID: 495
CourseID: 346
Mappings for course 346: 0
Found student without school trainer. UserID: 1286, SchoolID: 495
CourseID: 346
Mappings for course 346: 0
Found student without school trainer. UserID: 1287, SchoolID: 495
CourseID: 346
Mappings for course 346: 0
Found student without school trainer. UserID: 1288, SchoolID: 495
CourseID: 346
Mappings for course 346: 0
Found student without school trainer. UserID: 1289, SchoolID: 495
CourseID: 346
Mappings for course 346: 0
Found student without school trainer. UserID: 1290, SchoolID: 495
CourseID: 346
Mappings for course 346: 0
Found student without school trainer. UserID: 1291, SchoolID: 495
CourseID: 346
Mappings for course 346: 0
Found student without school trainer. UserID: 1292, SchoolID: 495
CourseID: 346
Mappings for course 346: 0
Found student without school trainer. UserID: 1293, SchoolID: 495
CourseID: 346
Mappings for course 346: 0
Found student without school trainer. UserID: 1294, SchoolID: 495
CourseID: 346
Mappings for course 346: 0
Found student without school trainer. UserID: 1295, SchoolID: 495
CourseID: 346
Mappings for course 346: 0
Found student without school trainer. UserID: 1296, SchoolID: 495
CourseID: 346
Mappings for course 346: 0
Found student without school trainer. UserID: 1297, SchoolID: 495
CourseID: 346
Mappings for course 346: 0
Found student without school trainer. UserID: 1298, SchoolID: 495
CourseID: 346
Mappings for course 346: 0
Found student without school trainer. UserID: 1299, SchoolID: 495
CourseID: 346
Mappings for course 346: 0
Found student without school trainer. UserID: 1300, SchoolID: 495
CourseID: 346
Mappings for course 346: 0
Found student without school trainer. UserID: 1301, SchoolID: 495
CourseID: 346
Mappings for course 346: 0
Found student without school trainer. UserID: 1302, SchoolID: 495
CourseID: 346
Mappings for course 346: 0
Found student without school trainer. UserID: 1303, SchoolID: 495
CourseID: 346
Mappings for course 346: 0
Found student without school trainer. UserID: 1304, SchoolID: 495
CourseID: 346
Mappings for course 346: 0
Found student without school trainer. UserID: 1305, SchoolID: 495
CourseID: 346
Mappings for course 346: 0
Found student without school trainer. UserID: 1306, SchoolID: 495
CourseID: 346
Mappings for course 346: 0
Found student without school trainer. UserID: 1307, SchoolID: 495
CourseID: 346
Mappings for course 346: 0
Found student without school trainer. UserID: 1308, SchoolID: 495
CourseID: 346
Mappings for course 346: 0
Found student without school trainer. UserID: 1309, SchoolID: 495
CourseID: 346
Mappings for course 346: 0
Found student without school trainer. UserID: 1310, SchoolID: 495
CourseID: 346
Mappings for course 346: 0
Found student without school trainer. UserID: 1311, SchoolID: 495
CourseID: 346
Mappings for course 346: 0
Found student without school trainer. UserID: 1312, SchoolID: 495
CourseID: 346
Mappings for course 346: 0
Found student without school trainer. UserID: 1313, SchoolID: 495
CourseID: 346
Mappings for course 346: 0
Found student without school trainer. UserID: 1314, SchoolID: 495
CourseID: 346
Mappings for course 346: 0
Found student without school trainer. UserID: 1315, SchoolID: 495
CourseID: 346
Mappings for course 346: 0
Found student without school trainer. UserID: 1316, SchoolID: 495
CourseID: 346
Mappings for course 346: 0
Found student without school trainer. UserID: 1317, SchoolID: 495
CourseID: 346
Mappings for course 346: 0
Found student without school trainer. UserID: 1318, SchoolID: 495
CourseID: 346
Mappings for course 346: 0
Found student without school trainer. UserID: 1319, SchoolID: 495
CourseID: 346
Mappings for course 346: 0
Found student without school trainer. UserID: 1320, SchoolID: 495
CourseID: 346
Mappings for course 346: 0
Found student without school trainer. UserID: 1321, SchoolID: 495
CourseID: 346
Mappings for course 346: 0
Found student without school trainer. UserID: 1322, SchoolID: 495
CourseID: 346
Mappings for course 346: 0
Found student without school trainer. UserID: 1323, SchoolID: 495
CourseID: 346
Mappings for course 346: 0
Found student without school trainer. UserID: 1324, SchoolID: 495
CourseID: 346
Mappings for course 346: 0
Found student without school trainer. UserID: 1325, SchoolID: 495
CourseID: 346
Mappings for course 346: 0
Found student without school trainer. UserID: 1326, SchoolID: 495
CourseID: 346
Mappings for course 346: 0
Found student without school trainer. UserID: 1327, SchoolID: 495
CourseID: 346
Mappings for course 346: 0
Found student without school trainer. UserID: 1328, SchoolID: 495
CourseID: 346
Mappings for course 346: 0
Found student without school trainer. UserID: 1329, SchoolID: 495
CourseID: 346
Mappings for course 346: 0
Found student without school trainer. UserID: 1330, SchoolID: 495
CourseID: 346
Mappings for course 346: 0
Found student without school trainer. UserID: 1331, SchoolID: 495
CourseID: 346
Mappings for course 346: 0
Found student without school trainer. UserID: 1332, SchoolID: 495
CourseID: 346
Mappings for course 346: 0
Found student without school trainer. UserID: 1333, SchoolID: 495
CourseID: 346
Mappings for course 346: 0
Found student without school trainer. UserID: 1334, SchoolID: 495
CourseID: 346
Mappings for course 346: 0
Found student without school trainer. UserID: 1335, SchoolID: 495
CourseID: 346
Mappings for course 346: 0
Found student without school trainer. UserID: 1336, SchoolID: 495
CourseID: 346
Mappings for course 346: 0
Found student without school trainer. UserID: 1337, SchoolID: 495
CourseID: 346
Mappings for course 346: 0
Found student without school trainer. UserID: 1338, SchoolID: 495
CourseID: 346
Mappings for course 346: 0
Found student without school trainer. UserID: 1339, SchoolID: 495
CourseID: 346
Mappings for course 346: 0
Found student without school trainer. UserID: 1340, SchoolID: 495
CourseID: 346
Mappings for course 346: 0
Found student without school trainer. UserID: 1341, SchoolID: 495
CourseID: 346
Mappings for course 346: 0
Found student without school trainer. UserID: 1342, SchoolID: 495
CourseID: 346
Mappings for course 346: 0
Found student without school trainer. UserID: 1343, SchoolID: 495
CourseID: 346
Mappings for course 346: 0
Found student without school trainer. UserID: 1344, SchoolID: 495
CourseID: 346
Mappings for course 346: 0
Found student without school trainer. UserID: 1345, SchoolID: 495
CourseID: 346
Mappings for course 346: 0
Found student without school trainer. UserID: 1346, SchoolID: 495
CourseID: 346
Mappings for course 346: 0
Found student without school trainer. UserID: 1347, SchoolID: 495
CourseID: 346
Mappings for course 346: 0
Found student without school trainer. UserID: 1348, SchoolID: 495
CourseID: 346
Mappings for course 346: 0
Found student without school trainer. UserID: 1349, SchoolID: 495
CourseID: 346
Mappings for course 346: 0
Found student without school trainer. UserID: 1350, SchoolID: 495
CourseID: 346
Mappings for course 346: 0
Found student without school trainer. UserID: 1351, SchoolID: 495
CourseID: 346
Mappings for course 346: 0
Found student without school trainer. UserID: 1352, SchoolID: 495
CourseID: 346
Mappings for course 346: 0
Found student without school trainer. UserID: 1353, SchoolID: 495
CourseID: 346
Mappings for course 346: 0
Found student without school trainer. UserID: 1354, SchoolID: 495
CourseID: 346
Mappings for course 346: 0
Found student without school trainer. UserID: 1355, SchoolID: 495
CourseID: 346
Mappings for course 346: 0
Found student without school trainer. UserID: 1356, SchoolID: 495
CourseID: 346
Mappings for course 346: 0
Found student without school trainer. UserID: 1357, SchoolID: 495
CourseID: 346
Mappings for course 346: 0
Found student without school trainer. UserID: 1358, SchoolID: 495
CourseID: 346
Mappings for course 346: 0
Found student without school trainer. UserID: 1359, SchoolID: 495
CourseID: 346
Mappings for course 346: 0
Found student without school trainer. UserID: 1360, SchoolID: 495
CourseID: 346
Mappings for course 346: 0
Found student without school trainer. UserID: 1361, SchoolID: 495
CourseID: 346
Mappings for course 346: 0
Found student without school trainer. UserID: 1362, SchoolID: 495
CourseID: 346
Mappings for course 346: 0
Found student without school trainer. UserID: 1363, SchoolID: 495
CourseID: 346
Mappings for course 346: 0
Found student without school trainer. UserID: 1364, SchoolID: 495
CourseID: 346
Mappings for course 346: 0
Found student without school trainer. UserID: 1365, SchoolID: 495
CourseID: 346
Mappings for course 346: 0
Found student without school trainer. UserID: 1366, SchoolID: 495
CourseID: 346
Mappings for course 346: 0
Found student without school trainer. UserID: 1367, SchoolID: 495
CourseID: 346
Mappings for course 346: 0
Found student without school trainer. UserID: 1368, SchoolID: 495
CourseID: 346
Mappings for course 346: 0
Found student without school trainer. UserID: 1369, SchoolID: 495
CourseID: 346
Mappings for course 346: 0
Found student without school trainer. UserID: 1370, SchoolID: 495
CourseID: 346
Mappings for course 346: 0
Found student without school trainer. UserID: 1371, SchoolID: 495
CourseID: 346
Mappings for course 346: 0
Found student without school trainer. UserID: 1372, SchoolID: 495
CourseID: 346
Mappings for course 346: 0
Found student without school trainer. UserID: 1373, SchoolID: 495
CourseID: 346
Mappings for course 346: 0
Found student without school trainer. UserID: 1374, SchoolID: 495
CourseID: 346
Mappings for course 346: 0
Found student without school trainer. UserID: 1375, SchoolID: 495
CourseID: 346
Mappings for course 346: 0
Found student without school trainer. UserID: 1376, SchoolID: 495
CourseID: 346
Mappings for course 346: 0
Found student without school trainer. UserID: 1377, SchoolID: 495
CourseID: 346
Mappings for course 346: 0
Found student without school trainer. UserID: 1378, SchoolID: 495
CourseID: 346
Mappings for course 346: 0
Found student without school trainer. UserID: 1379, SchoolID: 495
CourseID: 346
Mappings for course 346: 0
Found student without school trainer. UserID: 1380, SchoolID: 495
CourseID: 346
Mappings for course 346: 0
Found student without school trainer. UserID: 1381, SchoolID: 495
CourseID: 346
Mappings for course 346: 0
Found student without school trainer. UserID: 1382, SchoolID: 495
CourseID: 346
Mappings for course 346: 0
Found student without school trainer. UserID: 1383, SchoolID: 495
CourseID: 346
Mappings for course 346: 0
Found student without school trainer. UserID: 1384, SchoolID: 495
CourseID: 346
Mappings for course 346: 0
Found student without school trainer. UserID: 1385, SchoolID: 495
CourseID: 346
Mappings for course 346: 0
Found student without school trainer. UserID: 1386, SchoolID: 495
CourseID: 346
Mappings for course 346: 0
Found student without school trainer. UserID: 1387, SchoolID: 495
CourseID: 346
Mappings for course 346: 0
Found student without school trainer. UserID: 1388, SchoolID: 495
CourseID: 346
Mappings for course 346: 0
Found student without school trainer. UserID: 1389, SchoolID: 495
CourseID: 346
Mappings for course 346: 0
Found student without school trainer. UserID: 1390, SchoolID: 495
CourseID: 346
Mappings for course 346: 0
Found student without school trainer. UserID: 1391, SchoolID: 495
CourseID: 346
Mappings for course 346: 0
Found student without school trainer. UserID: 1392, SchoolID: 495
CourseID: 346
Mappings for course 346: 0
Found student without school trainer. UserID: 1393, SchoolID: 495
CourseID: 346
Mappings for course 346: 0
Found student without school trainer. UserID: 1394, SchoolID: 495
CourseID: 346
Mappings for course 346: 0
Found student without school trainer. UserID: 1395, SchoolID: 495
CourseID: 346
Mappings for course 346: 0
Found student without school trainer. UserID: 1396, SchoolID: 495
CourseID: 346
Mappings for course 346: 0
Found student without school trainer. UserID: 1397, SchoolID: 495
CourseID: 346
Mappings for course 346: 0
Found student without school trainer. UserID: 1398, SchoolID: 495
CourseID: 346
Mappings for course 346: 0
Found student without school trainer. UserID: 1399, SchoolID: 495
CourseID: 346
Mappings for course 346: 0
Found student without school trainer. UserID: 1400, SchoolID: 495
CourseID: 346
Mappings for course 346: 0
Found student without school trainer. UserID: 1401, SchoolID: 495
CourseID: 346
Mappings for course 346: 0
Found student without school trainer. UserID: 1402, SchoolID: 495
CourseID: 346
Mappings for course 346: 0
Found student without school trainer. UserID: 1403, SchoolID: 495
CourseID: 346
Mappings for course 346: 0
Found student without school trainer. UserID: 1404, SchoolID: 495
CourseID: 346
Mappings for course 346: 0
Found student without school trainer. UserID: 1405, SchoolID: 495
CourseID: 346
Mappings for course 346: 0
Found student without school trainer. UserID: 1406, SchoolID: 495
CourseID: 346
Mappings for course 346: 0
Found student without school trainer. UserID: 1407, SchoolID: 495
CourseID: 346
Mappings for course 346: 0
Found student without school trainer. UserID: 1408, SchoolID: 495
CourseID: 346
Mappings for course 346: 0
Found student without school trainer. UserID: 1409, SchoolID: 495
CourseID: 346
Mappings for course 346: 0
Found student without school trainer. UserID: 1410, SchoolID: 495
CourseID: 346
Mappings for course 346: 0
Found student without school trainer. UserID: 1411, SchoolID: 495
CourseID: 346
Mappings for course 346: 0
Found student without school trainer. UserID: 1412, SchoolID: 495
CourseID: 346
Mappings for course 346: 0
Found student without school trainer. UserID: 1413, SchoolID: 495
CourseID: 346
Mappings for course 346: 0
Found student without school trainer. UserID: 1414, SchoolID: 495
CourseID: 346
Mappings for course 346: 0
Found student without school trainer. UserID: 1415, SchoolID: 495
CourseID: 346
Mappings for course 346: 0
Found student without school trainer. UserID: 1416, SchoolID: 495
CourseID: 346
Mappings for course 346: 0
Found student without school trainer. UserID: 1417, SchoolID: 495
CourseID: 346
Mappings for course 346: 0
Found student without school trainer. UserID: 1418, SchoolID: 495
CourseID: 346
Mappings for course 346: 0
Found student without school trainer. UserID: 1419, SchoolID: 495
CourseID: 346
Mappings for course 346: 0
Found student without school trainer. UserID: 1420, SchoolID: 495
CourseID: 346
Mappings for course 346: 0
Found student without school trainer. UserID: 1421, SchoolID: 495
CourseID: 346
Mappings for course 346: 0
Found student without school trainer. UserID: 1422, SchoolID: 495
CourseID: 346
Mappings for course 346: 0
Found student without school trainer. UserID: 1423, SchoolID: 495
CourseID: 346
Mappings for course 346: 0
Found student without school trainer. UserID: 1424, SchoolID: 495
CourseID: 346
Mappings for course 346: 0
Found student without school trainer. UserID: 1425, SchoolID: 495
CourseID: 346
Mappings for course 346: 0
Found student without school trainer. UserID: 1426, SchoolID: 495
CourseID: 346
Mappings for course 346: 0
Found student without school trainer. UserID: 1427, SchoolID: 495
CourseID: 346
Mappings for course 346: 0
Found student without school trainer. UserID: 1428, SchoolID: 495
CourseID: 346
Mappings for course 346: 0
Found student without school trainer. UserID: 1429, SchoolID: 495
CourseID: 346
Mappings for course 346: 0
Found student without school trainer. UserID: 1430, SchoolID: 495
CourseID: 346
Mappings for course 346: 0
Found student without school trainer. UserID: 1431, SchoolID: 495
CourseID: 346
Mappings for course 346: 0
Found student without school trainer. UserID: 1432, SchoolID: 495
CourseID: 346
Mappings for course 346: 0
Found student without school trainer. UserID: 1433, SchoolID: 495
CourseID: 346
Mappings for course 346: 0
Found student without school trainer. UserID: 1434, SchoolID: 495
CourseID: 346
Mappings for course 346: 0
Found student without school trainer. UserID: 1435, SchoolID: 495
CourseID: 346
Mappings for course 346: 0
Found student without school trainer. UserID: 1436, SchoolID: 495
CourseID: 346
Mappings for course 346: 0
Found student without school trainer. UserID: 1437, SchoolID: 495
CourseID: 346
Mappings for course 346: 0
Found student without school trainer. UserID: 1438, SchoolID: 495
CourseID: 346
Mappings for course 346: 0
Found student without school trainer. UserID: 1439, SchoolID: 495
CourseID: 346
Mappings for course 346: 0
Found student without school trainer. UserID: 1440, SchoolID: 495
CourseID: 346
Mappings for course 346: 0
Found student without school trainer. UserID: 1441, SchoolID: 495
CourseID: 346
Mappings for course 346: 0
Found student without school trainer. UserID: 1442, SchoolID: 495
CourseID: 346
Mappings for course 346: 0
Found student without school trainer. UserID: 1443, SchoolID: 495
CourseID: 346
Mappings for course 346: 0
Found student without school trainer. UserID: 1444, SchoolID: 495
CourseID: 346
Mappings for course 346: 0
Found student without school trainer. UserID: 1445, SchoolID: 495
CourseID: 346
Mappings for course 346: 0
Found student without school trainer. UserID: 1446, SchoolID: 495
CourseID: 346
Mappings for course 346: 0
Found student without school trainer. UserID: 1447, SchoolID: 495
CourseID: 346
Mappings for course 346: 0
Found student without school trainer. UserID: 1448, SchoolID: 495
CourseID: 346
Mappings for course 346: 0
Found student without school trainer. UserID: 1449, SchoolID: 495
CourseID: 346
Mappings for course 346: 0
Found student without school trainer. UserID: 1450, SchoolID: 495
CourseID: 346
Mappings for course 346: 0
Found student without school trainer. UserID: 1451, SchoolID: 495
CourseID: 346
Mappings for course 346: 0
Found student without school trainer. UserID: 1452, SchoolID: 495
CourseID: 346
Mappings for course 346: 0
Found student without school trainer. UserID: 1453, SchoolID: 495
CourseID: 346
Mappings for course 346: 0
Found student without school trainer. UserID: 1454, SchoolID: 495
CourseID: 346
Mappings for course 346: 0
Found student without school trainer. UserID: 1455, SchoolID: 495
CourseID: 346
Mappings for course 346: 0
Found student without school trainer. UserID: 1456, SchoolID: 495
CourseID: 346
Mappings for course 346: 0
Found student without school trainer. UserID: 1457, SchoolID: 495
CourseID: 346
Mappings for course 346: 0
Found student without school trainer. UserID: 1458, SchoolID: 495
CourseID: 346
Mappings for course 346: 0
Found student without school trainer. UserID: 1459, SchoolID: 495
CourseID: 346
Mappings for course 346: 0
Found student without school trainer. UserID: 1460, SchoolID: 495
CourseID: 346
Mappings for course 346: 0
Found student without school trainer. UserID: 1461, SchoolID: 495
CourseID: 346
Mappings for course 346: 0
Found student without school trainer. UserID: 1462, SchoolID: 495
CourseID: 346
Mappings for course 346: 0
Found student without school trainer. UserID: 1463, SchoolID: 495
CourseID: 346
Mappings for course 346: 0
Found student without school trainer. UserID: 1464, SchoolID: 495
CourseID: 346
Mappings for course 346: 0
Found student without school trainer. UserID: 1465, SchoolID: 495
CourseID: 346
Mappings for course 346: 0
Found student without school trainer. UserID: 1466, SchoolID: 495
CourseID: 346
Mappings for course 346: 0
Found student without school trainer. UserID: 1467, SchoolID: 495
CourseID: 346
Mappings for course 346: 0
Found student without school trainer. UserID: 1468, SchoolID: 495
CourseID: 346
Mappings for course 346: 0
Found student without school trainer. UserID: 1469, SchoolID: 495
CourseID: 346
Mappings for course 346: 0
Found student without school trainer. UserID: 1470, SchoolID: 495
CourseID: 346
Mappings for course 346: 0
Found student without school trainer. UserID: 1471, SchoolID: 495
CourseID: 346
Mappings for course 346: 0
Found student without school trainer. UserID: 1472, SchoolID: 495
CourseID: 346
Mappings for course 346: 0
Found student without school trainer. UserID: 1473, SchoolID: 495
CourseID: 346
Mappings for course 346: 0
Found student without school trainer. UserID: 1474, SchoolID: 495
CourseID: 346
Mappings for course 346: 0
Found student without school trainer. UserID: 1475, SchoolID: 495
CourseID: 346
Mappings for course 346: 0
Found student without school trainer. UserID: 1476, SchoolID: 495
CourseID: 346
Mappings for course 346: 0
Found student without school trainer. UserID: 1477, SchoolID: 495
CourseID: 346
Mappings for course 346: 0
Found student without school trainer. UserID: 1478, SchoolID: 495
CourseID: 346
Mappings for course 346: 0
Found student without school trainer. UserID: 1479, SchoolID: 495
CourseID: 346
Mappings for course 346: 0
Found student without school trainer. UserID: 1480, SchoolID: 495
CourseID: 346
Mappings for course 346: 0
Found student without school trainer. UserID: 1481, SchoolID: 495
CourseID: 346
Mappings for course 346: 0
Found student without school trainer. UserID: 1482, SchoolID: 495
CourseID: 346
Mappings for course 346: 0
Found student without school trainer. UserID: 1483, SchoolID: 495
CourseID: 346
Mappings for course 346: 0
Found student without school trainer. UserID: 1484, SchoolID: 495
CourseID: 346
Mappings for course 346: 0
Found student without school trainer. UserID: 1485, SchoolID: 495
CourseID: 346
Mappings for course 346: 0
Found student without school trainer. UserID: 1486, SchoolID: 495
CourseID: 346
Mappings for course 346: 0
Found student without school trainer. UserID: 1487, SchoolID: 495
CourseID: 346
Mappings for course 346: 0
Found student without school trainer. UserID: 1488, SchoolID: 495
CourseID: 346
Mappings for course 346: 0
Found student without school trainer. UserID: 1489, SchoolID: 495
CourseID: 346
Mappings for course 346: 0
Found student without school trainer. UserID: 1490, SchoolID: 495
CourseID: 346
Mappings for course 346: 0
Found student without school trainer. UserID: 1491, SchoolID: 495
CourseID: 346
Mappings for course 346: 0
Found student without school trainer. UserID: 1492, SchoolID: 495
CourseID: 346
Mappings for course 346: 0
Found student without school trainer. UserID: 1493, SchoolID: 495
CourseID: 346
Mappings for course 346: 0
Found student without school trainer. UserID: 1494, SchoolID: 495
CourseID: 346
Mappings for course 346: 0
Found student without school trainer. UserID: 1495, SchoolID: 495
CourseID: 346
Mappings for course 346: 0
Found student without school trainer. UserID: 1496, SchoolID: 495
CourseID: 346
Mappings for course 346: 0
Found student without school trainer. UserID: 1497, SchoolID: 495
CourseID: 346
Mappings for course 346: 0
Found student without school trainer. UserID: 1498, SchoolID: 495
CourseID: 346
Mappings for course 346: 0
Found student without school trainer. UserID: 1499, SchoolID: 495
CourseID: 346
Mappings for course 346: 0
Found student without school trainer. UserID: 1500, SchoolID: 495
CourseID: 346
Mappings for course 346: 0
Found student without school trainer. UserID: 1501, SchoolID: 495
CourseID: 346
Mappings for course 346: 0
Found student without school trainer. UserID: 1502, SchoolID: 495
CourseID: 346
Mappings for course 346: 0
Found student without school trainer. UserID: 1503, SchoolID: 495
CourseID: 346
Mappings for course 346: 0
Found student without school trainer. UserID: 1504, SchoolID: 495
CourseID: 346
Mappings for course 346: 0
Found student without school trainer. UserID: 1505, SchoolID: 495
CourseID: 346
Mappings for course 346: 0
Found student without school trainer. UserID: 1506, SchoolID: 495
CourseID: 346
Mappings for course 346: 0
Found student without school trainer. UserID: 1507, SchoolID: 495
CourseID: 346
Mappings for course 346: 0
Found student without school trainer. UserID: 1508, SchoolID: 495
CourseID: 346
Mappings for course 346: 0
Found student without school trainer. UserID: 1509, SchoolID: 495
CourseID: 346
Mappings for course 346: 0
Found student without school trainer. UserID: 1510, SchoolID: 495
CourseID: 346
Mappings for course 346: 0
Found student without school trainer. UserID: 1511, SchoolID: 495
CourseID: 346
Mappings for course 346: 0
Found student without school trainer. UserID: 1512, SchoolID: 495
CourseID: 346
Mappings for course 346: 0
Found student without school trainer. UserID: 1513, SchoolID: 495
CourseID: 346
Mappings for course 346: 0
Found student without school trainer. UserID: 1514, SchoolID: 495
CourseID: 346
Mappings for course 346: 0
Found student without school trainer. UserID: 1515, SchoolID: 495
CourseID: 346
Mappings for course 346: 0
Found student without school trainer. UserID: 1516, SchoolID: 495
CourseID: 346
Mappings for course 346: 0
Found student without school trainer. UserID: 1517, SchoolID: 495
CourseID: 346
Mappings for course 346: 0
Found student without school trainer. UserID: 1518, SchoolID: 495
CourseID: 346
Mappings for course 346: 0
Found student without school trainer. UserID: 1519, SchoolID: 495
CourseID: 346
Mappings for course 346: 0
Found student without school trainer. UserID: 1520, SchoolID: 495
CourseID: 346
Mappings for course 346: 0
Found student without school trainer. UserID: 1521, SchoolID: 495
CourseID: 346
Mappings for course 346: 0
Found student without school trainer. UserID: 1522, SchoolID: 495
CourseID: 346
Mappings for course 346: 0
Found student without school trainer. UserID: 1523, SchoolID: 495
CourseID: 346
Mappings for course 346: 0
Found student without school trainer. UserID: 1524, SchoolID: 495
CourseID: 346
Mappings for course 346: 0
Found student without school trainer. UserID: 1525, SchoolID: 495
CourseID: 346
Mappings for course 346: 0
Found student without school trainer. UserID: 1526, SchoolID: 495
CourseID: 346
Mappings for course 346: 0
Found student without school trainer. UserID: 1527, SchoolID: 495
CourseID: 346
Mappings for course 346: 0
Found student without school trainer. UserID: 1528, SchoolID: 495
CourseID: 346
Mappings for course 346: 0
Found student without school trainer. UserID: 1529, SchoolID: 495
CourseID: 346
Mappings for course 346: 0
Found student without school trainer. UserID: 1530, SchoolID: 495
CourseID: 346
Mappings for course 346: 0
Found student without school trainer. UserID: 1531, SchoolID: 495
CourseID: 346
Mappings for course 346: 0
Found student without school trainer. UserID: 1532, SchoolID: 495
CourseID: 346
Mappings for course 346: 0
Found student without school trainer. UserID: 1533, SchoolID: 495
CourseID: 346
Mappings for course 346: 0
Found student without school trainer. UserID: 1534, SchoolID: 495
CourseID: 346
Mappings for course 346: 0
Found student without school trainer. UserID: 1535, SchoolID: 495
CourseID: 346
Mappings for course 346: 0
Found student without school trainer. UserID: 1536, SchoolID: 495
CourseID: 346
Mappings for course 346: 0
Found student without school trainer. UserID: 1537, SchoolID: 495
CourseID: 346
Mappings for course 346: 0
Found student without school trainer. UserID: 1538, SchoolID: 495
CourseID: 346
Mappings for course 346: 0
Found student without school trainer. UserID: 1539, SchoolID: 495
CourseID: 346
Mappings for course 346: 0
Found student without school trainer. UserID: 1540, SchoolID: 495
CourseID: 346
Mappings for course 346: 0
Found student without school trainer. UserID: 1541, SchoolID: 495
CourseID: 346
Mappings for course 346: 0
Found student without school trainer. UserID: 1542, SchoolID: 495
CourseID: 346
Mappings for course 346: 0
Found student without school trainer. UserID: 1543, SchoolID: 495
CourseID: 346
Mappings for course 346: 0
Found student without school trainer. UserID: 1544, SchoolID: 495
CourseID: 346
Mappings for course 346: 0
Found student without school trainer. UserID: 1545, SchoolID: 495
CourseID: 346
Mappings for course 346: 0
Found student without school trainer. UserID: 1546, SchoolID: 495
CourseID: 346
Mappings for course 346: 0
Found student without school trainer. UserID: 1547, SchoolID: 495
CourseID: 346
Mappings for course 346: 0
Found student without school trainer. UserID: 1548, SchoolID: 495
CourseID: 346
Mappings for course 346: 0
Found student without school trainer. UserID: 1549, SchoolID: 495
CourseID: 346
Mappings for course 346: 0
Found student without school trainer. UserID: 1550, SchoolID: 495
CourseID: 346
Mappings for course 346: 0
Found student without school trainer. UserID: 1551, SchoolID: 495
CourseID: 346
Mappings for course 346: 0
Found student without school trainer. UserID: 1552, SchoolID: 495
CourseID: 346
Mappings for course 346: 0
Found student without school trainer. UserID: 1553, SchoolID: 495
CourseID: 346
Mappings for course 346: 0
Found student without school trainer. UserID: 1554, SchoolID: 495
CourseID: 346
Mappings for course 346: 0
Found student without school trainer. UserID: 1555, SchoolID: 495
CourseID: 346
Mappings for course 346: 0
Found student without school trainer. UserID: 1556, SchoolID: 495
CourseID: 346
Mappings for course 346: 0
Found student without school trainer. UserID: 1557, SchoolID: 495
CourseID: 346
Mappings for course 346: 0
Found student without school trainer. UserID: 1558, SchoolID: 495
CourseID: 346
Mappings for course 346: 0
Found student without school trainer. UserID: 1559, SchoolID: 495
CourseID: 346
Mappings for course 346: 0
Found student without school trainer. UserID: 1560, SchoolID: 495
CourseID: 346
Mappings for course 346: 0
Found student without school trainer. UserID: 1561, SchoolID: 495
CourseID: 346
Mappings for course 346: 0
Found student without school trainer. UserID: 1562, SchoolID: 495
CourseID: 346
Mappings for course 346: 0
Found student without school trainer. UserID: 1563, SchoolID: 495
CourseID: 346
Mappings for course 346: 0
Found student without school trainer. UserID: 1564, SchoolID: 495
CourseID: 346
Mappings for course 346: 0
Found student without school trainer. UserID: 1565, SchoolID: 495
CourseID: 346
Mappings for course 346: 0
Found student without school trainer. UserID: 1566, SchoolID: 495
CourseID: 346
Mappings for course 346: 0
Found student without school trainer. UserID: 1567, SchoolID: 495
CourseID: 346
Mappings for course 346: 0
Found student without school trainer. UserID: 1568, SchoolID: 495
CourseID: 346
Mappings for course 346: 0
Found student without school trainer. UserID: 1569, SchoolID: 495
CourseID: 346
Mappings for course 346: 0
Found student without school trainer. UserID: 1570, SchoolID: 495
CourseID: 346
Mappings for course 346: 0
Found student without school trainer. UserID: 1571, SchoolID: 495
CourseID: 346
Mappings for course 346: 0
Found student without school trainer. UserID: 1572, SchoolID: 495
CourseID: 346
Mappings for course 346: 0
Found student without school trainer. UserID: 1573, SchoolID: 495
CourseID: 346
Mappings for course 346: 0
Found student without school trainer. UserID: 1574, SchoolID: 495
CourseID: 346
Mappings for course 346: 0
Found student without school trainer. UserID: 1575, SchoolID: 495
CourseID: 346
Mappings for course 346: 0
Found student without school trainer. UserID: 1576, SchoolID: 495
CourseID: 346
Mappings for course 346: 0
Found student without school trainer. UserID: 1577, SchoolID: 495
CourseID: 346
Mappings for course 346: 0
Found student without school trainer. UserID: 1578, SchoolID: 495
CourseID: 346
Mappings for course 346: 0
Found student without school trainer. UserID: 1579, SchoolID: 495
CourseID: 346
Mappings for course 346: 0
Found student without school trainer. UserID: 1580, SchoolID: 495
CourseID: 346
Mappings for course 346: 0
Found student without school trainer. UserID: 1581, SchoolID: 495
CourseID: 346
Mappings for course 346: 0
Found student without school trainer. UserID: 1582, SchoolID: 495
CourseID: 346
Mappings for course 346: 0
Found student without school trainer. UserID: 1583, SchoolID: 495
CourseID: 346
Mappings for course 346: 0
Found student without school trainer. UserID: 1584, SchoolID: 495
CourseID: 346
Mappings for course 346: 0
Found student without school trainer. UserID: 1585, SchoolID: 495
CourseID: 346
Mappings for course 346: 0
Found student without school trainer. UserID: 1586, SchoolID: 495
CourseID: 346
Mappings for course 346: 0
Found student without school trainer. UserID: 1587, SchoolID: 495
CourseID: 346
Mappings for course 346: 0
Found student without school trainer. UserID: 1588, SchoolID: 495
CourseID: 346
Mappings for course 346: 0
Found student without school trainer. UserID: 1589, SchoolID: 495
CourseID: 346
Mappings for course 346: 0
Found student without school trainer. UserID: 1590, SchoolID: 495
CourseID: 346
Mappings for course 346: 0
Found student without school trainer. UserID: 1591, SchoolID: 495
CourseID: 346
Mappings for course 346: 0
Found student without school trainer. UserID: 1592, SchoolID: 495
CourseID: 346
Mappings for course 346: 0
Found student without school trainer. UserID: 1593, SchoolID: 495
CourseID: 346
Mappings for course 346: 0
Found student without school trainer. UserID: 1594, SchoolID: 495
CourseID: 346
Mappings for course 346: 0
Found student without school trainer. UserID: 1595, SchoolID: 495
CourseID: 346
Mappings for course 346: 0
Found student without school trainer. UserID: 1596, SchoolID: 495
CourseID: 346
Mappings for course 346: 0
Found student without school trainer. UserID: 1597, SchoolID: 495
CourseID: 346
Mappings for course 346: 0
Found student without school trainer. UserID: 1598, SchoolID: 495
CourseID: 346
Mappings for course 346: 0
Found student without school trainer. UserID: 1599, SchoolID: 495
CourseID: 346
Mappings for course 346: 0
Found student without school trainer. UserID: 1600, SchoolID: 495
CourseID: 346
Mappings for course 346: 0
Found student without school trainer. UserID: 1601, SchoolID: 495
CourseID: 346
Mappings for course 346: 0
Found student without school trainer. UserID: 1602, SchoolID: 495
CourseID: 346
Mappings for course 346: 0
Found student without school trainer. UserID: 1603, SchoolID: 495
CourseID: 346
Mappings for course 346: 0
Found student without school trainer. UserID: 1604, SchoolID: 495
CourseID: 346
Mappings for course 346: 0
Found student without school trainer. UserID: 1605, SchoolID: 495
CourseID: 346
Mappings for course 346: 0
Found student without school trainer. UserID: 1606, SchoolID: 495
CourseID: 346
Mappings for course 346: 0
Found student without school trainer. UserID: 1607, SchoolID: 495
CourseID: 346
Mappings for course 346: 0
Found student without school trainer. UserID: 1608, SchoolID: 495
CourseID: 346
Mappings for course 346: 0
Found student without school trainer. UserID: 1609, SchoolID: 495
CourseID: 346
Mappings for course 346: 0
Found student without school trainer. UserID: 1610, SchoolID: 495
CourseID: 346
Mappings for course 346: 0
Found student without school trainer. UserID: 1611, SchoolID: 495
CourseID: 346
Mappings for course 346: 0
Found student without school trainer. UserID: 1612, SchoolID: 495
CourseID: 346
Mappings for course 346: 0
Found student without school trainer. UserID: 1613, SchoolID: 495
CourseID: 346
Mappings for course 346: 0
Found student without school trainer. UserID: 1614, SchoolID: 495
CourseID: 346
Mappings for course 346: 0
Found student without school trainer. UserID: 1615, SchoolID: 495
CourseID: 346
Mappings for course 346: 0
Found student without school trainer. UserID: 1616, SchoolID: 495
CourseID: 346
Mappings for course 346: 0
Found student without school trainer. UserID: 1617, SchoolID: 495
CourseID: 346
Mappings for course 346: 0
Found student without school trainer. UserID: 1618, SchoolID: 495
CourseID: 346
Mappings for course 346: 0
Found student without school trainer. UserID: 1619, SchoolID: 495
CourseID: 347
Mappings for course 347: 0
Found student without school trainer. UserID: 1620, SchoolID: 495
CourseID: 347
Mappings for course 347: 0
Found student without school trainer. UserID: 1621, SchoolID: 495
CourseID: 347
Mappings for course 347: 0
Found student without school trainer. UserID: 1622, SchoolID: 495
CourseID: 347
Mappings for course 347: 0
Found student without school trainer. UserID: 1623, SchoolID: 495
CourseID: 347
Mappings for course 347: 0
Found student without school trainer. UserID: 1624, SchoolID: 495
CourseID: 347
Mappings for course 347: 0
Found student without school trainer. UserID: 1625, SchoolID: 495
CourseID: 347
Mappings for course 347: 0
Found student without school trainer. UserID: 1626, SchoolID: 495
CourseID: 347
Mappings for course 347: 0
Found student without school trainer. UserID: 1627, SchoolID: 495
CourseID: 347
Mappings for course 347: 0
Found student without school trainer. UserID: 1628, SchoolID: 495
CourseID: 347
Mappings for course 347: 0
Found student without school trainer. UserID: 1629, SchoolID: 495
CourseID: 347
Mappings for course 347: 0
Found student without school trainer. UserID: 1630, SchoolID: 495
CourseID: 347
Mappings for course 347: 0
Found student without school trainer. UserID: 1631, SchoolID: 495
CourseID: 347
Mappings for course 347: 0
Found student without school trainer. UserID: 1632, SchoolID: 495
CourseID: 347
Mappings for course 347: 0
Found student without school trainer. UserID: 1633, SchoolID: 495
CourseID: 347
Mappings for course 347: 0
Found student without school trainer. UserID: 1634, SchoolID: 495
CourseID: 347
Mappings for course 347: 0
Found student without school trainer. UserID: 1635, SchoolID: 495
CourseID: 347
Mappings for course 347: 0
Found student without school trainer. UserID: 1636, SchoolID: 495
CourseID: 347
Mappings for course 347: 0
Found student without school trainer. UserID: 1637, SchoolID: 495
CourseID: 347
Mappings for course 347: 0
Found student without school trainer. UserID: 1638, SchoolID: 495
CourseID: 347
Mappings for course 347: 0
Found student without school trainer. UserID: 1639, SchoolID: 495
CourseID: 347
Mappings for course 347: 0
Found student without school trainer. UserID: 1640, SchoolID: 495
CourseID: 347
Mappings for course 347: 0
Found student without school trainer. UserID: 1641, SchoolID: 495
CourseID: 347
Mappings for course 347: 0
Found student without school trainer. UserID: 1642, SchoolID: 495
CourseID: 347
Mappings for course 347: 0
Found student without school trainer. UserID: 1643, SchoolID: 495
CourseID: 347
Mappings for course 347: 0
Found student without school trainer. UserID: 1644, SchoolID: 495
CourseID: 347
Mappings for course 347: 0
Found student without school trainer. UserID: 1645, SchoolID: 495
CourseID: 347
Mappings for course 347: 0
Found student without school trainer. UserID: 1646, SchoolID: 495
CourseID: 347
Mappings for course 347: 0
Found student without school trainer. UserID: 1647, SchoolID: 495
CourseID: 347
Mappings for course 347: 0
Found student without school trainer. UserID: 1648, SchoolID: 495
CourseID: 347
Mappings for course 347: 0
Found student without school trainer. UserID: 1649, SchoolID: 495
CourseID: 347
Mappings for course 347: 0
Found student without school trainer. UserID: 1650, SchoolID: 495
CourseID: 347
Mappings for course 347: 0
Found student without school trainer. UserID: 1651, SchoolID: 495
CourseID: 347
Mappings for course 347: 0
Found student without school trainer. UserID: 1652, SchoolID: 495
CourseID: 347
Mappings for course 347: 0
Found student without school trainer. UserID: 1653, SchoolID: 495
CourseID: 347
Mappings for course 347: 0
Found student without school trainer. UserID: 1654, SchoolID: 495
CourseID: 347
Mappings for course 347: 0
Found student without school trainer. UserID: 1655, SchoolID: 495
CourseID: 347
Mappings for course 347: 0
Found student without school trainer. UserID: 1656, SchoolID: 495
CourseID: 347
Mappings for course 347: 0
Found student without school trainer. UserID: 1657, SchoolID: 495
CourseID: 347
Mappings for course 347: 0
Found student without school trainer. UserID: 1658, SchoolID: 495
CourseID: 347
Mappings for course 347: 0
Found student without school trainer. UserID: 1659, SchoolID: 495
CourseID: 347
Mappings for course 347: 0
Found student without school trainer. UserID: 1660, SchoolID: 495
CourseID: 347
Mappings for course 347: 0
Found student without school trainer. UserID: 1661, SchoolID: 495
CourseID: 347
Mappings for course 347: 0
Found student without school trainer. UserID: 1662, SchoolID: 495
CourseID: 347
Mappings for course 347: 0
Found student without school trainer. UserID: 1663, SchoolID: 495
CourseID: 347
Mappings for course 347: 0
Found student without school trainer. UserID: 1664, SchoolID: 495
CourseID: 347
Mappings for course 347: 0
Found student without school trainer. UserID: 1665, SchoolID: 495
CourseID: 347
Mappings for course 347: 0
Found student without school trainer. UserID: 1666, SchoolID: 495
CourseID: 347
Mappings for course 347: 0
Found student without school trainer. UserID: 1667, SchoolID: 495
CourseID: 347
Mappings for course 347: 0
Found student without school trainer. UserID: 1668, SchoolID: 495
CourseID: 347
Mappings for course 347: 0
Found student without school trainer. UserID: 1669, SchoolID: 495
CourseID: 347
Mappings for course 347: 0
Found student without school trainer. UserID: 1670, SchoolID: 495
CourseID: 347
Mappings for course 347: 0
Found student without school trainer. UserID: 1671, SchoolID: 495
CourseID: 347
Mappings for course 347: 0
Found student without school trainer. UserID: 1672, SchoolID: 495
CourseID: 347
Mappings for course 347: 0
Found student without school trainer. UserID: 1673, SchoolID: 495
CourseID: 347
Mappings for course 347: 0
Found student without school trainer. UserID: 1674, SchoolID: 495
CourseID: 347
Mappings for course 347: 0
Found student without school trainer. UserID: 1675, SchoolID: 495
CourseID: 347
Mappings for course 347: 0
Found student without school trainer. UserID: 1676, SchoolID: 495
CourseID: 347
Mappings for course 347: 0
Found student without school trainer. UserID: 1677, SchoolID: 495
CourseID: 347
Mappings for course 347: 0
Found student without school trainer. UserID: 1678, SchoolID: 495
CourseID: 347
Mappings for course 347: 0
Found student without school trainer. UserID: 1679, SchoolID: 495
CourseID: 347
Mappings for course 347: 0
Found student without school trainer. UserID: 1680, SchoolID: 495
CourseID: 347
Mappings for course 347: 0
Found student without school trainer. UserID: 1681, SchoolID: 495
CourseID: 347
Mappings for course 347: 0
Found student without school trainer. UserID: 1682, SchoolID: 495
CourseID: 347
Mappings for course 347: 0
Found student without school trainer. UserID: 1683, SchoolID: 495
CourseID: 347
Mappings for course 347: 0
Found student without school trainer. UserID: 1684, SchoolID: 495
CourseID: 347
Mappings for course 347: 0
Found student without school trainer. UserID: 1685, SchoolID: 495
CourseID: 347
Mappings for course 347: 0
Found student without school trainer. UserID: 1686, SchoolID: 495
CourseID: 347
Mappings for course 347: 0
Found student without school trainer. UserID: 1687, SchoolID: 495
CourseID: 347
Mappings for course 347: 0
Found student without school trainer. UserID: 1688, SchoolID: 495
CourseID: 347
Mappings for course 347: 0
Found student without school trainer. UserID: 1689, SchoolID: 495
CourseID: 347
Mappings for course 347: 0
Found student without school trainer. UserID: 1690, SchoolID: 495
CourseID: 347
Mappings for course 347: 0
Found student without school trainer. UserID: 1691, SchoolID: 495
CourseID: 347
Mappings for course 347: 0
Found student without school trainer. UserID: 1692, SchoolID: 495
CourseID: 347
Mappings for course 347: 0
Found student without school trainer. UserID: 1693, SchoolID: 495
CourseID: 347
Mappings for course 347: 0
Found student without school trainer. UserID: 1694, SchoolID: 495
CourseID: 347
Mappings for course 347: 0
Found student without school trainer. UserID: 1695, SchoolID: 495
CourseID: 347
Mappings for course 347: 0
Found student without school trainer. UserID: 1696, SchoolID: 495
CourseID: 347
Mappings for course 347: 0
Found student without school trainer. UserID: 1697, SchoolID: 495
CourseID: 347
Mappings for course 347: 0
Found student without school trainer. UserID: 1698, SchoolID: 495
CourseID: 347
Mappings for course 347: 0
Found student without school trainer. UserID: 1699, SchoolID: 495
CourseID: 347
Mappings for course 347: 0
Found student without school trainer. UserID: 1700, SchoolID: 495
CourseID: 347
Mappings for course 347: 0
Found student without school trainer. UserID: 1701, SchoolID: 495
CourseID: 347
Mappings for course 347: 0
Found student without school trainer. UserID: 1702, SchoolID: 495
CourseID: 347
Mappings for course 347: 0
Found student without school trainer. UserID: 1703, SchoolID: 495
CourseID: 347
Mappings for course 347: 0
Found student without school trainer. UserID: 1704, SchoolID: 495
CourseID: 347
Mappings for course 347: 0
Found student without school trainer. UserID: 1705, SchoolID: 495
CourseID: 347
Mappings for course 347: 0
Found student without school trainer. UserID: 1706, SchoolID: 495
CourseID: 347
Mappings for course 347: 0
Found student without school trainer. UserID: 1707, SchoolID: 495
CourseID: 347
Mappings for course 347: 0
Found student without school trainer. UserID: 1708, SchoolID: 495
CourseID: 347
Mappings for course 347: 0
Found student without school trainer. UserID: 1709, SchoolID: 495
CourseID: 347
Mappings for course 347: 0
Found student without school trainer. UserID: 1710, SchoolID: 495
CourseID: 347
Mappings for course 347: 0
Found student without school trainer. UserID: 1711, SchoolID: 495
CourseID: 347
Mappings for course 347: 0
Found student without school trainer. UserID: 1712, SchoolID: 495
CourseID: 347
Mappings for course 347: 0
Found student without school trainer. UserID: 1713, SchoolID: 495
CourseID: 347
Mappings for course 347: 0
Found student without school trainer. UserID: 1714, SchoolID: 495
CourseID: 347
Mappings for course 347: 0
Found student without school trainer. UserID: 1715, SchoolID: 495
CourseID: 347
Mappings for course 347: 0
Found student without school trainer. UserID: 1716, SchoolID: 495
CourseID: 347
Mappings for course 347: 0
Found student without school trainer. UserID: 1717, SchoolID: 495
CourseID: 347
Mappings for course 347: 0
Found student without school trainer. UserID: 1718, SchoolID: 495
CourseID: 347
Mappings for course 347: 0
Found student without school trainer. UserID: 1719, SchoolID: 495
CourseID: 347
Mappings for course 347: 0
Found student without school trainer. UserID: 1720, SchoolID: 495
CourseID: 347
Mappings for course 347: 0
Found student without school trainer. UserID: 1721, SchoolID: 495
CourseID: 347
Mappings for course 347: 0
Found student without school trainer. UserID: 1722, SchoolID: 495
CourseID: 347
Mappings for course 347: 0
Found student without school trainer. UserID: 1723, SchoolID: 495
CourseID: 347
Mappings for course 347: 0
Found student without school trainer. UserID: 1724, SchoolID: 495
CourseID: 347
Mappings for course 347: 0
Found student without school trainer. UserID: 1725, SchoolID: 495
CourseID: 347
Mappings for course 347: 0
Found student without school trainer. UserID: 1726, SchoolID: 495
CourseID: 347
Mappings for course 347: 0
Found student without school trainer. UserID: 1727, SchoolID: 495
CourseID: 347
Mappings for course 347: 0
Found student without school trainer. UserID: 1728, SchoolID: 495
CourseID: 347
Mappings for course 347: 0
Found student without school trainer. UserID: 1729, SchoolID: 495
CourseID: 347
Mappings for course 347: 0
Found student without school trainer. UserID: 1730, SchoolID: 495
CourseID: 347
Mappings for course 347: 0
Found student without school trainer. UserID: 1731, SchoolID: 495
CourseID: 347
Mappings for course 347: 0
Found student without school trainer. UserID: 1732, SchoolID: 495
CourseID: 347
Mappings for course 347: 0
Found student without school trainer. UserID: 1733, SchoolID: 495
CourseID: 347
Mappings for course 347: 0
Found student without school trainer. UserID: 1734, SchoolID: 495
CourseID: 347
Mappings for course 347: 0
Found student without school trainer. UserID: 1735, SchoolID: 495
CourseID: 347
Mappings for course 347: 0
Found student without school trainer. UserID: 1736, SchoolID: 495
CourseID: 347
Mappings for course 347: 0
Found student without school trainer. UserID: 1737, SchoolID: 495
CourseID: 347
Mappings for course 347: 0
Found student without school trainer. UserID: 1738, SchoolID: 495
CourseID: 347
Mappings for course 347: 0
Found student without school trainer. UserID: 1739, SchoolID: 495
CourseID: 347
Mappings for course 347: 0
Found student without school trainer. UserID: 1740, SchoolID: 495
CourseID: 347
Mappings for course 347: 0
Found student without school trainer. UserID: 1741, SchoolID: 495
CourseID: 347
Mappings for course 347: 0
Found student without school trainer. UserID: 1742, SchoolID: 495
CourseID: 347
Mappings for course 347: 0
Found student without school trainer. UserID: 1743, SchoolID: 495
CourseID: 347
Mappings for course 347: 0
Found student without school trainer. UserID: 1744, SchoolID: 495
CourseID: 347
Mappings for course 347: 0
Found student without school trainer. UserID: 1745, SchoolID: 495
CourseID: 347
Mappings for course 347: 0
Found student without school trainer. UserID: 1746, SchoolID: 495
CourseID: 347
Mappings for course 347: 0
Found student without school trainer. UserID: 1747, SchoolID: 495
CourseID: 347
Mappings for course 347: 0
Found student without school trainer. UserID: 1748, SchoolID: 495
CourseID: 347
Mappings for course 347: 0
Found student without school trainer. UserID: 1749, SchoolID: 495
CourseID: 347
Mappings for course 347: 0
Found student without school trainer. UserID: 1750, SchoolID: 495
CourseID: 347
Mappings for course 347: 0
Found student without school trainer. UserID: 1751, SchoolID: 495
CourseID: 347
Mappings for course 347: 0
Found student without school trainer. UserID: 1752, SchoolID: 495
CourseID: 347
Mappings for course 347: 0
Found student without school trainer. UserID: 1753, SchoolID: 495
CourseID: 347
Mappings for course 347: 0
Found student without school trainer. UserID: 1754, SchoolID: 495
CourseID: 347
Mappings for course 347: 0
Found student without school trainer. UserID: 1755, SchoolID: 495
CourseID: 347
Mappings for course 347: 0
Found student without school trainer. UserID: 1756, SchoolID: 495
CourseID: 347
Mappings for course 347: 0
Found student without school trainer. UserID: 1757, SchoolID: 495
CourseID: 347
Mappings for course 347: 0
Found student without school trainer. UserID: 1758, SchoolID: 495
CourseID: 347
Mappings for course 347: 0
Found student without school trainer. UserID: 1759, SchoolID: 495
CourseID: 347
Mappings for course 347: 0
Found student without school trainer. UserID: 1760, SchoolID: 495
CourseID: 347
Mappings for course 347: 0
Found student without school trainer. UserID: 1761, SchoolID: 495
CourseID: 347
Mappings for course 347: 0
Found student without school trainer. UserID: 1762, SchoolID: 495
CourseID: 347
Mappings for course 347: 0
Found student without school trainer. UserID: 1763, SchoolID: 495
CourseID: 347
Mappings for course 347: 0
Found student without school trainer. UserID: 1764, SchoolID: 495
CourseID: 347
Mappings for course 347: 0
Found student without school trainer. UserID: 1765, SchoolID: 495
CourseID: 347
Mappings for course 347: 0
Found student without school trainer. UserID: 1766, SchoolID: 495
CourseID: 347
Mappings for course 347: 0
Found student without school trainer. UserID: 1767, SchoolID: 495
CourseID: 347
Mappings for course 347: 0
Found student without school trainer. UserID: 1768, SchoolID: 495
CourseID: 347
Mappings for course 347: 0
Found student without school trainer. UserID: 1769, SchoolID: 495
CourseID: 347
Mappings for course 347: 0
Found student without school trainer. UserID: 1770, SchoolID: 495
CourseID: 347
Mappings for course 347: 0
Found student without school trainer. UserID: 1771, SchoolID: 495
CourseID: 347
Mappings for course 347: 0
Found student without school trainer. UserID: 1772, SchoolID: 495
CourseID: 347
Mappings for course 347: 0
Found student without school trainer. UserID: 1773, SchoolID: 495
CourseID: 347
Mappings for course 347: 0
Found student without school trainer. UserID: 1774, SchoolID: 495
CourseID: 347
Mappings for course 347: 0
Found student without school trainer. UserID: 1775, SchoolID: 495
CourseID: 347
Mappings for course 347: 0
Found student without school trainer. UserID: 1776, SchoolID: 495
CourseID: 347
Mappings for course 347: 0
Found student without school trainer. UserID: 1777, SchoolID: 495
CourseID: 347
Mappings for course 347: 0
Found student without school trainer. UserID: 1778, SchoolID: 495
CourseID: 347
Mappings for course 347: 0
Found student without school trainer. UserID: 1779, SchoolID: 495
CourseID: 347
Mappings for course 347: 0
Found student without school trainer. UserID: 1780, SchoolID: 495
CourseID: 347
Mappings for course 347: 0
Found student without school trainer. UserID: 1781, SchoolID: 495
CourseID: 347
Mappings for course 347: 0
Found student without school trainer. UserID: 1782, SchoolID: 495
CourseID: 347
Mappings for course 347: 0
Found student without school trainer. UserID: 1783, SchoolID: 495
CourseID: 347
Mappings for course 347: 0
Found student without school trainer. UserID: 1784, SchoolID: 495
CourseID: 347
Mappings for course 347: 0
Found student without school trainer. UserID: 1785, SchoolID: 495
CourseID: 347
Mappings for course 347: 0
Found student without school trainer. UserID: 1786, SchoolID: 495
CourseID: 347
Mappings for course 347: 0
Found student without school trainer. UserID: 1787, SchoolID: 495
CourseID: 347
Mappings for course 347: 0
Found student without school trainer. UserID: 1788, SchoolID: 495
CourseID: 347
Mappings for course 347: 0
Found student without school trainer. UserID: 1789, SchoolID: 495
CourseID: 347
Mappings for course 347: 0
Found student without school trainer. UserID: 1790, SchoolID: 495
CourseID: 347
Mappings for course 347: 0
Found student without school trainer. UserID: 1791, SchoolID: 495
CourseID: 347
Mappings for course 347: 0
Found student without school trainer. UserID: 1792, SchoolID: 495
CourseID: 347
Mappings for course 347: 0
Found student without school trainer. UserID: 1793, SchoolID: 495
CourseID: 347
Mappings for course 347: 0
Found student without school trainer. UserID: 1794, SchoolID: 495
CourseID: 347
Mappings for course 347: 0
Found student without school trainer. UserID: 1795, SchoolID: 495
CourseID: 347
Mappings for course 347: 0
Found student without school trainer. UserID: 1796, SchoolID: 495
CourseID: 347
Mappings for course 347: 0
Found student without school trainer. UserID: 1797, SchoolID: 495
CourseID: 347
Mappings for course 347: 0
Found student without school trainer. UserID: 1798, SchoolID: 495
CourseID: 347
Mappings for course 347: 0
Found student without school trainer. UserID: 1799, SchoolID: 495
CourseID: 347
Mappings for course 347: 0
Found student without school trainer. UserID: 1800, SchoolID: 495
CourseID: 347
Mappings for course 347: 0
Found student without school trainer. UserID: 1801, SchoolID: 495
CourseID: 347
Mappings for course 347: 0
Found student without school trainer. UserID: 1802, SchoolID: 495
CourseID: 347
Mappings for course 347: 0
Found student without school trainer. UserID: 1803, SchoolID: 495
CourseID: 347
Mappings for course 347: 0
Found student without school trainer. UserID: 1804, SchoolID: 495
CourseID: 347
Mappings for course 347: 0
Found student without school trainer. UserID: 1805, SchoolID: 495
CourseID: 347
Mappings for course 347: 0
Found student without school trainer. UserID: 1806, SchoolID: 495
CourseID: 347
Mappings for course 347: 0
Found student without school trainer. UserID: 1807, SchoolID: 495
CourseID: 347
Mappings for course 347: 0
Found student without school trainer. UserID: 1808, SchoolID: 495
CourseID: 347
Mappings for course 347: 0
Found student without school trainer. UserID: 1809, SchoolID: 495
CourseID: 347
Mappings for course 347: 0
Found student without school trainer. UserID: 1810, SchoolID: 495
CourseID: 347
Mappings for course 347: 0
Found student without school trainer. UserID: 1811, SchoolID: 495
CourseID: 347
Mappings for course 347: 0
Found student without school trainer. UserID: 1812, SchoolID: 495
CourseID: 347
Mappings for course 347: 0
Found student without school trainer. UserID: 1813, SchoolID: 495
CourseID: 347
Mappings for course 347: 0
Found student without school trainer. UserID: 1814, SchoolID: 495
CourseID: 347
Mappings for course 347: 0
Found student without school trainer. UserID: 1815, SchoolID: 495
CourseID: 347
Mappings for course 347: 0
Found student without school trainer. UserID: 1816, SchoolID: 495
CourseID: 347
Mappings for course 347: 0
Found student without school trainer. UserID: 1817, SchoolID: 495
CourseID: 347
Mappings for course 347: 0
Found student without school trainer. UserID: 1818, SchoolID: 495
CourseID: 347
Mappings for course 347: 0
Found student without school trainer. UserID: 1819, SchoolID: 495
CourseID: 347
Mappings for course 347: 0
Found student without school trainer. UserID: 1820, SchoolID: 495
CourseID: 347
Mappings for course 347: 0
Found student without school trainer. UserID: 1821, SchoolID: 495
CourseID: 347
Mappings for course 347: 0
Found student without school trainer. UserID: 1822, SchoolID: 495
CourseID: 347
Mappings for course 347: 0
Found student without school trainer. UserID: 1823, SchoolID: 495
CourseID: 347
Mappings for course 347: 0
Found student without school trainer. UserID: 1824, SchoolID: 495
CourseID: 347
Mappings for course 347: 0
Found student without school trainer. UserID: 1825, SchoolID: 495
CourseID: 347
Mappings for course 347: 0
Found student without school trainer. UserID: 1826, SchoolID: 495
CourseID: 347
Mappings for course 347: 0
Found student without school trainer. UserID: 1827, SchoolID: 495
CourseID: 347
Mappings for course 347: 0
Found student without school trainer. UserID: 1828, SchoolID: 495
CourseID: 347
Mappings for course 347: 0
Found student without school trainer. UserID: 1829, SchoolID: 495
CourseID: 347
Mappings for course 347: 0
Found student without school trainer. UserID: 1830, SchoolID: 495
CourseID: 347
Mappings for course 347: 0
Found student without school trainer. UserID: 1831, SchoolID: 495
CourseID: 347
Mappings for course 347: 0
Found student without school trainer. UserID: 1832, SchoolID: 495
CourseID: 347
Mappings for course 347: 0
Found student without school trainer. UserID: 1833, SchoolID: 495
CourseID: 347
Mappings for course 347: 0
Found student without school trainer. UserID: 1834, SchoolID: 495
CourseID: 347
Mappings for course 347: 0
Found student without school trainer. UserID: 1835, SchoolID: 495
CourseID: 347
Mappings for course 347: 0
Found student without school trainer. UserID: 1836, SchoolID: 495
CourseID: 347
Mappings for course 347: 0
Found student without school trainer. UserID: 1837, SchoolID: 495
CourseID: 347
Mappings for course 347: 0
Found student without school trainer. UserID: 1838, SchoolID: 495
CourseID: 347
Mappings for course 347: 0
Found student without school trainer. UserID: 1839, SchoolID: 495
CourseID: 347
Mappings for course 347: 0
Found student without school trainer. UserID: 1840, SchoolID: 495
CourseID: 347
Mappings for course 347: 0
Found student without school trainer. UserID: 1841, SchoolID: 495
CourseID: 347
Mappings for course 347: 0
Found student without school trainer. UserID: 1842, SchoolID: 495
CourseID: 347
Mappings for course 347: 0
Found student without school trainer. UserID: 1843, SchoolID: 495
CourseID: 347
Mappings for course 347: 0
Found student without school trainer. UserID: 1844, SchoolID: 495
CourseID: 347
Mappings for course 347: 0
Found student without school trainer. UserID: 1845, SchoolID: 495
CourseID: 347
Mappings for course 347: 0
Found student without school trainer. UserID: 1846, SchoolID: 495
CourseID: 347
Mappings for course 347: 0
Found student without school trainer. UserID: 1847, SchoolID: 495
CourseID: 347
Mappings for course 347: 0
Found student without school trainer. UserID: 1848, SchoolID: 495
CourseID: 347
Mappings for course 347: 0
Found student without school trainer. UserID: 1849, SchoolID: 495
CourseID: 347
Mappings for course 347: 0
Found student without school trainer. UserID: 1850, SchoolID: 495
CourseID: 347
Mappings for course 347: 0
Found student without school trainer. UserID: 1851, SchoolID: 495
CourseID: 347
Mappings for course 347: 0
Found student without school trainer. UserID: 1852, SchoolID: 495
CourseID: 347
Mappings for course 347: 0
Found student without school trainer. UserID: 1853, SchoolID: 495
CourseID: 347
Mappings for course 347: 0
Found student without school trainer. UserID: 1854, SchoolID: 495
CourseID: 347
Mappings for course 347: 0
Found student without school trainer. UserID: 1855, SchoolID: 495
CourseID: 347
Mappings for course 347: 0
Found student without school trainer. UserID: 1856, SchoolID: 495
CourseID: 347
Mappings for course 347: 0
Found student without school trainer. UserID: 1857, SchoolID: 495
CourseID: 347
Mappings for course 347: 0
Found student without school trainer. UserID: 1858, SchoolID: 495
CourseID: 347
Mappings for course 347: 0
Found student without school trainer. UserID: 1859, SchoolID: 495
CourseID: 347
Mappings for course 347: 0
Found student without school trainer. UserID: 1860, SchoolID: 495
CourseID: 347
Mappings for course 347: 0
Found student without school trainer. UserID: 1861, SchoolID: 495
CourseID: 347
Mappings for course 347: 0
Found student without school trainer. UserID: 1862, SchoolID: 495
CourseID: 347
Mappings for course 347: 0
Found student without school trainer. UserID: 1863, SchoolID: 495
CourseID: 347
Mappings for course 347: 0
Found student without school trainer. UserID: 1864, SchoolID: 495
CourseID: 347
Mappings for course 347: 0
Found student without school trainer. UserID: 1865, SchoolID: 495
CourseID: 347
Mappings for course 347: 0
Found student without school trainer. UserID: 1866, SchoolID: 495
CourseID: 347
Mappings for course 347: 0
Found student without school trainer. UserID: 1867, SchoolID: 495
CourseID: 347
Mappings for course 347: 0
Found student without school trainer. UserID: 1868, SchoolID: 495
CourseID: 347
Mappings for course 347: 0
Found student without school trainer. UserID: 1869, SchoolID: 495
CourseID: 347
Mappings for course 347: 0
Found student without school trainer. UserID: 1870, SchoolID: 495
CourseID: 347
Mappings for course 347: 0
Found student without school trainer. UserID: 1871, SchoolID: 495
CourseID: 347
Mappings for course 347: 0
Found student without school trainer. UserID: 1872, SchoolID: 495
CourseID: 347
Mappings for course 347: 0
Found student without school trainer. UserID: 1873, SchoolID: 495
CourseID: 347
Mappings for course 347: 0
Found student without school trainer. UserID: 1874, SchoolID: 495
CourseID: 347
Mappings for course 347: 0
Found student without school trainer. UserID: 1875, SchoolID: 495
CourseID: 347
Mappings for course 347: 0
Found student without school trainer. UserID: 1876, SchoolID: 495
CourseID: 347
Mappings for course 347: 0
Found student without school trainer. UserID: 1877, SchoolID: 495
CourseID: 347
Mappings for course 347: 0
Found student without school trainer. UserID: 1878, SchoolID: 495
CourseID: 347
Mappings for course 347: 0
Found student without school trainer. UserID: 1879, SchoolID: 495
CourseID: 347
Mappings for course 347: 0
Found student without school trainer. UserID: 1880, SchoolID: 495
CourseID: 347
Mappings for course 347: 0
Found student without school trainer. UserID: 1881, SchoolID: 495
CourseID: 347
Mappings for course 347: 0
Found student without school trainer. UserID: 1882, SchoolID: 495
CourseID: 347
Mappings for course 347: 0
Found student without school trainer. UserID: 1883, SchoolID: 495
CourseID: 347
Mappings for course 347: 0
Found student without school trainer. UserID: 1884, SchoolID: 495
CourseID: 347
Mappings for course 347: 0
Found student without school trainer. UserID: 1885, SchoolID: 495
CourseID: 347
Mappings for course 347: 0
Found student without school trainer. UserID: 1886, SchoolID: 495
CourseID: 347
Mappings for course 347: 0
Found student without school trainer. UserID: 1887, SchoolID: 495
CourseID: 347
Mappings for course 347: 0
Found student without school trainer. UserID: 1888, SchoolID: 495
CourseID: 347
Mappings for course 347: 0
Found student without school trainer. UserID: 1889, SchoolID: 495
CourseID: 347
Mappings for course 347: 0
Found student without school trainer. UserID: 1890, SchoolID: 495
CourseID: 347
Mappings for course 347: 0
Found student without school trainer. UserID: 1891, SchoolID: 495
CourseID: 347
Mappings for course 347: 0
Found student without school trainer. UserID: 1892, SchoolID: 495
CourseID: 347
Mappings for course 347: 0
Found student without school trainer. UserID: 1893, SchoolID: 495
CourseID: 347
Mappings for course 347: 0
Found student without school trainer. UserID: 1894, SchoolID: 495
CourseID: 347
Mappings for course 347: 0
Found student without school trainer. UserID: 1895, SchoolID: 495
CourseID: 347
Mappings for course 347: 0
Found student without school trainer. UserID: 1896, SchoolID: 495
CourseID: 347
Mappings for course 347: 0
Found student without school trainer. UserID: 1897, SchoolID: 495
CourseID: 347
Mappings for course 347: 0
Found student without school trainer. UserID: 1898, SchoolID: 495
CourseID: 347
Mappings for course 347: 0
Found student without school trainer. UserID: 1899, SchoolID: 495
CourseID: 347
Mappings for course 347: 0
Found student without school trainer. UserID: 1900, SchoolID: 495
CourseID: 347
Mappings for course 347: 0
Found student without school trainer. UserID: 1901, SchoolID: 495
CourseID: 347
Mappings for course 347: 0
Found student without school trainer. UserID: 1902, SchoolID: 495
CourseID: 347
Mappings for course 347: 0
Found student without school trainer. UserID: 1903, SchoolID: 495
CourseID: 347
Mappings for course 347: 0
Found student without school trainer. UserID: 1904, SchoolID: 495
CourseID: 347
Mappings for course 347: 0
Found student without school trainer. UserID: 1905, SchoolID: 495
CourseID: 347
Mappings for course 347: 0
Found student without school trainer. UserID: 1906, SchoolID: 495
CourseID: 347
Mappings for course 347: 0
Found student without school trainer. UserID: 1907, SchoolID: 495
CourseID: 347
Mappings for course 347: 0
Found student without school trainer. UserID: 1908, SchoolID: 495
CourseID: 347
Mappings for course 347: 0
Found student without school trainer. UserID: 1909, SchoolID: 495
CourseID: 347
Mappings for course 347: 0
Found student without school trainer. UserID: 1910, SchoolID: 495
CourseID: 347
Mappings for course 347: 0
Found student without school trainer. UserID: 1911, SchoolID: 495
CourseID: 347
Mappings for course 347: 0
Found student without school trainer. UserID: 1912, SchoolID: 495
CourseID: 347
Mappings for course 347: 0
Found student without school trainer. UserID: 1913, SchoolID: 495
CourseID: 347
Mappings for course 347: 0
Found student without school trainer. UserID: 1914, SchoolID: 495
CourseID: 347
Mappings for course 347: 0
Found student without school trainer. UserID: 1915, SchoolID: 495
CourseID: 347
Mappings for course 347: 0
Found student without school trainer. UserID: 1916, SchoolID: 495
CourseID: 347
Mappings for course 347: 0
Found student without school trainer. UserID: 1917, SchoolID: 495
CourseID: 347
Mappings for course 347: 0
Found student without school trainer. UserID: 1918, SchoolID: 495
CourseID: 347
Mappings for course 347: 0
Found student without school trainer. UserID: 1919, SchoolID: 495
CourseID: 347
Mappings for course 347: 0
Found student without school trainer. UserID: 1920, SchoolID: 495
CourseID: 347
Mappings for course 347: 0
Found student without school trainer. UserID: 1921, SchoolID: 495
CourseID: 347
Mappings for course 347: 0
Found student without school trainer. UserID: 1922, SchoolID: 495
CourseID: 347
Mappings for course 347: 0
Found student without school trainer. UserID: 1923, SchoolID: 495
CourseID: 347
Mappings for course 347: 0
Found student without school trainer. UserID: 1924, SchoolID: 495
CourseID: 347
Mappings for course 347: 0
Found student without school trainer. UserID: 1925, SchoolID: 495
CourseID: 347
Mappings for course 347: 0
Found student without school trainer. UserID: 1926, SchoolID: 495
CourseID: 347
Mappings for course 347: 0
Found student without school trainer. UserID: 1927, SchoolID: 495
CourseID: 347
Mappings for course 347: 0
Found student without school trainer. UserID: 1928, SchoolID: 495
CourseID: 347
Mappings for course 347: 0
Found student without school trainer. UserID: 1929, SchoolID: 495
CourseID: 347
Mappings for course 347: 0
Found student without school trainer. UserID: 1930, SchoolID: 495
CourseID: 347
Mappings for course 347: 0
Found student without school trainer. UserID: 1931, SchoolID: 495
CourseID: 347
Mappings for course 347: 0
Found student without school trainer. UserID: 1932, SchoolID: 495
CourseID: 347
Mappings for course 347: 0
Found student without school trainer. UserID: 1933, SchoolID: 495
CourseID: 347
Mappings for course 347: 0
Found student without school trainer. UserID: 1934, SchoolID: 495
CourseID: 347
Mappings for course 347: 0
Found student without school trainer. UserID: 1935, SchoolID: 495
CourseID: 347
Mappings for course 347: 0
Found student without school trainer. UserID: 1936, SchoolID: 495
CourseID: 347
Mappings for course 347: 0
Found student without school trainer. UserID: 1937, SchoolID: 495
CourseID: 347
Mappings for course 347: 0
Found student without school trainer. UserID: 1938, SchoolID: 495
CourseID: 347
Mappings for course 347: 0
Found student without school trainer. UserID: 1939, SchoolID: 495
CourseID: 347
Mappings for course 347: 0
Found student without school trainer. UserID: 1940, SchoolID: 495
CourseID: 347
Mappings for course 347: 0
Found student without school trainer. UserID: 1941, SchoolID: 495
CourseID: 347
Mappings for course 347: 0
Found student without school trainer. UserID: 1942, SchoolID: 495
CourseID: 347
Mappings for course 347: 0
Found student without school trainer. UserID: 1943, SchoolID: 495
CourseID: 347
Mappings for course 347: 0
Found student without school trainer. UserID: 1944, SchoolID: 495
CourseID: 347
Mappings for course 347: 0
Found student without school trainer. UserID: 1945, SchoolID: 495
CourseID: 347
Mappings for course 347: 0
Found student without school trainer. UserID: 1946, SchoolID: 495
CourseID: 347
Mappings for course 347: 0
Found student without school trainer. UserID: 1947, SchoolID: 495
CourseID: 347
Mappings for course 347: 0
Found student without school trainer. UserID: 1948, SchoolID: 495
CourseID: 347
Mappings for course 347: 0
Found student without school trainer. UserID: 1949, SchoolID: 495
CourseID: 347
Mappings for course 347: 0
Found student without school trainer. UserID: 1950, SchoolID: 495
CourseID: 347
Mappings for course 347: 0
Found student without school trainer. UserID: 1951, SchoolID: 495
CourseID: 347
Mappings for course 347: 0
Found student without school trainer. UserID: 1952, SchoolID: 495
CourseID: 347
Mappings for course 347: 0
Found student without school trainer. UserID: 1953, SchoolID: 495
CourseID: 347
Mappings for course 347: 0
Found student without school trainer. UserID: 1954, SchoolID: 495
CourseID: 347
Mappings for course 347: 0
Found student without school trainer. UserID: 1955, SchoolID: 495
CourseID: 347
Mappings for course 347: 0
Found student without school trainer. UserID: 1956, SchoolID: 495
CourseID: 347
Mappings for course 347: 0
Found student without school trainer. UserID: 1957, SchoolID: 495
CourseID: 347
Mappings for course 347: 0
Found student without school trainer. UserID: 1958, SchoolID: 495
CourseID: 347
Mappings for course 347: 0
Found student without school trainer. UserID: 1959, SchoolID: 495
CourseID: 347
Mappings for course 347: 0
Found student without school trainer. UserID: 1960, SchoolID: 495
CourseID: 347
Mappings for course 347: 0
Found student without school trainer. UserID: 1961, SchoolID: 495
CourseID: 347
Mappings for course 347: 0
Found student without school trainer. UserID: 1962, SchoolID: 495
CourseID: 347
Mappings for course 347: 0
Found student without school trainer. UserID: 1963, SchoolID: 495
CourseID: 347
Mappings for course 347: 0
Found student without school trainer. UserID: 1964, SchoolID: 495
CourseID: 347
Mappings for course 347: 0
Found student without school trainer. UserID: 1965, SchoolID: 495
CourseID: 347
Mappings for course 347: 0
Found student without school trainer. UserID: 1966, SchoolID: 495
CourseID: 347
Mappings for course 347: 0
Found student without school trainer. UserID: 1967, SchoolID: 495
CourseID: 347
Mappings for course 347: 0
Found student without school trainer. UserID: 1968, SchoolID: 495
CourseID: 347
Mappings for course 347: 0
Found student without school trainer. UserID: 1969, SchoolID: 495
CourseID: 347
Mappings for course 347: 0
Found student without school trainer. UserID: 1970, SchoolID: 495
CourseID: 347
Mappings for course 347: 0
Found student without school trainer. UserID: 1971, SchoolID: 495
CourseID: 347
Mappings for course 347: 0
Found student without school trainer. UserID: 1972, SchoolID: 495
CourseID: 347
Mappings for course 347: 0
Found student without school trainer. UserID: 1973, SchoolID: 495
CourseID: 347
Mappings for course 347: 0
Found student without school trainer. UserID: 1974, SchoolID: 495
CourseID: 347
Mappings for course 347: 0
Found student without school trainer. UserID: 1975, SchoolID: 495
CourseID: 347
Mappings for course 347: 0
Found student without school trainer. UserID: 1976, SchoolID: 495
CourseID: 347
Mappings for course 347: 0
Found student without school trainer. UserID: 1977, SchoolID: 495
CourseID: 347
Mappings for course 347: 0
Found student without school trainer. UserID: 1978, SchoolID: 495
CourseID: 347
Mappings for course 347: 0
Found student without school trainer. UserID: 1979, SchoolID: 495
CourseID: 347
Mappings for course 347: 0
Found student without school trainer. UserID: 1980, SchoolID: 495
CourseID: 347
Mappings for course 347: 0
Found student without school trainer. UserID: 1981, SchoolID: 495
CourseID: 347
Mappings for course 347: 0
Found student without school trainer. UserID: 1982, SchoolID: 495
CourseID: 347
Mappings for course 347: 0
Found student without school trainer. UserID: 1983, SchoolID: 495
CourseID: 347
Mappings for course 347: 0
Found student without school trainer. UserID: 1984, SchoolID: 495
CourseID: 347
Mappings for course 347: 0
Found student without school trainer. UserID: 1985, SchoolID: 495
CourseID: 347
Mappings for course 347: 0
Found student without school trainer. UserID: 1986, SchoolID: 495
CourseID: 347
Mappings for course 347: 0
Found student without school trainer. UserID: 1987, SchoolID: 495
CourseID: 347
Mappings for course 347: 0
Found student without school trainer. UserID: 1988, SchoolID: 495
CourseID: 347
Mappings for course 347: 0
Found student without school trainer. UserID: 1989, SchoolID: 495
CourseID: 347
Mappings for course 347: 0
Found student without school trainer. UserID: 1990, SchoolID: 495
CourseID: 347
Mappings for course 347: 0
Found student without school trainer. UserID: 1991, SchoolID: 495
CourseID: 347
Mappings for course 347: 0
Found student without school trainer. UserID: 1992, SchoolID: 495
CourseID: 347
Mappings for course 347: 0
Found student without school trainer. UserID: 1993, SchoolID: 495
CourseID: 347
Mappings for course 347: 0
Found student without school trainer. UserID: 1994, SchoolID: 495
CourseID: 347
Mappings for course 347: 0
Found student without school trainer. UserID: 1995, SchoolID: 495
CourseID: 347
Mappings for course 347: 0
Found student without school trainer. UserID: 1996, SchoolID: 495
CourseID: 347
Mappings for course 347: 0
Found student without school trainer. UserID: 1997, SchoolID: 495
CourseID: 347
Mappings for course 347: 0
Found student without school trainer. UserID: 1998, SchoolID: 495
CourseID: 347
Mappings for course 347: 0
Found student without school trainer. UserID: 1999, SchoolID: 495
CourseID: 347
Mappings for course 347: 0
Found student without school trainer. UserID: 2000, SchoolID: 495
CourseID: 347
Mappings for course 347: 0
Found student without school trainer. UserID: 2001, SchoolID: 495
CourseID: 347
Mappings for course 347: 0
Found student without school trainer. UserID: 2002, SchoolID: 495
CourseID: 347
Mappings for course 347: 0
Found student without school trainer. UserID: 2003, SchoolID: 495
CourseID: 347
Mappings for course 347: 0
Found student without school trainer. UserID: 2004, SchoolID: 495
CourseID: 347
Mappings for course 347: 0
Found student without school trainer. UserID: 2005, SchoolID: 495
CourseID: 347
Mappings for course 347: 0
Found student without school trainer. UserID: 2006, SchoolID: 495
CourseID: 347
Mappings for course 347: 0
Found student without school trainer. UserID: 2007, SchoolID: 495
CourseID: 347
Mappings for course 347: 0
Found student without school trainer. UserID: 2008, SchoolID: 495
CourseID: 347
Mappings for course 347: 0
Found student without school trainer. UserID: 2009, SchoolID: 495
CourseID: 347
Mappings for course 347: 0
Found student without school trainer. UserID: 2010, SchoolID: 495
CourseID: 347
Mappings for course 347: 0
Found student without school trainer. UserID: 2011, SchoolID: 495
CourseID: 347
Mappings for course 347: 0
Found student without school trainer. UserID: 2012, SchoolID: 495
CourseID: 347
Mappings for course 347: 0
Found student without school trainer. UserID: 2013, SchoolID: 495
CourseID: 347
Mappings for course 347: 0
Found student without school trainer. UserID: 2014, SchoolID: 495
CourseID: 347
Mappings for course 347: 0
Found student without school trainer. UserID: 2015, SchoolID: 495
CourseID: 347
Mappings for course 347: 0
Found student without school trainer. UserID: 2016, SchoolID: 495
CourseID: 347
Mappings for course 347: 0
Found student without school trainer. UserID: 2017, SchoolID: 495
CourseID: 347
Mappings for course 347: 0
Found student without school trainer. UserID: 2018, SchoolID: 495
CourseID: 347
Mappings for course 347: 0
Found student without school trainer. UserID: 2019, SchoolID: 495
CourseID: 347
Mappings for course 347: 0
Found student without school trainer. UserID: 2020, SchoolID: 495
CourseID: 347
Mappings for course 347: 0
Found student without school trainer. UserID: 2021, SchoolID: 495
CourseID: 347
Mappings for course 347: 0
Found student without school trainer. UserID: 2022, SchoolID: 495
CourseID: 347
Mappings for course 347: 0
Found student without school trainer. UserID: 2023, SchoolID: 495
CourseID: 347
Mappings for course 347: 0
Found student without school trainer. UserID: 2024, SchoolID: 495
CourseID: 347
Mappings for course 347: 0
Found student without school trainer. UserID: 2025, SchoolID: 495
CourseID: 347
Mappings for course 347: 0
Found student without school trainer. UserID: 2026, SchoolID: 495
CourseID: 347
Mappings for course 347: 0
Found student without school trainer. UserID: 2027, SchoolID: 495
CourseID: 347
Mappings for course 347: 0
Found student without school trainer. UserID: 2028, SchoolID: 495
CourseID: 347
Mappings for course 347: 0
Found student without school trainer. UserID: 2029, SchoolID: 495
CourseID: 347
Mappings for course 347: 0
Found student without school trainer. UserID: 2030, SchoolID: 495
CourseID: 347
Mappings for course 347: 0
Found student without school trainer. UserID: 2031, SchoolID: 495
CourseID: 347
Mappings for course 347: 0
Found student without school trainer. UserID: 2032, SchoolID: 495
CourseID: 347
Mappings for course 347: 0
Found student without school trainer. UserID: 2033, SchoolID: 495
CourseID: 347
Mappings for course 347: 0
Found student without school trainer. UserID: 2034, SchoolID: 495
CourseID: 347
Mappings for course 347: 0
Found student without school trainer. UserID: 2035, SchoolID: 495
CourseID: 347
Mappings for course 347: 0
Found student without school trainer. UserID: 2036, SchoolID: 495
CourseID: 347
Mappings for course 347: 0
Found student without school trainer. UserID: 2037, SchoolID: 495
CourseID: 347
Mappings for course 347: 0
Found student without school trainer. UserID: 2038, SchoolID: 495
CourseID: 347
Mappings for course 347: 0
Found student without school trainer. UserID: 2039, SchoolID: 495
CourseID: 347
Mappings for course 347: 0
Found student without school trainer. UserID: 2040, SchoolID: 495
CourseID: 347
Mappings for course 347: 0
Found student without school trainer. UserID: 2041, SchoolID: 495
CourseID: 347
Mappings for course 347: 0
Found student without school trainer. UserID: 2042, SchoolID: 495
CourseID: 347
Mappings for course 347: 0
Found student without school trainer. UserID: 2043, SchoolID: 495
CourseID: 347
Mappings for course 347: 0
Found student without school trainer. UserID: 2044, SchoolID: 495
CourseID: 347
Mappings for course 347: 0
Found student without school trainer. UserID: 2045, SchoolID: 495
CourseID: 347
Mappings for course 347: 0
Found student without school trainer. UserID: 2046, SchoolID: 495
CourseID: 347
Mappings for course 347: 0
Found student without school trainer. UserID: 2047, SchoolID: 495
CourseID: 347
Mappings for course 347: 0
Found student without school trainer. UserID: 2048, SchoolID: 495
CourseID: 347
Mappings for course 347: 0
Found student without school trainer. UserID: 2049, SchoolID: 495
CourseID: 347
Mappings for course 347: 0
Found student without school trainer. UserID: 2050, SchoolID: 495
CourseID: 347
Mappings for course 347: 0
Found student without school trainer. UserID: 2051, SchoolID: 495
CourseID: 347
Mappings for course 347: 0
Found student without school trainer. UserID: 2052, SchoolID: 495
CourseID: 347
Mappings for course 347: 0
Found student without school trainer. UserID: 2053, SchoolID: 495
CourseID: 347
Mappings for course 347: 0
Found student without school trainer. UserID: 2054, SchoolID: 495
CourseID: 347
Mappings for course 347: 0
Found student without school trainer. UserID: 2055, SchoolID: 495
CourseID: 347
Mappings for course 347: 0
Found student without school trainer. UserID: 2056, SchoolID: 495
CourseID: 347
Mappings for course 347: 0
Found student without school trainer. UserID: 2057, SchoolID: 495
CourseID: 347
Mappings for course 347: 0
Found student without school trainer. UserID: 2058, SchoolID: 495
CourseID: 347
Mappings for course 347: 0
Found student without school trainer. UserID: 2059, SchoolID: 495
CourseID: 347
Mappings for course 347: 0
Found student without school trainer. UserID: 2060, SchoolID: 495
CourseID: 347
Mappings for course 347: 0
Found student without school trainer. UserID: 2061, SchoolID: 495
CourseID: 347
Mappings for course 347: 0
Found student without school trainer. UserID: 2062, SchoolID: 495
CourseID: 347
Mappings for course 347: 0
Found student without school trainer. UserID: 2063, SchoolID: 495
CourseID: 347
Mappings for course 347: 0
Found student without school trainer. UserID: 2064, SchoolID: 495
CourseID: 347
Mappings for course 347: 0
Found student without school trainer. UserID: 2065, SchoolID: 495
CourseID: 347
Mappings for course 347: 0
Found student without school trainer. UserID: 2066, SchoolID: 495
CourseID: 347
Mappings for course 347: 0
Found student without school trainer. UserID: 2067, SchoolID: 495
CourseID: 346
Mappings for course 346: 0
Found student without school trainer. UserID: 2068, SchoolID: 495
CourseID: 346
Mappings for course 346: 0
Found student without school trainer. UserID: 2069, SchoolID: 410
CourseID: 0
Found student without school trainer. UserID: 2070, SchoolID: 424
CourseID: 0
Found student without school trainer. UserID: 2071, SchoolID: 495
CourseID: 347
Mappings for course 347: 0
Found student without school trainer. UserID: 2072, SchoolID: 498
CourseID: 341
Mappings for course 341: 0
Found student without school trainer. UserID: 2073, SchoolID: 498
CourseID: 341
Mappings for course 341: 0
Found student without school trainer. UserID: 2074, SchoolID: 498
CourseID: 341
Mappings for course 341: 0
Found student without school trainer. UserID: 2075, SchoolID: 498
CourseID: 341
Mappings for course 341: 0
Found student without school trainer. UserID: 2076, SchoolID: 498
CourseID: 341
Mappings for course 341: 0
Found student without school trainer. UserID: 2077, SchoolID: 498
CourseID: 341
Mappings for course 341: 0
Found student without school trainer. UserID: 2078, SchoolID: 498
CourseID: 341
Mappings for course 341: 0
Found student without school trainer. UserID: 2079, SchoolID: 498
CourseID: 341
Mappings for course 341: 0
Found student without school trainer. UserID: 2080, SchoolID: 498
CourseID: 341
Mappings for course 341: 0
Found student without school trainer. UserID: 2081, SchoolID: 498
CourseID: 341
Mappings for course 341: 0
Found student without school trainer. UserID: 2082, SchoolID: 498
CourseID: 341
Mappings for course 341: 0
Found student without school trainer. UserID: 2083, SchoolID: 498
CourseID: 341
Mappings for course 341: 0
Found student without school trainer. UserID: 2084, SchoolID: 498
CourseID: 341
Mappings for course 341: 0
Found student without school trainer. UserID: 2085, SchoolID: 498
CourseID: 341
Mappings for course 341: 0
Found student without school trainer. UserID: 2086, SchoolID: 498
CourseID: 341
Mappings for course 341: 0
Found student without school trainer. UserID: 2087, SchoolID: 498
CourseID: 341
Mappings for course 341: 0
Found student without school trainer. UserID: 2088, SchoolID: 498
CourseID: 342
Mappings for course 342: 0
Found student without school trainer. UserID: 2089, SchoolID: 498
CourseID: 342
Mappings for course 342: 0
Found student without school trainer. UserID: 2090, SchoolID: 498
CourseID: 342
Mappings for course 342: 0
Found student without school trainer. UserID: 2091, SchoolID: 498
CourseID: 342
Mappings for course 342: 0
Found student without school trainer. UserID: 2092, SchoolID: 498
CourseID: 342
Mappings for course 342: 0
Found student without school trainer. UserID: 2093, SchoolID: 498
CourseID: 342
Mappings for course 342: 0
Found student without school trainer. UserID: 2094, SchoolID: 498
CourseID: 342
Mappings for course 342: 0
Found student without school trainer. UserID: 2095, SchoolID: 498
CourseID: 342
Mappings for course 342: 0
Found student without school trainer. UserID: 2096, SchoolID: 498
CourseID: 342
Mappings for course 342: 0
Found student without school trainer. UserID: 2097, SchoolID: 498
CourseID: 342
Mappings for course 342: 0
Found student without school trainer. UserID: 2098, SchoolID: 498
CourseID: 342
Mappings for course 342: 0
Found student without school trainer. UserID: 2099, SchoolID: 498
CourseID: 342
Mappings for course 342: 0
Found student without school trainer. UserID: 2100, SchoolID: 498
CourseID: 343
Mappings for course 343: 0
Found student without school trainer. UserID: 2101, SchoolID: 498
CourseID: 343
Mappings for course 343: 0
Found student without school trainer. UserID: 2102, SchoolID: 498
CourseID: 343
Mappings for course 343: 0
Found student without school trainer. UserID: 2103, SchoolID: 498
CourseID: 343
Mappings for course 343: 0
Found student without school trainer. UserID: 2104, SchoolID: 498
CourseID: 343
Mappings for course 343: 0
Found student without school trainer. UserID: 2105, SchoolID: 498
CourseID: 343
Mappings for course 343: 0
Found student without school trainer. UserID: 2106, SchoolID: 498
CourseID: 343
Mappings for course 343: 0
Found student without school trainer. UserID: 2107, SchoolID: 498
CourseID: 343
Mappings for course 343: 0
Found student without school trainer. UserID: 2108, SchoolID: 498
CourseID: 343
Mappings for course 343: 0
Found student without school trainer. UserID: 2109, SchoolID: 498
CourseID: 343
Mappings for course 343: 0
Found student without school trainer. UserID: 2110, SchoolID: 498
CourseID: 343
Mappings for course 343: 0
Found student without school trainer. UserID: 2111, SchoolID: 498
CourseID: 343
Mappings for course 343: 0
Found student without school trainer. UserID: 2112, SchoolID: 498
CourseID: 344
Mappings for course 344: 0
Found student without school trainer. UserID: 2113, SchoolID: 498
CourseID: 344
Mappings for course 344: 0
Found student without school trainer. UserID: 2114, SchoolID: 498
CourseID: 344
Mappings for course 344: 0
Found student without school trainer. UserID: 2115, SchoolID: 498
CourseID: 344
Mappings for course 344: 0
Found student without school trainer. UserID: 2116, SchoolID: 498
CourseID: 344
Mappings for course 344: 0
Found student without school trainer. UserID: 2117, SchoolID: 498
CourseID: 344
Mappings for course 344: 0
Found student without school trainer. UserID: 2118, SchoolID: 498
CourseID: 344
Mappings for course 344: 0
Found student without school trainer. UserID: 2119, SchoolID: 498
CourseID: 344
Mappings for course 344: 0
Found student without school trainer. UserID: 2120, SchoolID: 498
CourseID: 344
Mappings for course 344: 0
Found student without school trainer. UserID: 2121, SchoolID: 498
CourseID: 344
Mappings for course 344: 0
Found student without school trainer. UserID: 2122, SchoolID: 498
CourseID: 345
Mappings for course 345: 0
Found student without school trainer. UserID: 2123, SchoolID: 498
CourseID: 345
Mappings for course 345: 0
Found student without school trainer. UserID: 2124, SchoolID: 498
CourseID: 345
Mappings for course 345: 0
Found student without school trainer. UserID: 2125, SchoolID: 498
CourseID: 345
Mappings for course 345: 0
Found student without school trainer. UserID: 2126, SchoolID: 498
CourseID: 345
Mappings for course 345: 0
Found student without school trainer. UserID: 2127, SchoolID: 498
CourseID: 345
Mappings for course 345: 0
Found student without school trainer. UserID: 2128, SchoolID: 498
CourseID: 345
Mappings for course 345: 0
Found student without school trainer. UserID: 2129, SchoolID: 498
CourseID: 345
Mappings for course 345: 0
Found student without school trainer. UserID: 2130, SchoolID: 498
CourseID: 345
Mappings for course 345: 0
Found student without school trainer. UserID: 2131, SchoolID: 498
CourseID: 346
Mappings for course 346: 0
Found student without school trainer. UserID: 2132, SchoolID: 498
CourseID: 346
Mappings for course 346: 0
Found student without school trainer. UserID: 2133, SchoolID: 498
CourseID: 346
Mappings for course 346: 0
Found student without school trainer. UserID: 2134, SchoolID: 498
CourseID: 346
Mappings for course 346: 0
Found student without school trainer. UserID: 2135, SchoolID: 498
CourseID: 346
Mappings for course 346: 0
Found student without school trainer. UserID: 2136, SchoolID: 498
CourseID: 346
Mappings for course 346: 0
Found student without school trainer. UserID: 2137, SchoolID: 498
CourseID: 346
Mappings for course 346: 0
Found student without school trainer. UserID: 2138, SchoolID: 498
CourseID: 346
Mappings for course 346: 0
Found student without school trainer. UserID: 2139, SchoolID: 498
CourseID: 346
Mappings for course 346: 0
Found student without school trainer. UserID: 2140, SchoolID: 498
CourseID: 346
Mappings for course 346: 0
Found student without school trainer. UserID: 2141, SchoolID: 498
CourseID: 346
Mappings for course 346: 0
Found student without school trainer. UserID: 2142, SchoolID: 498
CourseID: 346
Mappings for course 346: 0
Found student without school trainer. UserID: 2143, SchoolID: 498
CourseID: 346
Mappings for course 346: 0
Found student without school trainer. UserID: 2144, SchoolID: 498
CourseID: 346
Mappings for course 346: 0
Found student without school trainer. UserID: 2145, SchoolID: 498
CourseID: 347
Mappings for course 347: 0
Found student without school trainer. UserID: 2146, SchoolID: 498
CourseID: 347
Mappings for course 347: 0
Found student without school trainer. UserID: 2147, SchoolID: 498
CourseID: 347
Mappings for course 347: 0
Found student without school trainer. UserID: 2148, SchoolID: 498
CourseID: 347
Mappings for course 347: 0
Found student without school trainer. UserID: 2149, SchoolID: 498
CourseID: 347
Mappings for course 347: 0
Found student without school trainer. UserID: 2150, SchoolID: 498
CourseID: 347
Mappings for course 347: 0
Found student without school trainer. UserID: 2151, SchoolID: 498
CourseID: 347
Mappings for course 347: 0
Found student without school trainer. UserID: 2152, SchoolID: 498
CourseID: 347
Mappings for course 347: 0
Found student without school trainer. UserID: 2153, SchoolID: 498
CourseID: 347
Mappings for course 347: 0
Found student without school trainer. UserID: 2154, SchoolID: 498
CourseID: 347
Mappings for course 347: 0
Found student without school trainer. UserID: 2155, SchoolID: 498
CourseID: 347
Mappings for course 347: 0
Found student without school trainer. UserID: 2156, SchoolID: 498
CourseID: 347
Mappings for course 347: 0
Found student without school trainer. UserID: 2157, SchoolID: 498
CourseID: 347
Mappings for course 347: 0
Found student without school trainer. UserID: 2158, SchoolID: 498
CourseID: 347
Mappings for course 347: 0
Found student without school trainer. UserID: 2159, SchoolID: 498
CourseID: 347
Mappings for course 347: 0
Found student without school trainer. UserID: 2160, SchoolID: 495
CourseID: 347
Mappings for course 347: 0
Found student without school trainer. UserID: 2163, SchoolID: 440
CourseID: 0
Found student without school trainer. UserID: 2164, SchoolID: 480
CourseID: 342
Mappings for course 342: 0
Found student without school trainer. UserID: 2165, SchoolID: 480
CourseID: 343
Mappings for course 343: 0
Found student without school trainer. UserID: 2167, SchoolID: 506
CourseID: 341
Mappings for course 341: 0
Found student without school trainer. UserID: 2168, SchoolID: 506
CourseID: 341
Mappings for course 341: 0
Found student without school trainer. UserID: 2169, SchoolID: 506
CourseID: 341
Mappings for course 341: 0
Found student without school trainer. UserID: 2170, SchoolID: 506
CourseID: 341
Mappings for course 341: 0
Found student without school trainer. UserID: 2171, SchoolID: 506
CourseID: 341
Mappings for course 341: 0
Found student without school trainer. UserID: 2172, SchoolID: 506
CourseID: 341
Mappings for course 341: 0
Found student without school trainer. UserID: 2173, SchoolID: 506
CourseID: 341
Mappings for course 341: 0
Found student without school trainer. UserID: 2174, SchoolID: 506
CourseID: 341
Mappings for course 341: 0
Found student without school trainer. UserID: 2175, SchoolID: 506
CourseID: 341
Mappings for course 341: 0
Found student without school trainer. UserID: 2176, SchoolID: 506
CourseID: 341
Mappings for course 341: 0
Found student without school trainer. UserID: 2177, SchoolID: 506
CourseID: 341
Mappings for course 341: 0
Found student without school trainer. UserID: 2178, SchoolID: 506
CourseID: 341
Mappings for course 341: 0
Found student without school trainer. UserID: 2179, SchoolID: 506
CourseID: 341
Mappings for course 341: 0
Found student without school trainer. UserID: 2180, SchoolID: 506
CourseID: 341
Mappings for course 341: 0
Found student without school trainer. UserID: 2181, SchoolID: 506
CourseID: 341
Mappings for course 341: 0
Found student without school trainer. UserID: 2182, SchoolID: 506
CourseID: 341
Mappings for course 341: 0
Found student without school trainer. UserID: 2183, SchoolID: 506
CourseID: 341
Mappings for course 341: 0
Found student without school trainer. UserID: 2184, SchoolID: 506
CourseID: 341
Mappings for course 341: 0
Found student without school trainer. UserID: 2185, SchoolID: 506
CourseID: 341
Mappings for course 341: 0
Found student without school trainer. UserID: 2186, SchoolID: 506
CourseID: 341
Mappings for course 341: 0
Found student without school trainer. UserID: 2187, SchoolID: 506
CourseID: 341
Mappings for course 341: 0
Found student without school trainer. UserID: 2188, SchoolID: 506
CourseID: 341
Mappings for course 341: 0
Found student without school trainer. UserID: 2189, SchoolID: 506
CourseID: 341
Mappings for course 341: 0
Found student without school trainer. UserID: 2190, SchoolID: 506
CourseID: 341
Mappings for course 341: 0
Found student without school trainer. UserID: 2191, SchoolID: 506
CourseID: 341
Mappings for course 341: 0
Found student without school trainer. UserID: 2192, SchoolID: 506
CourseID: 341
Mappings for course 341: 0
Found student without school trainer. UserID: 2193, SchoolID: 506
CourseID: 341
Mappings for course 341: 0
Found student without school trainer. UserID: 2194, SchoolID: 506
CourseID: 341
Mappings for course 341: 0
Found student without school trainer. UserID: 2195, SchoolID: 506
CourseID: 341
Mappings for course 341: 0
Found student without school trainer. UserID: 2196, SchoolID: 506
CourseID: 341
Mappings for course 341: 0
Found student without school trainer. UserID: 2197, SchoolID: 506
CourseID: 341
Mappings for course 341: 0
Found student without school trainer. UserID: 2198, SchoolID: 506
CourseID: 341
Mappings for course 341: 0
Found student without school trainer. UserID: 2199, SchoolID: 506
CourseID: 341
Mappings for course 341: 0
Found student without school trainer. UserID: 2200, SchoolID: 506
CourseID: 341
Mappings for course 341: 0
Found student without school trainer. UserID: 2201, SchoolID: 506
CourseID: 341
Mappings for course 341: 0
Found student without school trainer. UserID: 2202, SchoolID: 506
CourseID: 341
Mappings for course 341: 0
Found student without school trainer. UserID: 2203, SchoolID: 506
CourseID: 341
Mappings for course 341: 0
Found student without school trainer. UserID: 2204, SchoolID: 506
CourseID: 341
Mappings for course 341: 0
Found student without school trainer. UserID: 2205, SchoolID: 506
CourseID: 341
Mappings for course 341: 0
Found student without school trainer. UserID: 2206, SchoolID: 506
CourseID: 341
Mappings for course 341: 0
Found student without school trainer. UserID: 2207, SchoolID: 506
CourseID: 341
Mappings for course 341: 0
Found student without school trainer. UserID: 2208, SchoolID: 506
CourseID: 341
Mappings for course 341: 0
Found student without school trainer. UserID: 2209, SchoolID: 506
CourseID: 341
Mappings for course 341: 0
Found student without school trainer. UserID: 2210, SchoolID: 506
CourseID: 341
Mappings for course 341: 0
Found student without school trainer. UserID: 2211, SchoolID: 506
CourseID: 341
Mappings for course 341: 0
Found student without school trainer. UserID: 2212, SchoolID: 506
CourseID: 341
Mappings for course 341: 0
Found student without school trainer. UserID: 2213, SchoolID: 506
CourseID: 341
Mappings for course 341: 0
Found student without school trainer. UserID: 2214, SchoolID: 506
CourseID: 341
Mappings for course 341: 0
Found student without school trainer. UserID: 2215, SchoolID: 506
CourseID: 341
Mappings for course 341: 0
Found student without school trainer. UserID: 2216, SchoolID: 506
CourseID: 341
Mappings for course 341: 0
Found student without school trainer. UserID: 2217, SchoolID: 506
CourseID: 341
Mappings for course 341: 0
Found student without school trainer. UserID: 2218, SchoolID: 506
CourseID: 341
Mappings for course 341: 0
Found student without school trainer. UserID: 2219, SchoolID: 506
CourseID: 341
Mappings for course 341: 0
Found student without school trainer. UserID: 2220, SchoolID: 506
CourseID: 341
Mappings for course 341: 0
Found student without school trainer. UserID: 2221, SchoolID: 506
CourseID: 341
Mappings for course 341: 0
Found student without school trainer. UserID: 2222, SchoolID: 506
CourseID: 341
Mappings for course 341: 0
Found student without school trainer. UserID: 2223, SchoolID: 506
CourseID: 341
Mappings for course 341: 0
Found student without school trainer. UserID: 2224, SchoolID: 506
CourseID: 341
Mappings for course 341: 0
Found student without school trainer. UserID: 2225, SchoolID: 506
CourseID: 341
Mappings for course 341: 0
Found student without school trainer. UserID: 2226, SchoolID: 506
CourseID: 341
Mappings for course 341: 0
Found student without school trainer. UserID: 2227, SchoolID: 506
CourseID: 341
Mappings for course 341: 0
Found student without school trainer. UserID: 2228, SchoolID: 506
CourseID: 341
Mappings for course 341: 0
Found student without school trainer. UserID: 2229, SchoolID: 506
CourseID: 341
Mappings for course 341: 0
Found student without school trainer. UserID: 2230, SchoolID: 506
CourseID: 341
Mappings for course 341: 0
Found student without school trainer. UserID: 2231, SchoolID: 506
CourseID: 341
Mappings for course 341: 0
Found student without school trainer. UserID: 2232, SchoolID: 506
CourseID: 341
Mappings for course 341: 0
Found student without school trainer. UserID: 2233, SchoolID: 506
CourseID: 341
Mappings for course 341: 0
Found student without school trainer. UserID: 2234, SchoolID: 506
CourseID: 341
Mappings for course 341: 0
Found student without school trainer. UserID: 2235, SchoolID: 506
CourseID: 341
Mappings for course 341: 0
Found student without school trainer. UserID: 2236, SchoolID: 506
CourseID: 341
Mappings for course 341: 0
Found student without school trainer. UserID: 2237, SchoolID: 506
CourseID: 341
Mappings for course 341: 0
Found student without school trainer. UserID: 2238, SchoolID: 506
CourseID: 342
Mappings for course 342: 0
Found student without school trainer. UserID: 2239, SchoolID: 506
CourseID: 342
Mappings for course 342: 0
Found student without school trainer. UserID: 2240, SchoolID: 506
CourseID: 342
Mappings for course 342: 0
Found student without school trainer. UserID: 2241, SchoolID: 506
CourseID: 342
Mappings for course 342: 0
Found student without school trainer. UserID: 2242, SchoolID: 506
CourseID: 342
Mappings for course 342: 0
Found student without school trainer. UserID: 2243, SchoolID: 506
CourseID: 342
Mappings for course 342: 0
Found student without school trainer. UserID: 2244, SchoolID: 506
CourseID: 342
Mappings for course 342: 0
Found student without school trainer. UserID: 2245, SchoolID: 506
CourseID: 342
Mappings for course 342: 0
Found student without school trainer. UserID: 2246, SchoolID: 506
CourseID: 342
Mappings for course 342: 0
Found student without school trainer. UserID: 2247, SchoolID: 506
CourseID: 342
Mappings for course 342: 0
Found student without school trainer. UserID: 2248, SchoolID: 506
CourseID: 342
Mappings for course 342: 0
Found student without school trainer. UserID: 2249, SchoolID: 506
CourseID: 342
Mappings for course 342: 0
Found student without school trainer. UserID: 2250, SchoolID: 506
CourseID: 342
Mappings for course 342: 0
Found student without school trainer. UserID: 2251, SchoolID: 506
CourseID: 342
Mappings for course 342: 0
Found student without school trainer. UserID: 2252, SchoolID: 506
CourseID: 342
Mappings for course 342: 0
Found student without school trainer. UserID: 2253, SchoolID: 506
CourseID: 342
Mappings for course 342: 0
Found student without school trainer. UserID: 2254, SchoolID: 506
CourseID: 342
Mappings for course 342: 0
Found student without school trainer. UserID: 2255, SchoolID: 506
CourseID: 342
Mappings for course 342: 0
Found student without school trainer. UserID: 2256, SchoolID: 506
CourseID: 342
Mappings for course 342: 0
Found student without school trainer. UserID: 2257, SchoolID: 506
CourseID: 342
Mappings for course 342: 0
Found student without school trainer. UserID: 2258, SchoolID: 506
CourseID: 342
Mappings for course 342: 0
Found student without school trainer. UserID: 2259, SchoolID: 506
CourseID: 342
Mappings for course 342: 0
Found student without school trainer. UserID: 2260, SchoolID: 506
CourseID: 342
Mappings for course 342: 0
Found student without school trainer. UserID: 2261, SchoolID: 506
CourseID: 342
Mappings for course 342: 0
Found student without school trainer. UserID: 2262, SchoolID: 506
CourseID: 342
Mappings for course 342: 0
Found student without school trainer. UserID: 2263, SchoolID: 506
CourseID: 342
Mappings for course 342: 0
Found student without school trainer. UserID: 2264, SchoolID: 506
CourseID: 342
Mappings for course 342: 0
Found student without school trainer. UserID: 2265, SchoolID: 506
CourseID: 342
Mappings for course 342: 0
Found student without school trainer. UserID: 2266, SchoolID: 506
CourseID: 342
Mappings for course 342: 0
Found student without school trainer. UserID: 2267, SchoolID: 506
CourseID: 342
Mappings for course 342: 0
Found student without school trainer. UserID: 2268, SchoolID: 506
CourseID: 342
Mappings for course 342: 0
Found student without school trainer. UserID: 2269, SchoolID: 506
CourseID: 342
Mappings for course 342: 0
Found student without school trainer. UserID: 2270, SchoolID: 506
CourseID: 342
Mappings for course 342: 0
Found student without school trainer. UserID: 2271, SchoolID: 506
CourseID: 342
Mappings for course 342: 0
Found student without school trainer. UserID: 2272, SchoolID: 506
CourseID: 342
Mappings for course 342: 0
Found student without school trainer. UserID: 2273, SchoolID: 506
CourseID: 342
Mappings for course 342: 0
Found student without school trainer. UserID: 2274, SchoolID: 506
CourseID: 342
Mappings for course 342: 0
Found student without school trainer. UserID: 2275, SchoolID: 506
CourseID: 342
Mappings for course 342: 0
Found student without school trainer. UserID: 2276, SchoolID: 506
CourseID: 342
Mappings for course 342: 0
Found student without school trainer. UserID: 2277, SchoolID: 506
CourseID: 342
Mappings for course 342: 0
Found student without school trainer. UserID: 2278, SchoolID: 506
CourseID: 342
Mappings for course 342: 0
Found student without school trainer. UserID: 2279, SchoolID: 506
CourseID: 342
Mappings for course 342: 0
Found student without school trainer. UserID: 2280, SchoolID: 506
CourseID: 342
Mappings for course 342: 0
Found student without school trainer. UserID: 2281, SchoolID: 506
CourseID: 342
Mappings for course 342: 0
Found student without school trainer. UserID: 2282, SchoolID: 506
CourseID: 342
Mappings for course 342: 0
Found student without school trainer. UserID: 2283, SchoolID: 506
CourseID: 342
Mappings for course 342: 0
Found student without school trainer. UserID: 2284, SchoolID: 506
CourseID: 342
Mappings for course 342: 0
Found student without school trainer. UserID: 2285, SchoolID: 506
CourseID: 342
Mappings for course 342: 0
Found student without school trainer. UserID: 2286, SchoolID: 506
CourseID: 342
Mappings for course 342: 0
Found student without school trainer. UserID: 2287, SchoolID: 506
CourseID: 342
Mappings for course 342: 0
Found student without school trainer. UserID: 2288, SchoolID: 506
CourseID: 342
Mappings for course 342: 0
Found student without school trainer. UserID: 2289, SchoolID: 506
CourseID: 342
Mappings for course 342: 0
Found student without school trainer. UserID: 2290, SchoolID: 506
CourseID: 342
Mappings for course 342: 0
Found student without school trainer. UserID: 2291, SchoolID: 506
CourseID: 342
Mappings for course 342: 0
Found student without school trainer. UserID: 2292, SchoolID: 506
CourseID: 342
Mappings for course 342: 0
Found student without school trainer. UserID: 2293, SchoolID: 506
CourseID: 342
Mappings for course 342: 0
Found student without school trainer. UserID: 2294, SchoolID: 506
CourseID: 342
Mappings for course 342: 0
Found student without school trainer. UserID: 2295, SchoolID: 506
CourseID: 342
Mappings for course 342: 0
Found student without school trainer. UserID: 2296, SchoolID: 506
CourseID: 342
Mappings for course 342: 0
Found student without school trainer. UserID: 2297, SchoolID: 506
CourseID: 342
Mappings for course 342: 0
Found student without school trainer. UserID: 2298, SchoolID: 506
CourseID: 342
Mappings for course 342: 0
Found student without school trainer. UserID: 2299, SchoolID: 506
CourseID: 342
Mappings for course 342: 0
Found student without school trainer. UserID: 2300, SchoolID: 506
CourseID: 342
Mappings for course 342: 0
Found student without school trainer. UserID: 2301, SchoolID: 506
CourseID: 342
Mappings for course 342: 0
Found student without school trainer. UserID: 2302, SchoolID: 506
CourseID: 342
Mappings for course 342: 0
Found student without school trainer. UserID: 2303, SchoolID: 506
CourseID: 342
Mappings for course 342: 0
Found student without school trainer. UserID: 2304, SchoolID: 506
CourseID: 342
Mappings for course 342: 0
Found student without school trainer. UserID: 2305, SchoolID: 506
CourseID: 343
Mappings for course 343: 0
Found student without school trainer. UserID: 2306, SchoolID: 506
CourseID: 343
Mappings for course 343: 0
Found student without school trainer. UserID: 2307, SchoolID: 506
CourseID: 343
Mappings for course 343: 0
Found student without school trainer. UserID: 2308, SchoolID: 506
CourseID: 343
Mappings for course 343: 0
Found student without school trainer. UserID: 2309, SchoolID: 506
CourseID: 343
Mappings for course 343: 0
Found student without school trainer. UserID: 2310, SchoolID: 506
CourseID: 343
Mappings for course 343: 0
Found student without school trainer. UserID: 2311, SchoolID: 506
CourseID: 343
Mappings for course 343: 0
Found student without school trainer. UserID: 2312, SchoolID: 506
CourseID: 343
Mappings for course 343: 0
Found student without school trainer. UserID: 2313, SchoolID: 506
CourseID: 343
Mappings for course 343: 0
Found student without school trainer. UserID: 2314, SchoolID: 506
CourseID: 343
Mappings for course 343: 0
Found student without school trainer. UserID: 2315, SchoolID: 506
CourseID: 343
Mappings for course 343: 0
Found student without school trainer. UserID: 2316, SchoolID: 506
CourseID: 343
Mappings for course 343: 0
Found student without school trainer. UserID: 2317, SchoolID: 506
CourseID: 343
Mappings for course 343: 0
Found student without school trainer. UserID: 2318, SchoolID: 506
CourseID: 343
Mappings for course 343: 0
Found student without school trainer. UserID: 2319, SchoolID: 506
CourseID: 343
Mappings for course 343: 0
Found student without school trainer. UserID: 2320, SchoolID: 506
CourseID: 343
Mappings for course 343: 0
Found student without school trainer. UserID: 2321, SchoolID: 506
CourseID: 343
Mappings for course 343: 0
Found student without school trainer. UserID: 2322, SchoolID: 506
CourseID: 343
Mappings for course 343: 0
Found student without school trainer. UserID: 2323, SchoolID: 506
CourseID: 343
Mappings for course 343: 0
Found student without school trainer. UserID: 2324, SchoolID: 506
CourseID: 343
Mappings for course 343: 0
Found student without school trainer. UserID: 2325, SchoolID: 506
CourseID: 343
Mappings for course 343: 0
Found student without school trainer. UserID: 2326, SchoolID: 506
CourseID: 343
Mappings for course 343: 0
Found student without school trainer. UserID: 2327, SchoolID: 506
CourseID: 343
Mappings for course 343: 0
Found student without school trainer. UserID: 2328, SchoolID: 506
CourseID: 343
Mappings for course 343: 0
Found student without school trainer. UserID: 2329, SchoolID: 506
CourseID: 343
Mappings for course 343: 0
Found student without school trainer. UserID: 2330, SchoolID: 506
CourseID: 343
Mappings for course 343: 0
Found student without school trainer. UserID: 2331, SchoolID: 506
CourseID: 343
Mappings for course 343: 0
Found student without school trainer. UserID: 2332, SchoolID: 506
CourseID: 343
Mappings for course 343: 0
Found student without school trainer. UserID: 2333, SchoolID: 506
CourseID: 343
Mappings for course 343: 0
Found student without school trainer. UserID: 2334, SchoolID: 506
CourseID: 343
Mappings for course 343: 0
Found student without school trainer. UserID: 2335, SchoolID: 506
CourseID: 343
Mappings for course 343: 0
Found student without school trainer. UserID: 2336, SchoolID: 506
CourseID: 343
Mappings for course 343: 0
Found student without school trainer. UserID: 2337, SchoolID: 506
CourseID: 343
Mappings for course 343: 0
Found student without school trainer. UserID: 2338, SchoolID: 506
CourseID: 343
Mappings for course 343: 0
Found student without school trainer. UserID: 2339, SchoolID: 506
CourseID: 343
Mappings for course 343: 0
Found student without school trainer. UserID: 2340, SchoolID: 506
CourseID: 343
Mappings for course 343: 0
Found student without school trainer. UserID: 2341, SchoolID: 506
CourseID: 343
Mappings for course 343: 0
Found student without school trainer. UserID: 2342, SchoolID: 506
CourseID: 343
Mappings for course 343: 0
Found student without school trainer. UserID: 2343, SchoolID: 506
CourseID: 343
Mappings for course 343: 0
Found student without school trainer. UserID: 2344, SchoolID: 506
CourseID: 343
Mappings for course 343: 0
Found student without school trainer. UserID: 2345, SchoolID: 506
CourseID: 343
Mappings for course 343: 0
Found student without school trainer. UserID: 2346, SchoolID: 506
CourseID: 343
Mappings for course 343: 0
Found student without school trainer. UserID: 2347, SchoolID: 506
CourseID: 343
Mappings for course 343: 0
Found student without school trainer. UserID: 2348, SchoolID: 506
CourseID: 343
Mappings for course 343: 0
Found student without school trainer. UserID: 2349, SchoolID: 506
CourseID: 343
Mappings for course 343: 0
Found student without school trainer. UserID: 2350, SchoolID: 506
CourseID: 343
Mappings for course 343: 0
Found student without school trainer. UserID: 2351, SchoolID: 506
CourseID: 343
Mappings for course 343: 0
Found student without school trainer. UserID: 2352, SchoolID: 506
CourseID: 343
Mappings for course 343: 0
Found student without school trainer. UserID: 2353, SchoolID: 506
CourseID: 343
Mappings for course 343: 0
Found student without school trainer. UserID: 2354, SchoolID: 506
CourseID: 343
Mappings for course 343: 0
Found student without school trainer. UserID: 2355, SchoolID: 506
CourseID: 343
Mappings for course 343: 0
Found student without school trainer. UserID: 2356, SchoolID: 506
CourseID: 343
Mappings for course 343: 0
Found student without school trainer. UserID: 2357, SchoolID: 506
CourseID: 343
Mappings for course 343: 0
Found student without school trainer. UserID: 2358, SchoolID: 506
CourseID: 343
Mappings for course 343: 0
Found student without school trainer. UserID: 2359, SchoolID: 506
CourseID: 343
Mappings for course 343: 0
Found student without school trainer. UserID: 2360, SchoolID: 506
CourseID: 343
Mappings for course 343: 0
Found student without school trainer. UserID: 2361, SchoolID: 506
CourseID: 343
Mappings for course 343: 0
Found student without school trainer. UserID: 2362, SchoolID: 506
CourseID: 343
Mappings for course 343: 0
Found student without school trainer. UserID: 2363, SchoolID: 506
CourseID: 343
Mappings for course 343: 0
Found student without school trainer. UserID: 2364, SchoolID: 506
CourseID: 343
Mappings for course 343: 0
Found student without school trainer. UserID: 2365, SchoolID: 506
CourseID: 343
Mappings for course 343: 0
Found student without school trainer. UserID: 2366, SchoolID: 506
CourseID: 343
Mappings for course 343: 0
Found student without school trainer. UserID: 2367, SchoolID: 506
CourseID: 343
Mappings for course 343: 0
Found student without school trainer. UserID: 2368, SchoolID: 506
CourseID: 343
Mappings for course 343: 0
Found student without school trainer. UserID: 2369, SchoolID: 506
CourseID: 343
Mappings for course 343: 0
Found student without school trainer. UserID: 2370, SchoolID: 506
CourseID: 343
Mappings for course 343: 0
Found student without school trainer. UserID: 2371, SchoolID: 506
CourseID: 343
Mappings for course 343: 0
Found student without school trainer. UserID: 2372, SchoolID: 506
CourseID: 343
Mappings for course 343: 0
Found student without school trainer. UserID: 2373, SchoolID: 506
CourseID: 343
Mappings for course 343: 0
Found student without school trainer. UserID: 2374, SchoolID: 506
CourseID: 343
Mappings for course 343: 0
Found student without school trainer. UserID: 2375, SchoolID: 506
CourseID: 343
Mappings for course 343: 0
Found student without school trainer. UserID: 2376, SchoolID: 506
CourseID: 343
Mappings for course 343: 0
Found student without school trainer. UserID: 2377, SchoolID: 506
CourseID: 343
Mappings for course 343: 0
Found student without school trainer. UserID: 2378, SchoolID: 506
CourseID: 343
Mappings for course 343: 0
Found student without school trainer. UserID: 2379, SchoolID: 506
CourseID: 343
Mappings for course 343: 0
Found student without school trainer. UserID: 2380, SchoolID: 506
CourseID: 343
Mappings for course 343: 0
Found student without school trainer. UserID: 2381, SchoolID: 506
CourseID: 343
Mappings for course 343: 0
Found student without school trainer. UserID: 2382, SchoolID: 506
CourseID: 343
Mappings for course 343: 0
Found student without school trainer. UserID: 2383, SchoolID: 506
CourseID: 343
Mappings for course 343: 0
Found student without school trainer. UserID: 2384, SchoolID: 506
CourseID: 343
Mappings for course 343: 0
Found student without school trainer. UserID: 2385, SchoolID: 506
CourseID: 344
Mappings for course 344: 0
Found student without school trainer. UserID: 2386, SchoolID: 506
CourseID: 344
Mappings for course 344: 0
Found student without school trainer. UserID: 2387, SchoolID: 506
CourseID: 344
Mappings for course 344: 0
Found student without school trainer. UserID: 2388, SchoolID: 506
CourseID: 344
Mappings for course 344: 0
Found student without school trainer. UserID: 2389, SchoolID: 506
CourseID: 344
Mappings for course 344: 0
Found student without school trainer. UserID: 2390, SchoolID: 506
CourseID: 344
Mappings for course 344: 0
Found student without school trainer. UserID: 2391, SchoolID: 506
CourseID: 344
Mappings for course 344: 0
Found student without school trainer. UserID: 2392, SchoolID: 506
CourseID: 344
Mappings for course 344: 0
Found student without school trainer. UserID: 2393, SchoolID: 506
CourseID: 344
Mappings for course 344: 0
Found student without school trainer. UserID: 2394, SchoolID: 506
CourseID: 344
Mappings for course 344: 0
Found student without school trainer. UserID: 2395, SchoolID: 506
CourseID: 344
Mappings for course 344: 0
Found student without school trainer. UserID: 2396, SchoolID: 506
CourseID: 344
Mappings for course 344: 0
Found student without school trainer. UserID: 2397, SchoolID: 506
CourseID: 344
Mappings for course 344: 0
Found student without school trainer. UserID: 2398, SchoolID: 506
CourseID: 344
Mappings for course 344: 0
Found student without school trainer. UserID: 2399, SchoolID: 506
CourseID: 344
Mappings for course 344: 0
Found student without school trainer. UserID: 2400, SchoolID: 506
CourseID: 344
Mappings for course 344: 0
Found student without school trainer. UserID: 2401, SchoolID: 506
CourseID: 344
Mappings for course 344: 0
Found student without school trainer. UserID: 2402, SchoolID: 506
CourseID: 344
Mappings for course 344: 0
Found student without school trainer. UserID: 2403, SchoolID: 506
CourseID: 344
Mappings for course 344: 0
Found student without school trainer. UserID: 2404, SchoolID: 506
CourseID: 344
Mappings for course 344: 0
Found student without school trainer. UserID: 2405, SchoolID: 506
CourseID: 344
Mappings for course 344: 0
Found student without school trainer. UserID: 2406, SchoolID: 506
CourseID: 344
Mappings for course 344: 0
Found student without school trainer. UserID: 2407, SchoolID: 506
CourseID: 344
Mappings for course 344: 0
Found student without school trainer. UserID: 2408, SchoolID: 506
CourseID: 344
Mappings for course 344: 0
Found student without school trainer. UserID: 2409, SchoolID: 506
CourseID: 344
Mappings for course 344: 0
Found student without school trainer. UserID: 2410, SchoolID: 506
CourseID: 344
Mappings for course 344: 0
Found student without school trainer. UserID: 2411, SchoolID: 506
CourseID: 344
Mappings for course 344: 0
Found student without school trainer. UserID: 2412, SchoolID: 506
CourseID: 344
Mappings for course 344: 0
Found student without school trainer. UserID: 2413, SchoolID: 506
CourseID: 344
Mappings for course 344: 0
Found student without school trainer. UserID: 2414, SchoolID: 506
CourseID: 344
Mappings for course 344: 0
Found student without school trainer. UserID: 2415, SchoolID: 506
CourseID: 344
Mappings for course 344: 0
Found student without school trainer. UserID: 2416, SchoolID: 506
CourseID: 344
Mappings for course 344: 0
Found student without school trainer. UserID: 2417, SchoolID: 506
CourseID: 344
Mappings for course 344: 0
Found student without school trainer. UserID: 2418, SchoolID: 506
CourseID: 344
Mappings for course 344: 0
Found student without school trainer. UserID: 2419, SchoolID: 506
CourseID: 344
Mappings for course 344: 0
Found student without school trainer. UserID: 2420, SchoolID: 506
CourseID: 344
Mappings for course 344: 0
Found student without school trainer. UserID: 2421, SchoolID: 506
CourseID: 344
Mappings for course 344: 0
Found student without school trainer. UserID: 2422, SchoolID: 506
CourseID: 344
Mappings for course 344: 0
Found student without school trainer. UserID: 2423, SchoolID: 506
CourseID: 344
Mappings for course 344: 0
Found student without school trainer. UserID: 2424, SchoolID: 506
CourseID: 344
Mappings for course 344: 0
Found student without school trainer. UserID: 2425, SchoolID: 506
CourseID: 344
Mappings for course 344: 0
Found student without school trainer. UserID: 2426, SchoolID: 506
CourseID: 344
Mappings for course 344: 0
Found student without school trainer. UserID: 2427, SchoolID: 506
CourseID: 344
Mappings for course 344: 0
Found student without school trainer. UserID: 2428, SchoolID: 506
CourseID: 344
Mappings for course 344: 0
Found student without school trainer. UserID: 2429, SchoolID: 506
CourseID: 344
Mappings for course 344: 0
Found student without school trainer. UserID: 2430, SchoolID: 506
CourseID: 344
Mappings for course 344: 0
Found student without school trainer. UserID: 2431, SchoolID: 506
CourseID: 344
Mappings for course 344: 0
Found student without school trainer. UserID: 2432, SchoolID: 506
CourseID: 344
Mappings for course 344: 0
Found student without school trainer. UserID: 2433, SchoolID: 506
CourseID: 344
Mappings for course 344: 0
Found student without school trainer. UserID: 2434, SchoolID: 506
CourseID: 344
Mappings for course 344: 0
Found student without school trainer. UserID: 2435, SchoolID: 506
CourseID: 344
Mappings for course 344: 0
Found student without school trainer. UserID: 2436, SchoolID: 506
CourseID: 344
Mappings for course 344: 0
Found student without school trainer. UserID: 2437, SchoolID: 506
CourseID: 344
Mappings for course 344: 0
Found student without school trainer. UserID: 2438, SchoolID: 506
CourseID: 344
Mappings for course 344: 0
Found student without school trainer. UserID: 2439, SchoolID: 506
CourseID: 344
Mappings for course 344: 0
Found student without school trainer. UserID: 2440, SchoolID: 506
CourseID: 344
Mappings for course 344: 0
Found student without school trainer. UserID: 2441, SchoolID: 506
CourseID: 344
Mappings for course 344: 0
Found student without school trainer. UserID: 2442, SchoolID: 506
CourseID: 344
Mappings for course 344: 0
Found student without school trainer. UserID: 2443, SchoolID: 506
CourseID: 344
Mappings for course 344: 0
Found student without school trainer. UserID: 2444, SchoolID: 506
CourseID: 344
Mappings for course 344: 0
Found student without school trainer. UserID: 2445, SchoolID: 506
CourseID: 344
Mappings for course 344: 0
Found student without school trainer. UserID: 2446, SchoolID: 506
CourseID: 344
Mappings for course 344: 0
Found student without school trainer. UserID: 2447, SchoolID: 506
CourseID: 344
Mappings for course 344: 0
Found student without school trainer. UserID: 2448, SchoolID: 506
CourseID: 344
Mappings for course 344: 0
Found student without school trainer. UserID: 2449, SchoolID: 506
CourseID: 344
Mappings for course 344: 0
Found student without school trainer. UserID: 2450, SchoolID: 506
CourseID: 344
Mappings for course 344: 0
Found student without school trainer. UserID: 2451, SchoolID: 506
CourseID: 344
Mappings for course 344: 0
Found student without school trainer. UserID: 2452, SchoolID: 506
CourseID: 344
Mappings for course 344: 0
Found student without school trainer. UserID: 2453, SchoolID: 506
CourseID: 344
Mappings for course 344: 0
Found student without school trainer. UserID: 2454, SchoolID: 506
CourseID: 344
Mappings for course 344: 0
Found student without school trainer. UserID: 2455, SchoolID: 506
CourseID: 344
Mappings for course 344: 0
Found student without school trainer. UserID: 2456, SchoolID: 506
CourseID: 344
Mappings for course 344: 0
Found student without school trainer. UserID: 2457, SchoolID: 506
CourseID: 344
Mappings for course 344: 0
Found student without school trainer. UserID: 2458, SchoolID: 506
CourseID: 344
Mappings for course 344: 0
Found student without school trainer. UserID: 2459, SchoolID: 506
CourseID: 345
Mappings for course 345: 0
Found student without school trainer. UserID: 2460, SchoolID: 506
CourseID: 345
Mappings for course 345: 0
Found student without school trainer. UserID: 2461, SchoolID: 506
CourseID: 345
Mappings for course 345: 0
Found student without school trainer. UserID: 2462, SchoolID: 506
CourseID: 345
Mappings for course 345: 0
Found student without school trainer. UserID: 2463, SchoolID: 506
CourseID: 345
Mappings for course 345: 0
Found student without school trainer. UserID: 2464, SchoolID: 506
CourseID: 345
Mappings for course 345: 0
Found student without school trainer. UserID: 2465, SchoolID: 506
CourseID: 345
Mappings for course 345: 0
Found student without school trainer. UserID: 2466, SchoolID: 506
CourseID: 345
Mappings for course 345: 0
Found student without school trainer. UserID: 2467, SchoolID: 506
CourseID: 345
Mappings for course 345: 0
Found student without school trainer. UserID: 2468, SchoolID: 506
CourseID: 345
Mappings for course 345: 0
Found student without school trainer. UserID: 2469, SchoolID: 506
CourseID: 345
Mappings for course 345: 0
Found student without school trainer. UserID: 2470, SchoolID: 506
CourseID: 345
Mappings for course 345: 0
Found student without school trainer. UserID: 2471, SchoolID: 506
CourseID: 345
Mappings for course 345: 0
Found student without school trainer. UserID: 2472, SchoolID: 506
CourseID: 345
Mappings for course 345: 0
Found student without school trainer. UserID: 2473, SchoolID: 506
CourseID: 345
Mappings for course 345: 0
Found student without school trainer. UserID: 2474, SchoolID: 506
CourseID: 345
Mappings for course 345: 0
Found student without school trainer. UserID: 2475, SchoolID: 506
CourseID: 345
Mappings for course 345: 0
Found student without school trainer. UserID: 2476, SchoolID: 506
CourseID: 345
Mappings for course 345: 0
Found student without school trainer. UserID: 2477, SchoolID: 506
CourseID: 345
Mappings for course 345: 0
Found student without school trainer. UserID: 2478, SchoolID: 506
CourseID: 345
Mappings for course 345: 0
Found student without school trainer. UserID: 2479, SchoolID: 506
CourseID: 345
Mappings for course 345: 0
Found student without school trainer. UserID: 2480, SchoolID: 506
CourseID: 345
Mappings for course 345: 0
Found student without school trainer. UserID: 2481, SchoolID: 506
CourseID: 345
Mappings for course 345: 0
Found student without school trainer. UserID: 2482, SchoolID: 506
CourseID: 345
Mappings for course 345: 0
Found student without school trainer. UserID: 2483, SchoolID: 506
CourseID: 345
Mappings for course 345: 0
Found student without school trainer. UserID: 2484, SchoolID: 506
CourseID: 345
Mappings for course 345: 0
Found student without school trainer. UserID: 2485, SchoolID: 506
CourseID: 345
Mappings for course 345: 0
Found student without school trainer. UserID: 2486, SchoolID: 506
CourseID: 345
Mappings for course 345: 0
Found student without school trainer. UserID: 2487, SchoolID: 506
CourseID: 345
Mappings for course 345: 0
Found student without school trainer. UserID: 2488, SchoolID: 506
CourseID: 345
Mappings for course 345: 0
Found student without school trainer. UserID: 2489, SchoolID: 506
CourseID: 345
Mappings for course 345: 0
Found student without school trainer. UserID: 2490, SchoolID: 506
CourseID: 345
Mappings for course 345: 0
Found student without school trainer. UserID: 2491, SchoolID: 506
CourseID: 345
Mappings for course 345: 0
Found student without school trainer. UserID: 2492, SchoolID: 506
CourseID: 345
Mappings for course 345: 0
Found student without school trainer. UserID: 2493, SchoolID: 506
CourseID: 345
Mappings for course 345: 0
Found student without school trainer. UserID: 2494, SchoolID: 506
CourseID: 345
Mappings for course 345: 0
Found student without school trainer. UserID: 2495, SchoolID: 506
CourseID: 345
Mappings for course 345: 0
Found student without school trainer. UserID: 2496, SchoolID: 506
CourseID: 345
Mappings for course 345: 0
Found student without school trainer. UserID: 2497, SchoolID: 506
CourseID: 345
Mappings for course 345: 0
Found student without school trainer. UserID: 2498, SchoolID: 506
CourseID: 345
Mappings for course 345: 0
Found student without school trainer. UserID: 2499, SchoolID: 506
CourseID: 345
Mappings for course 345: 0
Found student without school trainer. UserID: 2500, SchoolID: 506
CourseID: 345
Mappings for course 345: 0
Found student without school trainer. UserID: 2501, SchoolID: 506
CourseID: 345
Mappings for course 345: 0
Found student without school trainer. UserID: 2502, SchoolID: 506
CourseID: 345
Mappings for course 345: 0
Found student without school trainer. UserID: 2503, SchoolID: 506
CourseID: 345
Mappings for course 345: 0
Found student without school trainer. UserID: 2504, SchoolID: 506
CourseID: 345
Mappings for course 345: 0
Found student without school trainer. UserID: 2505, SchoolID: 506
CourseID: 345
Mappings for course 345: 0
Found student without school trainer. UserID: 2506, SchoolID: 506
CourseID: 345
Mappings for course 345: 0
Found student without school trainer. UserID: 2507, SchoolID: 506
CourseID: 345
Mappings for course 345: 0
Found student without school trainer. UserID: 2508, SchoolID: 506
CourseID: 345
Mappings for course 345: 0
Found student without school trainer. UserID: 2509, SchoolID: 506
CourseID: 345
Mappings for course 345: 0
Found student without school trainer. UserID: 2510, SchoolID: 506
CourseID: 345
Mappings for course 345: 0
Found student without school trainer. UserID: 2511, SchoolID: 506
CourseID: 345
Mappings for course 345: 0
Found student without school trainer. UserID: 2512, SchoolID: 506
CourseID: 345
Mappings for course 345: 0
Found student without school trainer. UserID: 2513, SchoolID: 506
CourseID: 345
Mappings for course 345: 0
Found student without school trainer. UserID: 2514, SchoolID: 506
CourseID: 345
Mappings for course 345: 0
Found student without school trainer. UserID: 2515, SchoolID: 506
CourseID: 345
Mappings for course 345: 0
Found student without school trainer. UserID: 2516, SchoolID: 506
CourseID: 345
Mappings for course 345: 0
Found student without school trainer. UserID: 2517, SchoolID: 506
CourseID: 345
Mappings for course 345: 0
Found student without school trainer. UserID: 2518, SchoolID: 506
CourseID: 345
Mappings for course 345: 0
Found student without school trainer. UserID: 2519, SchoolID: 506
CourseID: 345
Mappings for course 345: 0
Found student without school trainer. UserID: 2520, SchoolID: 506
CourseID: 345
Mappings for course 345: 0
Found student without school trainer. UserID: 2521, SchoolID: 506
CourseID: 345
Mappings for course 345: 0
Found student without school trainer. UserID: 2522, SchoolID: 506
CourseID: 345
Mappings for course 345: 0
Found student without school trainer. UserID: 2523, SchoolID: 506
CourseID: 345
Mappings for course 345: 0
Found student without school trainer. UserID: 2524, SchoolID: 506
CourseID: 345
Mappings for course 345: 0
Found student without school trainer. UserID: 2525, SchoolID: 506
CourseID: 345
Mappings for course 345: 0
Found student without school trainer. UserID: 2526, SchoolID: 506
CourseID: 345
Mappings for course 345: 0
Found student without school trainer. UserID: 2527, SchoolID: 506
CourseID: 345
Mappings for course 345: 0
Found student without school trainer. UserID: 2528, SchoolID: 506
CourseID: 345
Mappings for course 345: 0
Found student without school trainer. UserID: 2529, SchoolID: 506
CourseID: 345
Mappings for course 345: 0
Found student without school trainer. UserID: 2530, SchoolID: 506
CourseID: 345
Mappings for course 345: 0
Found student without school trainer. UserID: 2531, SchoolID: 506
CourseID: 345
Mappings for course 345: 0
Found student without school trainer. UserID: 2532, SchoolID: 506
CourseID: 345
Mappings for course 345: 0
Found student without school trainer. UserID: 2533, SchoolID: 506
CourseID: 345
Mappings for course 345: 0
Found student without school trainer. UserID: 2534, SchoolID: 506
CourseID: 345
Mappings for course 345: 0
Found student without school trainer. UserID: 2535, SchoolID: 506
CourseID: 346
Mappings for course 346: 0
Found student without school trainer. UserID: 2536, SchoolID: 506
CourseID: 346
Mappings for course 346: 0
Found student without school trainer. UserID: 2537, SchoolID: 506
CourseID: 346
Mappings for course 346: 0
Found student without school trainer. UserID: 2538, SchoolID: 506
CourseID: 346
Mappings for course 346: 0
Found student without school trainer. UserID: 2539, SchoolID: 506
CourseID: 346
Mappings for course 346: 0
Found student without school trainer. UserID: 2540, SchoolID: 506
CourseID: 346
Mappings for course 346: 0
Found student without school trainer. UserID: 2541, SchoolID: 506
CourseID: 346
Mappings for course 346: 0
Found student without school trainer. UserID: 2542, SchoolID: 506
CourseID: 346
Mappings for course 346: 0
Found student without school trainer. UserID: 2543, SchoolID: 506
CourseID: 346
Mappings for course 346: 0
Found student without school trainer. UserID: 2544, SchoolID: 506
CourseID: 346
Mappings for course 346: 0
Found student without school trainer. UserID: 2545, SchoolID: 506
CourseID: 346
Mappings for course 346: 0
Found student without school trainer. UserID: 2546, SchoolID: 506
CourseID: 346
Mappings for course 346: 0
Found student without school trainer. UserID: 2547, SchoolID: 506
CourseID: 346
Mappings for course 346: 0
Found student without school trainer. UserID: 2548, SchoolID: 506
CourseID: 346
Mappings for course 346: 0
Found student without school trainer. UserID: 2549, SchoolID: 506
CourseID: 346
Mappings for course 346: 0
Found student without school trainer. UserID: 2550, SchoolID: 506
CourseID: 346
Mappings for course 346: 0
Found student without school trainer. UserID: 2551, SchoolID: 506
CourseID: 346
Mappings for course 346: 0
Found student without school trainer. UserID: 2552, SchoolID: 506
CourseID: 346
Mappings for course 346: 0
Found student without school trainer. UserID: 2553, SchoolID: 506
CourseID: 346
Mappings for course 346: 0
Found student without school trainer. UserID: 2554, SchoolID: 506
CourseID: 346
Mappings for course 346: 0
Found student without school trainer. UserID: 2555, SchoolID: 506
CourseID: 346
Mappings for course 346: 0
Found student without school trainer. UserID: 2556, SchoolID: 506
CourseID: 346
Mappings for course 346: 0
Found student without school trainer. UserID: 2557, SchoolID: 506
CourseID: 346
Mappings for course 346: 0
Found student without school trainer. UserID: 2558, SchoolID: 506
CourseID: 346
Mappings for course 346: 0
Found student without school trainer. UserID: 2559, SchoolID: 506
CourseID: 346
Mappings for course 346: 0
Found student without school trainer. UserID: 2560, SchoolID: 506
CourseID: 346
Mappings for course 346: 0
Found student without school trainer. UserID: 2561, SchoolID: 506
CourseID: 346
Mappings for course 346: 0
Found student without school trainer. UserID: 2562, SchoolID: 506
CourseID: 346
Mappings for course 346: 0
Found student without school trainer. UserID: 2563, SchoolID: 506
CourseID: 346
Mappings for course 346: 0
Found student without school trainer. UserID: 2564, SchoolID: 506
CourseID: 346
Mappings for course 346: 0
Found student without school trainer. UserID: 2565, SchoolID: 506
CourseID: 346
Mappings for course 346: 0
Found student without school trainer. UserID: 2566, SchoolID: 506
CourseID: 346
Mappings for course 346: 0
Found student without school trainer. UserID: 2567, SchoolID: 506
CourseID: 346
Mappings for course 346: 0
Found student without school trainer. UserID: 2568, SchoolID: 506
CourseID: 346
Mappings for course 346: 0
Found student without school trainer. UserID: 2569, SchoolID: 506
CourseID: 346
Mappings for course 346: 0
Found student without school trainer. UserID: 2570, SchoolID: 506
CourseID: 346
Mappings for course 346: 0
Found student without school trainer. UserID: 2571, SchoolID: 506
CourseID: 346
Mappings for course 346: 0
Found student without school trainer. UserID: 2572, SchoolID: 506
CourseID: 346
Mappings for course 346: 0
Found student without school trainer. UserID: 2573, SchoolID: 506
CourseID: 346
Mappings for course 346: 0
Found student without school trainer. UserID: 2574, SchoolID: 506
CourseID: 346
Mappings for course 346: 0
Found student without school trainer. UserID: 2575, SchoolID: 506
CourseID: 346
Mappings for course 346: 0
Found student without school trainer. UserID: 2576, SchoolID: 506
CourseID: 346
Mappings for course 346: 0
Found student without school trainer. UserID: 2577, SchoolID: 506
CourseID: 346
Mappings for course 346: 0
Found student without school trainer. UserID: 2578, SchoolID: 506
CourseID: 346
Mappings for course 346: 0
Found student without school trainer. UserID: 2579, SchoolID: 506
CourseID: 346
Mappings for course 346: 0
Found student without school trainer. UserID: 2580, SchoolID: 506
CourseID: 346
Mappings for course 346: 0
Found student without school trainer. UserID: 2581, SchoolID: 506
CourseID: 346
Mappings for course 346: 0
Found student without school trainer. UserID: 2582, SchoolID: 506
CourseID: 346
Mappings for course 346: 0
Found student without school trainer. UserID: 2583, SchoolID: 506
CourseID: 346
Mappings for course 346: 0
Found student without school trainer. UserID: 2584, SchoolID: 506
CourseID: 346
Mappings for course 346: 0
Found student without school trainer. UserID: 2585, SchoolID: 506
CourseID: 346
Mappings for course 346: 0
Found student without school trainer. UserID: 2586, SchoolID: 506
CourseID: 346
Mappings for course 346: 0
Found student without school trainer. UserID: 2587, SchoolID: 506
CourseID: 346
Mappings for course 346: 0
Found student without school trainer. UserID: 2588, SchoolID: 506
CourseID: 346
Mappings for course 346: 0
Found student without school trainer. UserID: 2589, SchoolID: 506
CourseID: 346
Mappings for course 346: 0
Found student without school trainer. UserID: 2590, SchoolID: 506
CourseID: 346
Mappings for course 346: 0
Found student without school trainer. UserID: 2591, SchoolID: 506
CourseID: 346
Mappings for course 346: 0
Found student without school trainer. UserID: 2592, SchoolID: 506
CourseID: 346
Mappings for course 346: 0
Found student without school trainer. UserID: 2593, SchoolID: 506
CourseID: 346
Mappings for course 346: 0
Found student without school trainer. UserID: 2594, SchoolID: 506
CourseID: 346
Mappings for course 346: 0
Found student without school trainer. UserID: 2595, SchoolID: 506
CourseID: 346
Mappings for course 346: 0
Found student without school trainer. UserID: 2596, SchoolID: 506
CourseID: 346
Mappings for course 346: 0
Found student without school trainer. UserID: 2597, SchoolID: 506
CourseID: 346
Mappings for course 346: 0
Found student without school trainer. UserID: 2598, SchoolID: 506
CourseID: 346
Mappings for course 346: 0
Found student without school trainer. UserID: 2599, SchoolID: 506
CourseID: 346
Mappings for course 346: 0
Found student without school trainer. UserID: 2600, SchoolID: 506
CourseID: 346
Mappings for course 346: 0
Found student without school trainer. UserID: 2601, SchoolID: 506
CourseID: 346
Mappings for course 346: 0
Found student without school trainer. UserID: 2602, SchoolID: 506
CourseID: 346
Mappings for course 346: 0
Found student without school trainer. UserID: 2603, SchoolID: 506
CourseID: 346
Mappings for course 346: 0
Found student without school trainer. UserID: 2604, SchoolID: 506
CourseID: 346
Mappings for course 346: 0
Found student without school trainer. UserID: 2605, SchoolID: 506
CourseID: 346
Mappings for course 346: 0
Found student without school trainer. UserID: 2606, SchoolID: 506
CourseID: 346
Mappings for course 346: 0
Found student without school trainer. UserID: 2607, SchoolID: 506
CourseID: 346
Mappings for course 346: 0
Found student without school trainer. UserID: 2608, SchoolID: 506
CourseID: 346
Mappings for course 346: 0
Found student without school trainer. UserID: 2609, SchoolID: 506
CourseID: 346
Mappings for course 346: 0
Found student without school trainer. UserID: 2610, SchoolID: 506
CourseID: 346
Mappings for course 346: 0
Found student without school trainer. UserID: 2611, SchoolID: 506
CourseID: 346
Mappings for course 346: 0
Found student without school trainer. UserID: 2612, SchoolID: 506
CourseID: 346
Mappings for course 346: 0
Found student without school trainer. UserID: 2613, SchoolID: 506
CourseID: 346
Mappings for course 346: 0
Found student without school trainer. UserID: 2614, SchoolID: 506
CourseID: 346
Mappings for course 346: 0
Found student without school trainer. UserID: 2615, SchoolID: 506
CourseID: 346
Mappings for course 346: 0
Found student without school trainer. UserID: 2616, SchoolID: 506
CourseID: 346
Mappings for course 346: 0
Found student without school trainer. UserID: 2617, SchoolID: 506
CourseID: 346
Mappings for course 346: 0
Found student without school trainer. UserID: 2618, SchoolID: 506
CourseID: 346
Mappings for course 346: 0
Found student without school trainer. UserID: 2619, SchoolID: 506
CourseID: 346
Mappings for course 346: 0
Found student without school trainer. UserID: 2620, SchoolID: 506
CourseID: 346
Mappings for course 346: 0
Found student without school trainer. UserID: 2621, SchoolID: 506
CourseID: 346
Mappings for course 346: 0
Found student without school trainer. UserID: 2622, SchoolID: 506
CourseID: 346
Mappings for course 346: 0
Found student without school trainer. UserID: 2623, SchoolID: 506
CourseID: 346
Mappings for course 346: 0
Found student without school trainer. UserID: 2624, SchoolID: 506
CourseID: 346
Mappings for course 346: 0
Found student without school trainer. UserID: 2625, SchoolID: 506
CourseID: 346
Mappings for course 346: 0
Found student without school trainer. UserID: 2626, SchoolID: 506
CourseID: 346
Mappings for course 346: 0
Found student without school trainer. UserID: 2627, SchoolID: 506
CourseID: 346
Mappings for course 346: 0
Found student without school trainer. UserID: 2628, SchoolID: 506
CourseID: 346
Mappings for course 346: 0
Found student without school trainer. UserID: 2629, SchoolID: 506
CourseID: 346
Mappings for course 346: 0
Found student without school trainer. UserID: 2630, SchoolID: 506
CourseID: 346
Mappings for course 346: 0
Found student without school trainer. UserID: 2631, SchoolID: 506
CourseID: 346
Mappings for course 346: 0
Found student without school trainer. UserID: 2632, SchoolID: 506
CourseID: 347
Mappings for course 347: 0
Found student without school trainer. UserID: 2633, SchoolID: 506
CourseID: 347
Mappings for course 347: 0
Found student without school trainer. UserID: 2634, SchoolID: 506
CourseID: 347
Mappings for course 347: 0
Found student without school trainer. UserID: 2635, SchoolID: 506
CourseID: 347
Mappings for course 347: 0
Found student without school trainer. UserID: 2636, SchoolID: 506
CourseID: 347
Mappings for course 347: 0
Found student without school trainer. UserID: 2637, SchoolID: 506
CourseID: 347
Mappings for course 347: 0
Found student without school trainer. UserID: 2638, SchoolID: 506
CourseID: 347
Mappings for course 347: 0
Found student without school trainer. UserID: 2639, SchoolID: 506
CourseID: 347
Mappings for course 347: 0
Found student without school trainer. UserID: 2640, SchoolID: 506
CourseID: 347
Mappings for course 347: 0
Found student without school trainer. UserID: 2641, SchoolID: 506
CourseID: 347
Mappings for course 347: 0
Found student without school trainer. UserID: 2642, SchoolID: 506
CourseID: 347
Mappings for course 347: 0
Found student without school trainer. UserID: 2643, SchoolID: 506
CourseID: 347
Mappings for course 347: 0
Found student without school trainer. UserID: 2644, SchoolID: 506
CourseID: 347
Mappings for course 347: 0
Found student without school trainer. UserID: 2645, SchoolID: 506
CourseID: 347
Mappings for course 347: 0
Found student without school trainer. UserID: 2646, SchoolID: 506
CourseID: 347
Mappings for course 347: 0
Found student without school trainer. UserID: 2647, SchoolID: 506
CourseID: 347
Mappings for course 347: 0
Found student without school trainer. UserID: 2648, SchoolID: 506
CourseID: 347
Mappings for course 347: 0
Found student without school trainer. UserID: 2649, SchoolID: 506
CourseID: 347
Mappings for course 347: 0
Found student without school trainer. UserID: 2650, SchoolID: 506
CourseID: 347
Mappings for course 347: 0
Found student without school trainer. UserID: 2651, SchoolID: 506
CourseID: 347
Mappings for course 347: 0
Found student without school trainer. UserID: 2652, SchoolID: 506
CourseID: 347
Mappings for course 347: 0
Found student without school trainer. UserID: 2653, SchoolID: 506
CourseID: 347
Mappings for course 347: 0
Found student without school trainer. UserID: 2654, SchoolID: 506
CourseID: 347
Mappings for course 347: 0
Found student without school trainer. UserID: 2655, SchoolID: 506
CourseID: 347
Mappings for course 347: 0
Found student without school trainer. UserID: 2656, SchoolID: 506
CourseID: 347
Mappings for course 347: 0
Found student without school trainer. UserID: 2657, SchoolID: 506
CourseID: 347
Mappings for course 347: 0
Found student without school trainer. UserID: 2658, SchoolID: 506
CourseID: 347
Mappings for course 347: 0
Found student without school trainer. UserID: 2659, SchoolID: 506
CourseID: 347
Mappings for course 347: 0
Found student without school trainer. UserID: 2660, SchoolID: 506
CourseID: 347
Mappings for course 347: 0
Found student without school trainer. UserID: 2661, SchoolID: 506
CourseID: 347
Mappings for course 347: 0
Found student without school trainer. UserID: 2662, SchoolID: 506
CourseID: 347
Mappings for course 347: 0
Found student without school trainer. UserID: 2663, SchoolID: 506
CourseID: 347
Mappings for course 347: 0
Found student without school trainer. UserID: 2664, SchoolID: 506
CourseID: 347
Mappings for course 347: 0
Found student without school trainer. UserID: 2665, SchoolID: 506
CourseID: 347
Mappings for course 347: 0
Found student without school trainer. UserID: 2666, SchoolID: 506
CourseID: 347
Mappings for course 347: 0
Found student without school trainer. UserID: 2667, SchoolID: 506
CourseID: 347
Mappings for course 347: 0
Found student without school trainer. UserID: 2668, SchoolID: 506
CourseID: 347
Mappings for course 347: 0
Found student without school trainer. UserID: 2669, SchoolID: 506
CourseID: 347
Mappings for course 347: 0
Found student without school trainer. UserID: 2670, SchoolID: 506
CourseID: 347
Mappings for course 347: 0
Found student without school trainer. UserID: 2671, SchoolID: 506
CourseID: 347
Mappings for course 347: 0
Found student without school trainer. UserID: 2672, SchoolID: 506
CourseID: 347
Mappings for course 347: 0
Found student without school trainer. UserID: 2673, SchoolID: 506
CourseID: 347
Mappings for course 347: 0
Found student without school trainer. UserID: 2674, SchoolID: 506
CourseID: 347
Mappings for course 347: 0
Found student without school trainer. UserID: 2675, SchoolID: 506
CourseID: 347
Mappings for course 347: 0
Found student without school trainer. UserID: 2676, SchoolID: 506
CourseID: 347
Mappings for course 347: 0
Found student without school trainer. UserID: 2677, SchoolID: 506
CourseID: 347
Mappings for course 347: 0
Found student without school trainer. UserID: 2678, SchoolID: 506
CourseID: 347
Mappings for course 347: 0
Found student without school trainer. UserID: 2679, SchoolID: 506
CourseID: 347
Mappings for course 347: 0
Found student without school trainer. UserID: 2680, SchoolID: 506
CourseID: 347
Mappings for course 347: 0
Found student without school trainer. UserID: 2681, SchoolID: 506
CourseID: 347
Mappings for course 347: 0
Found student without school trainer. UserID: 2682, SchoolID: 506
CourseID: 347
Mappings for course 347: 0
Found student without school trainer. UserID: 2683, SchoolID: 506
CourseID: 347
Mappings for course 347: 0
Found student without school trainer. UserID: 2684, SchoolID: 506
CourseID: 347
Mappings for course 347: 0
Found student without school trainer. UserID: 2685, SchoolID: 506
CourseID: 347
Mappings for course 347: 0
Found student without school trainer. UserID: 2686, SchoolID: 506
CourseID: 347
Mappings for course 347: 0
Found student without school trainer. UserID: 2687, SchoolID: 506
CourseID: 347
Mappings for course 347: 0
Found student without school trainer. UserID: 2688, SchoolID: 506
CourseID: 347
Mappings for course 347: 0
Found student without school trainer. UserID: 2689, SchoolID: 506
CourseID: 347
Mappings for course 347: 0
Found student without school trainer. UserID: 2690, SchoolID: 506
CourseID: 347
Mappings for course 347: 0
Found student without school trainer. UserID: 2691, SchoolID: 506
CourseID: 347
Mappings for course 347: 0
Found student without school trainer. UserID: 2692, SchoolID: 506
CourseID: 347
Mappings for course 347: 0
Found student without school trainer. UserID: 2693, SchoolID: 506
CourseID: 347
Mappings for course 347: 0
Found student without school trainer. UserID: 2694, SchoolID: 506
CourseID: 347
Mappings for course 347: 0
Found student without school trainer. UserID: 2695, SchoolID: 506
CourseID: 347
Mappings for course 347: 0
Found student without school trainer. UserID: 2696, SchoolID: 506
CourseID: 347
Mappings for course 347: 0
Found student without school trainer. UserID: 2697, SchoolID: 506
CourseID: 347
Mappings for course 347: 0
Found student without school trainer. UserID: 2698, SchoolID: 506
CourseID: 347
Mappings for course 347: 0
Found student without school trainer. UserID: 2699, SchoolID: 506
CourseID: 347
Mappings for course 347: 0
Found student without school trainer. UserID: 2700, SchoolID: 506
CourseID: 347
Mappings for course 347: 0
Found student without school trainer. UserID: 2701, SchoolID: 506
CourseID: 347
Mappings for course 347: 0
Found student without school trainer. UserID: 2702, SchoolID: 506
CourseID: 347
Mappings for course 347: 0
Found student without school trainer. UserID: 2703, SchoolID: 506
CourseID: 347
Mappings for course 347: 0
Found student without school trainer. UserID: 2704, SchoolID: 506
CourseID: 347
Mappings for course 347: 0
Found student without school trainer. UserID: 2705, SchoolID: 506
CourseID: 347
Mappings for course 347: 0
Found student without school trainer. UserID: 2706, SchoolID: 506
CourseID: 347
Mappings for course 347: 0
Found student without school trainer. UserID: 2707, SchoolID: 506
CourseID: 347
Mappings for course 347: 0
Found student without school trainer. UserID: 2708, SchoolID: 506
CourseID: 347
Mappings for course 347: 0
Found student without school trainer. UserID: 2709, SchoolID: 506
CourseID: 347
Mappings for course 347: 0
Found student without school trainer. UserID: 2710, SchoolID: 506
CourseID: 347
Mappings for course 347: 0
Found student without school trainer. UserID: 2711, SchoolID: 506
CourseID: 347
Mappings for course 347: 0
Found student without school trainer. UserID: 2712, SchoolID: 506
CourseID: 347
Mappings for course 347: 0
Found student without school trainer. UserID: 2713, SchoolID: 506
CourseID: 347
Mappings for course 347: 0
Found student without school trainer. UserID: 2714, SchoolID: 506
CourseID: 347
Mappings for course 347: 0
Found student without school trainer. UserID: 2715, SchoolID: 506
CourseID: 347
Mappings for course 347: 0
Found student without school trainer. UserID: 2716, SchoolID: 506
CourseID: 347
Mappings for course 347: 0
Found student without school trainer. UserID: 2717, SchoolID: 506
CourseID: 347
Mappings for course 347: 0
Found student without school trainer. UserID: 2718, SchoolID: 506
CourseID: 347
Mappings for course 347: 0
Found student without school trainer. UserID: 2719, SchoolID: 506
CourseID: 347
Mappings for course 347: 0
Found student without school trainer. UserID: 2720, SchoolID: 506
CourseID: 347
Mappings for course 347: 0
Found student without school trainer. UserID: 2721, SchoolID: 506
CourseID: 347
Mappings for course 347: 0
Found student without school trainer. UserID: 2722, SchoolID: 506
CourseID: 347
Mappings for course 347: 0
Found student without school trainer. UserID: 2723, SchoolID: 506
CourseID: 347
Mappings for course 347: 0
Found student without school trainer. UserID: 2724, SchoolID: 506
CourseID: 347
Mappings for course 347: 0
Found student without school trainer. UserID: 2725, SchoolID: 506
CourseID: 347
Mappings for course 347: 0
Found student without school trainer. UserID: 2726, SchoolID: 506
CourseID: 347
Mappings for course 347: 0
Found student without school trainer. UserID: 2727, SchoolID: 506
CourseID: 347
Mappings for course 347: 0
Found student without school trainer. UserID: 2728, SchoolID: 506
CourseID: 347
Mappings for course 347: 0
Found student without school trainer. UserID: 2729, SchoolID: 506
CourseID: 348
Mappings for course 348: 0
Found student without school trainer. UserID: 2730, SchoolID: 506
CourseID: 348
Mappings for course 348: 0
Found student without school trainer. UserID: 2731, SchoolID: 506
CourseID: 348
Mappings for course 348: 0
Found student without school trainer. UserID: 2732, SchoolID: 506
CourseID: 348
Mappings for course 348: 0
Found student without school trainer. UserID: 2733, SchoolID: 506
CourseID: 348
Mappings for course 348: 0
Found student without school trainer. UserID: 2734, SchoolID: 506
CourseID: 348
Mappings for course 348: 0
Found student without school trainer. UserID: 2735, SchoolID: 506
CourseID: 348
Mappings for course 348: 0
Found student without school trainer. UserID: 2736, SchoolID: 506
CourseID: 348
Mappings for course 348: 0
Found student without school trainer. UserID: 2737, SchoolID: 506
CourseID: 348
Mappings for course 348: 0
Found student without school trainer. UserID: 2738, SchoolID: 506
CourseID: 348
Mappings for course 348: 0
Found student without school trainer. UserID: 2739, SchoolID: 506
CourseID: 348
Mappings for course 348: 0
Found student without school trainer. UserID: 2740, SchoolID: 506
CourseID: 348
Mappings for course 348: 0
Found student without school trainer. UserID: 2741, SchoolID: 506
CourseID: 348
Mappings for course 348: 0
Found student without school trainer. UserID: 2742, SchoolID: 506
CourseID: 348
Mappings for course 348: 0
Found student without school trainer. UserID: 2743, SchoolID: 506
CourseID: 348
Mappings for course 348: 0
Found student without school trainer. UserID: 2744, SchoolID: 506
CourseID: 348
Mappings for course 348: 0
Found student without school trainer. UserID: 2745, SchoolID: 506
CourseID: 348
Mappings for course 348: 0
Found student without school trainer. UserID: 2746, SchoolID: 506
CourseID: 348
Mappings for course 348: 0
Found student without school trainer. UserID: 2747, SchoolID: 506
CourseID: 348
Mappings for course 348: 0
Found student without school trainer. UserID: 2748, SchoolID: 506
CourseID: 348
Mappings for course 348: 0
Found student without school trainer. UserID: 2749, SchoolID: 506
CourseID: 348
Mappings for course 348: 0
Found student without school trainer. UserID: 2750, SchoolID: 506
CourseID: 348
Mappings for course 348: 0
Found student without school trainer. UserID: 2751, SchoolID: 506
CourseID: 348
Mappings for course 348: 0
Found student without school trainer. UserID: 2752, SchoolID: 506
CourseID: 348
Mappings for course 348: 0
Found student without school trainer. UserID: 2753, SchoolID: 506
CourseID: 348
Mappings for course 348: 0
Found student without school trainer. UserID: 2754, SchoolID: 506
CourseID: 348
Mappings for course 348: 0
Found student without school trainer. UserID: 2755, SchoolID: 506
CourseID: 348
Mappings for course 348: 0
Found student without school trainer. UserID: 2756, SchoolID: 506
CourseID: 348
Mappings for course 348: 0
Found student without school trainer. UserID: 2757, SchoolID: 506
CourseID: 348
Mappings for course 348: 0
Found student without school trainer. UserID: 2758, SchoolID: 506
CourseID: 348
Mappings for course 348: 0
Found student without school trainer. UserID: 2759, SchoolID: 506
CourseID: 348
Mappings for course 348: 0
Found student without school trainer. UserID: 2760, SchoolID: 506
CourseID: 348
Mappings for course 348: 0
Found student without school trainer. UserID: 2761, SchoolID: 506
CourseID: 348
Mappings for course 348: 0
Found student without school trainer. UserID: 2762, SchoolID: 506
CourseID: 348
Mappings for course 348: 0
Found student without school trainer. UserID: 2763, SchoolID: 506
CourseID: 348
Mappings for course 348: 0
Found student without school trainer. UserID: 2764, SchoolID: 506
CourseID: 348
Mappings for course 348: 0
Found student without school trainer. UserID: 2765, SchoolID: 506
CourseID: 348
Mappings for course 348: 0
Found student without school trainer. UserID: 2766, SchoolID: 506
CourseID: 348
Mappings for course 348: 0
Found student without school trainer. UserID: 2767, SchoolID: 506
CourseID: 348
Mappings for course 348: 0
Found student without school trainer. UserID: 2768, SchoolID: 506
CourseID: 348
Mappings for course 348: 0
Found student without school trainer. UserID: 2769, SchoolID: 506
CourseID: 348
Mappings for course 348: 0
Found student without school trainer. UserID: 2770, SchoolID: 506
CourseID: 348
Mappings for course 348: 0
Found student without school trainer. UserID: 2771, SchoolID: 506
CourseID: 348
Mappings for course 348: 0
Found student without school trainer. UserID: 2772, SchoolID: 506
CourseID: 348
Mappings for course 348: 0
Found student without school trainer. UserID: 2773, SchoolID: 506
CourseID: 348
Mappings for course 348: 0
Found student without school trainer. UserID: 2774, SchoolID: 506
CourseID: 348
Mappings for course 348: 0
Found student without school trainer. UserID: 2775, SchoolID: 506
CourseID: 348
Mappings for course 348: 0
Found student without school trainer. UserID: 2776, SchoolID: 506
CourseID: 348
Mappings for course 348: 0
Found student without school trainer. UserID: 2777, SchoolID: 506
CourseID: 348
Mappings for course 348: 0
Found student without school trainer. UserID: 2778, SchoolID: 506
CourseID: 348
Mappings for course 348: 0
Found student without school trainer. UserID: 2779, SchoolID: 506
CourseID: 348
Mappings for course 348: 0
Found student without school trainer. UserID: 2780, SchoolID: 506
CourseID: 348
Mappings for course 348: 0
Found student without school trainer. UserID: 2781, SchoolID: 506
CourseID: 348
Mappings for course 348: 0
Found student without school trainer. UserID: 2782, SchoolID: 506
CourseID: 348
Mappings for course 348: 0
Found student without school trainer. UserID: 2783, SchoolID: 506
CourseID: 348
Mappings for course 348: 0
Found student without school trainer. UserID: 2784, SchoolID: 506
CourseID: 348
Mappings for course 348: 0
Found student without school trainer. UserID: 2785, SchoolID: 506
CourseID: 348
Mappings for course 348: 0
Found student without school trainer. UserID: 2786, SchoolID: 506
CourseID: 348
Mappings for course 348: 0
Found student without school trainer. UserID: 2787, SchoolID: 506
CourseID: 348
Mappings for course 348: 0
Found student without school trainer. UserID: 2788, SchoolID: 506
CourseID: 348
Mappings for course 348: 0
Found student without school trainer. UserID: 2789, SchoolID: 506
CourseID: 348
Mappings for course 348: 0
Found student without school trainer. UserID: 2790, SchoolID: 506
CourseID: 348
Mappings for course 348: 0
Found student without school trainer. UserID: 2791, SchoolID: 506
CourseID: 348
Mappings for course 348: 0
Found student without school trainer. UserID: 2792, SchoolID: 506
CourseID: 348
Mappings for course 348: 0
Found student without school trainer. UserID: 2793, SchoolID: 506
CourseID: 348
Mappings for course 348: 0
Found student without school trainer. UserID: 2794, SchoolID: 506
CourseID: 348
Mappings for course 348: 0
Found student without school trainer. UserID: 2795, SchoolID: 506
CourseID: 348
Mappings for course 348: 0
Found student without school trainer. UserID: 2796, SchoolID: 506
CourseID: 348
Mappings for course 348: 0
Found student without school trainer. UserID: 2797, SchoolID: 506
CourseID: 348
Mappings for course 348: 0
Found student without school trainer. UserID: 2798, SchoolID: 506
CourseID: 348
Mappings for course 348: 0
Found student without school trainer. UserID: 2799, SchoolID: 506
CourseID: 348
Mappings for course 348: 0
Found student without school trainer. UserID: 2800, SchoolID: 506
CourseID: 348
Mappings for course 348: 0
Found student without school trainer. UserID: 2801, SchoolID: 506
CourseID: 348
Mappings for course 348: 0
Found student without school trainer. UserID: 2802, SchoolID: 506
CourseID: 348
Mappings for course 348: 0
Found student without school trainer. UserID: 2803, SchoolID: 506
CourseID: 348
Mappings for course 348: 0
Found student without school trainer. UserID: 2804, SchoolID: 506
CourseID: 348
Mappings for course 348: 0
Found student without school trainer. UserID: 2805, SchoolID: 506
CourseID: 348
Mappings for course 348: 0
Found student without school trainer. UserID: 2806, SchoolID: 506
CourseID: 348
Mappings for course 348: 0
Found student without school trainer. UserID: 2807, SchoolID: 506
CourseID: 348
Mappings for course 348: 0
Found student without school trainer. UserID: 2808, SchoolID: 506
CourseID: 348
Mappings for course 348: 0
Found student without school trainer. UserID: 2809, SchoolID: 506
CourseID: 348
Mappings for course 348: 0
Found student without school trainer. UserID: 2810, SchoolID: 506
CourseID: 348
Mappings for course 348: 0
Found student without school trainer. UserID: 2811, SchoolID: 506
CourseID: 348
Mappings for course 348: 0
Found student without school trainer. UserID: 2812, SchoolID: 506
CourseID: 348
Mappings for course 348: 0
Found student without school trainer. UserID: 2813, SchoolID: 506
CourseID: 348
Mappings for course 348: 0
Found student without school trainer. UserID: 2814, SchoolID: 506
CourseID: 348
Mappings for course 348: 0
Found student without school trainer. UserID: 2815, SchoolID: 506
CourseID: 348
Mappings for course 348: 0
Found student without school trainer. UserID: 2816, SchoolID: 506
CourseID: 348
Mappings for course 348: 0
Found student without school trainer. UserID: 2817, SchoolID: 506
CourseID: 348
Mappings for course 348: 0
Found student without school trainer. UserID: 2818, SchoolID: 506
CourseID: 348
Mappings for course 348: 0
Found student without school trainer. UserID: 2819, SchoolID: 506
CourseID: 348
Mappings for course 348: 0
Found student without school trainer. UserID: 2820, SchoolID: 506
CourseID: 348
Mappings for course 348: 0
Found student without school trainer. UserID: 2821, SchoolID: 506
CourseID: 348
Mappings for course 348: 0
Found student without school trainer. UserID: 2822, SchoolID: 506
CourseID: 348
Mappings for course 348: 0
Found student without school trainer. UserID: 2823, SchoolID: 506
CourseID: 348
Mappings for course 348: 0
Found student without school trainer. UserID: 2824, SchoolID: 506
CourseID: 348
Mappings for course 348: 0
Found student without school trainer. UserID: 2825, SchoolID: 506
CourseID: 348
Mappings for course 348: 0
Found student without school trainer. UserID: 2826, SchoolID: 506
CourseID: 348
Mappings for course 348: 0
Found student without school trainer. UserID: 2827, SchoolID: 506
CourseID: 348
Mappings for course 348: 0
Found student without school trainer. UserID: 2828, SchoolID: 506
CourseID: 348
Mappings for course 348: 0
Found student without school trainer. UserID: 2829, SchoolID: 506
CourseID: 348
Mappings for course 348: 0
Found student without school trainer. UserID: 2830, SchoolID: 506
CourseID: 348
Mappings for course 348: 0
Found student without school trainer. UserID: 2831, SchoolID: 506
CourseID: 348
Mappings for course 348: 0
Found student without school trainer. UserID: 2832, SchoolID: 506
CourseID: 348
Mappings for course 348: 0
Found student without school trainer. UserID: 2833, SchoolID: 506
CourseID: 348
Mappings for course 348: 0
Found student without school trainer. UserID: 2834, SchoolID: 506
CourseID: 348
Mappings for course 348: 0
Found student without school trainer. UserID: 2835, SchoolID: 506
CourseID: 349
Mappings for course 349: 0
Found student without school trainer. UserID: 2836, SchoolID: 506
CourseID: 349
Mappings for course 349: 0
Found student without school trainer. UserID: 2837, SchoolID: 506
CourseID: 349
Mappings for course 349: 0
Found student without school trainer. UserID: 2838, SchoolID: 506
CourseID: 349
Mappings for course 349: 0
Found student without school trainer. UserID: 2839, SchoolID: 506
CourseID: 349
Mappings for course 349: 0
Found student without school trainer. UserID: 2840, SchoolID: 506
CourseID: 349
Mappings for course 349: 0
Found student without school trainer. UserID: 2841, SchoolID: 506
CourseID: 349
Mappings for course 349: 0
Found student without school trainer. UserID: 2842, SchoolID: 506
CourseID: 349
Mappings for course 349: 0
Found student without school trainer. UserID: 2843, SchoolID: 506
CourseID: 349
Mappings for course 349: 0
Found student without school trainer. UserID: 2844, SchoolID: 506
CourseID: 349
Mappings for course 349: 0
Found student without school trainer. UserID: 2845, SchoolID: 506
CourseID: 349
Mappings for course 349: 0
Found student without school trainer. UserID: 2846, SchoolID: 506
CourseID: 349
Mappings for course 349: 0
Found student without school trainer. UserID: 2847, SchoolID: 506
CourseID: 349
Mappings for course 349: 0
Found student without school trainer. UserID: 2848, SchoolID: 506
CourseID: 349
Mappings for course 349: 0
Found student without school trainer. UserID: 2849, SchoolID: 506
CourseID: 349
Mappings for course 349: 0
Found student without school trainer. UserID: 2850, SchoolID: 506
CourseID: 349
Mappings for course 349: 0
Found student without school trainer. UserID: 2851, SchoolID: 506
CourseID: 349
Mappings for course 349: 0
Found student without school trainer. UserID: 2852, SchoolID: 506
CourseID: 349
Mappings for course 349: 0
Found student without school trainer. UserID: 2853, SchoolID: 506
CourseID: 349
Mappings for course 349: 0
Found student without school trainer. UserID: 2854, SchoolID: 506
CourseID: 349
Mappings for course 349: 0
Found student without school trainer. UserID: 2855, SchoolID: 506
CourseID: 349
Mappings for course 349: 0
Found student without school trainer. UserID: 2856, SchoolID: 506
CourseID: 349
Mappings for course 349: 0
Found student without school trainer. UserID: 2857, SchoolID: 506
CourseID: 349
Mappings for course 349: 0
Found student without school trainer. UserID: 2858, SchoolID: 506
CourseID: 349
Mappings for course 349: 0
Found student without school trainer. UserID: 2859, SchoolID: 506
CourseID: 349
Mappings for course 349: 0
Found student without school trainer. UserID: 2860, SchoolID: 506
CourseID: 349
Mappings for course 349: 0
Found student without school trainer. UserID: 2861, SchoolID: 506
CourseID: 349
Mappings for course 349: 0
Found student without school trainer. UserID: 2862, SchoolID: 506
CourseID: 349
Mappings for course 349: 0
Found student without school trainer. UserID: 2863, SchoolID: 506
CourseID: 349
Mappings for course 349: 0
Found student without school trainer. UserID: 2864, SchoolID: 506
CourseID: 349
Mappings for course 349: 0
Found student without school trainer. UserID: 2865, SchoolID: 506
CourseID: 349
Mappings for course 349: 0
Found student without school trainer. UserID: 2866, SchoolID: 506
CourseID: 349
Mappings for course 349: 0
Found student without school trainer. UserID: 2867, SchoolID: 506
CourseID: 349
Mappings for course 349: 0
Found student without school trainer. UserID: 2868, SchoolID: 506
CourseID: 349
Mappings for course 349: 0
Found student without school trainer. UserID: 2869, SchoolID: 506
CourseID: 349
Mappings for course 349: 0
Found student without school trainer. UserID: 2870, SchoolID: 506
CourseID: 349
Mappings for course 349: 0
Found student without school trainer. UserID: 2871, SchoolID: 506
CourseID: 349
Mappings for course 349: 0
Found student without school trainer. UserID: 2872, SchoolID: 506
CourseID: 349
Mappings for course 349: 0
Found student without school trainer. UserID: 2873, SchoolID: 506
CourseID: 349
Mappings for course 349: 0
Found student without school trainer. UserID: 2874, SchoolID: 506
CourseID: 349
Mappings for course 349: 0
Found student without school trainer. UserID: 2875, SchoolID: 506
CourseID: 349
Mappings for course 349: 0
Found student without school trainer. UserID: 2876, SchoolID: 506
CourseID: 349
Mappings for course 349: 0
Found student without school trainer. UserID: 2877, SchoolID: 506
CourseID: 349
Mappings for course 349: 0
Found student without school trainer. UserID: 2878, SchoolID: 506
CourseID: 349
Mappings for course 349: 0
Found student without school trainer. UserID: 2879, SchoolID: 506
CourseID: 349
Mappings for course 349: 0
Found student without school trainer. UserID: 2880, SchoolID: 506
CourseID: 349
Mappings for course 349: 0
Found student without school trainer. UserID: 2881, SchoolID: 506
CourseID: 349
Mappings for course 349: 0
Found student without school trainer. UserID: 2882, SchoolID: 506
CourseID: 349
Mappings for course 349: 0
Found student without school trainer. UserID: 2883, SchoolID: 506
CourseID: 349
Mappings for course 349: 0
Found student without school trainer. UserID: 2884, SchoolID: 506
CourseID: 349
Mappings for course 349: 0
Found student without school trainer. UserID: 2885, SchoolID: 506
CourseID: 349
Mappings for course 349: 0
Found student without school trainer. UserID: 2886, SchoolID: 506
CourseID: 349
Mappings for course 349: 0
Found student without school trainer. UserID: 2887, SchoolID: 506
CourseID: 349
Mappings for course 349: 0
Found student without school trainer. UserID: 2888, SchoolID: 506
CourseID: 349
Mappings for course 349: 0
Found student without school trainer. UserID: 2889, SchoolID: 506
CourseID: 349
Mappings for course 349: 0
Found student without school trainer. UserID: 2890, SchoolID: 506
CourseID: 349
Mappings for course 349: 0
Found student without school trainer. UserID: 2891, SchoolID: 506
CourseID: 349
Mappings for course 349: 0
Found student without school trainer. UserID: 2892, SchoolID: 506
CourseID: 349
Mappings for course 349: 0
Found student without school trainer. UserID: 2893, SchoolID: 506
CourseID: 349
Mappings for course 349: 0
Found student without school trainer. UserID: 2894, SchoolID: 506
CourseID: 349
Mappings for course 349: 0
Found student without school trainer. UserID: 2895, SchoolID: 506
CourseID: 349
Mappings for course 349: 0
Found student without school trainer. UserID: 2896, SchoolID: 506
CourseID: 349
Mappings for course 349: 0
Found student without school trainer. UserID: 2897, SchoolID: 506
CourseID: 349
Mappings for course 349: 0
Found student without school trainer. UserID: 2898, SchoolID: 506
CourseID: 349
Mappings for course 349: 0
Found student without school trainer. UserID: 2899, SchoolID: 506
CourseID: 349
Mappings for course 349: 0
Found student without school trainer. UserID: 2900, SchoolID: 506
CourseID: 349
Mappings for course 349: 0
Found student without school trainer. UserID: 2901, SchoolID: 506
CourseID: 349
Mappings for course 349: 0
Found student without school trainer. UserID: 2902, SchoolID: 506
CourseID: 349
Mappings for course 349: 0
Found student without school trainer. UserID: 2903, SchoolID: 506
CourseID: 349
Mappings for course 349: 0
Found student without school trainer. UserID: 2904, SchoolID: 506
CourseID: 349
Mappings for course 349: 0
Found student without school trainer. UserID: 2905, SchoolID: 506
CourseID: 349
Mappings for course 349: 0
Found student without school trainer. UserID: 2906, SchoolID: 506
CourseID: 349
Mappings for course 349: 0
Found student without school trainer. UserID: 2907, SchoolID: 506
CourseID: 349
Mappings for course 349: 0
Found student without school trainer. UserID: 2908, SchoolID: 506
CourseID: 349
Mappings for course 349: 0
Found student without school trainer. UserID: 2909, SchoolID: 506
CourseID: 349
Mappings for course 349: 0
Found student without school trainer. UserID: 2910, SchoolID: 506
CourseID: 349
Mappings for course 349: 0
Found student without school trainer. UserID: 2911, SchoolID: 506
CourseID: 349
Mappings for course 349: 0
Found student without school trainer. UserID: 2912, SchoolID: 506
CourseID: 349
Mappings for course 349: 0
Found student without school trainer. UserID: 2913, SchoolID: 506
CourseID: 349
Mappings for course 349: 0
Found student without school trainer. UserID: 2914, SchoolID: 506
CourseID: 349
Mappings for course 349: 0
Found student without school trainer. UserID: 2915, SchoolID: 506
CourseID: 349
Mappings for course 349: 0
Found student without school trainer. UserID: 2916, SchoolID: 506
CourseID: 349
Mappings for course 349: 0
Found student without school trainer. UserID: 2917, SchoolID: 506
CourseID: 349
Mappings for course 349: 0
Found student without school trainer. UserID: 2918, SchoolID: 506
CourseID: 349
Mappings for course 349: 0
Found student without school trainer. UserID: 2919, SchoolID: 506
CourseID: 349
Mappings for course 349: 0
Found student without school trainer. UserID: 2920, SchoolID: 506
CourseID: 349
Mappings for course 349: 0
Found student without school trainer. UserID: 2921, SchoolID: 506
CourseID: 349
Mappings for course 349: 0
Found student without school trainer. UserID: 2922, SchoolID: 506
CourseID: 349
Mappings for course 349: 0
Found student without school trainer. UserID: 2923, SchoolID: 506
CourseID: 349
Mappings for course 349: 0
Found student without school trainer. UserID: 2924, SchoolID: 506
CourseID: 349
Mappings for course 349: 0
Found student without school trainer. UserID: 2925, SchoolID: 506
CourseID: 349
Mappings for course 349: 0
Found student without school trainer. UserID: 2926, SchoolID: 506
CourseID: 349
Mappings for course 349: 0
Found student without school trainer. UserID: 2927, SchoolID: 506
CourseID: 349
Mappings for course 349: 0
Found student without school trainer. UserID: 2928, SchoolID: 506
CourseID: 349
Mappings for course 349: 0
Found student without school trainer. UserID: 2929, SchoolID: 506
CourseID: 349
Mappings for course 349: 0
Found student without school trainer. UserID: 2930, SchoolID: 506
CourseID: 349
Mappings for course 349: 0
Found student without school trainer. UserID: 2931, SchoolID: 506
CourseID: 349
Mappings for course 349: 0
Found student without school trainer. UserID: 2932, SchoolID: 506
CourseID: 349
Mappings for course 349: 0
Found student without school trainer. UserID: 2933, SchoolID: 506
CourseID: 349
Mappings for course 349: 0
Found student without school trainer. UserID: 2934, SchoolID: 506
CourseID: 349
Mappings for course 349: 0
Found student without school trainer. UserID: 2935, SchoolID: 506
CourseID: 349
Mappings for course 349: 0
Found student without school trainer. UserID: 2936, SchoolID: 506
CourseID: 349
Mappings for course 349: 0
Found student without school trainer. UserID: 2937, SchoolID: 506
CourseID: 349
Mappings for course 349: 0
Found student without school trainer. UserID: 2938, SchoolID: 506
CourseID: 349
Mappings for course 349: 0
Found student without school trainer. UserID: 2939, SchoolID: 506
CourseID: 349
Mappings for course 349: 0
Found student without school trainer. UserID: 2940, SchoolID: 506
CourseID: 349
Mappings for course 349: 0
Found student without school trainer. UserID: 2941, SchoolID: 506
CourseID: 349
Mappings for course 349: 0
Found student without school trainer. UserID: 2942, SchoolID: 506
CourseID: 349
Mappings for course 349: 0
Found student without school trainer. UserID: 2943, SchoolID: 506
CourseID: 349
Mappings for course 349: 0
Found student without school trainer. UserID: 2944, SchoolID: 506
CourseID: 349
Mappings for course 349: 0
Found student without school trainer. UserID: 2945, SchoolID: 506
CourseID: 349
Mappings for course 349: 0
Found student without school trainer. UserID: 2946, SchoolID: 506
CourseID: 349
Mappings for course 349: 0
Found student without school trainer. UserID: 2947, SchoolID: 506
CourseID: 349
Mappings for course 349: 0
Found student without school trainer. UserID: 2948, SchoolID: 506
CourseID: 349
Mappings for course 349: 0
Found student without school trainer. UserID: 2949, SchoolID: 506
CourseID: 349
Mappings for course 349: 0
Found student without school trainer. UserID: 2950, SchoolID: 506
CourseID: 349
Mappings for course 349: 0
Found student without school trainer. UserID: 2951, SchoolID: 506
CourseID: 349
Mappings for course 349: 0
Found student without school trainer. UserID: 2952, SchoolID: 506
CourseID: 349
Mappings for course 349: 0
Found student without school trainer. UserID: 2953, SchoolID: 506
CourseID: 349
Mappings for course 349: 0
Found student without school trainer. UserID: 2954, SchoolID: 506
CourseID: 349
Mappings for course 349: 0
Found student without school trainer. UserID: 2955, SchoolID: 506
CourseID: 349
Mappings for course 349: 0
Found student without school trainer. UserID: 2956, SchoolID: 506
CourseID: 349
Mappings for course 349: 0
Found student without school trainer. UserID: 2957, SchoolID: 506
CourseID: 349
Mappings for course 349: 0
Found student without school trainer. UserID: 2958, SchoolID: 506
CourseID: 349
Mappings for course 349: 0
Found student without school trainer. UserID: 2959, SchoolID: 506
CourseID: 349
Mappings for course 349: 0
Found student without school trainer. UserID: 2960, SchoolID: 506
CourseID: 349
Mappings for course 349: 0
Found student without school trainer. UserID: 2961, SchoolID: 506
CourseID: 349
Mappings for course 349: 0
Found student without school trainer. UserID: 2962, SchoolID: 506
CourseID: 349
Mappings for course 349: 0
Found student without school trainer. UserID: 2963, SchoolID: 506
CourseID: 349
Mappings for course 349: 0
Found student without school trainer. UserID: 2964, SchoolID: 506
CourseID: 349
Mappings for course 349: 0
Found student without school trainer. UserID: 2965, SchoolID: 506
CourseID: 349
Mappings for course 349: 0
Found student without school trainer. UserID: 2966, SchoolID: 506
CourseID: 349
Mappings for course 349: 0
Found student without school trainer. UserID: 2967, SchoolID: 506
CourseID: 349
Mappings for course 349: 0
Found student without school trainer. UserID: 2968, SchoolID: 506
CourseID: 349
Mappings for course 349: 0
Found student without school trainer. UserID: 2969, SchoolID: 506
CourseID: 349
Mappings for course 349: 0
Found student without school trainer. UserID: 2970, SchoolID: 506
CourseID: 349
Mappings for course 349: 0
Found student without school trainer. UserID: 2971, SchoolID: 506
CourseID: 349
Mappings for course 349: 0
Found student without school trainer. UserID: 2972, SchoolID: 506
CourseID: 349
Mappings for course 349: 0
Found student without school trainer. UserID: 2973, SchoolID: 506
CourseID: 349
Mappings for course 349: 0
Found student without school trainer. UserID: 2974, SchoolID: 506
CourseID: 349
Mappings for course 349: 0
Found student without school trainer. UserID: 2975, SchoolID: 506
CourseID: 349
Mappings for course 349: 0
Found student without school trainer. UserID: 2976, SchoolID: 506
CourseID: 349
Mappings for course 349: 0
Found student without school trainer. UserID: 2977, SchoolID: 506
CourseID: 349
Mappings for course 349: 0
Found student without school trainer. UserID: 2978, SchoolID: 506
CourseID: 349
Mappings for course 349: 0
Found student without school trainer. UserID: 2979, SchoolID: 506
CourseID: 349
Mappings for course 349: 0
Found student without school trainer. UserID: 2980, SchoolID: 506
CourseID: 349
Mappings for course 349: 0
Found student without school trainer. UserID: 2981, SchoolID: 506
CourseID: 349
Mappings for course 349: 0
Found student without school trainer. UserID: 2982, SchoolID: 506
CourseID: 349
Mappings for course 349: 0
Found student without school trainer. UserID: 2983, SchoolID: 506
CourseID: 349
Mappings for course 349: 0
Found student without school trainer. UserID: 2984, SchoolID: 506
CourseID: 349
Mappings for course 349: 0
Found student without school trainer. UserID: 2985, SchoolID: 506
CourseID: 349
Mappings for course 349: 0
Found student without school trainer. UserID: 2986, SchoolID: 506
CourseID: 349
Mappings for course 349: 0
Found student without school trainer. UserID: 2987, SchoolID: 506
CourseID: 349
Mappings for course 349: 0
Found student without school trainer. UserID: 2988, SchoolID: 506
CourseID: 349
Mappings for course 349: 0
Found student without school trainer. UserID: 2989, SchoolID: 506
CourseID: 349
Mappings for course 349: 0
Found student without school trainer. UserID: 2990, SchoolID: 506
CourseID: 349
Mappings for course 349: 0
Found student without school trainer. UserID: 2991, SchoolID: 506
CourseID: 349
Mappings for course 349: 0
Found student without school trainer. UserID: 2992, SchoolID: 506
CourseID: 349
Mappings for course 349: 0
Found student without school trainer. UserID: 2993, SchoolID: 506
CourseID: 349
Mappings for course 349: 0
Found student without school trainer. UserID: 2994, SchoolID: 506
CourseID: 349
Mappings for course 349: 0
Found student without school trainer. UserID: 2995, SchoolID: 506
CourseID: 349
Mappings for course 349: 0
Found student without school trainer. UserID: 2996, SchoolID: 506
CourseID: 349
Mappings for course 349: 0
Found student without school trainer. UserID: 2997, SchoolID: 506
CourseID: 349
Mappings for course 349: 0
Found student without school trainer. UserID: 2998, SchoolID: 506
CourseID: 349
Mappings for course 349: 0
Found student without school trainer. UserID: 2999, SchoolID: 506
CourseID: 349
Mappings for course 349: 0
Found student without school trainer. UserID: 3000, SchoolID: 506
CourseID: 349
Mappings for course 349: 0
Found student without school trainer. UserID: 3001, SchoolID: 506
CourseID: 349
Mappings for course 349: 0
Found student without school trainer. UserID: 3002, SchoolID: 506
CourseID: 349
Mappings for course 349: 0
Found student without school trainer. UserID: 3003, SchoolID: 506
CourseID: 349
Mappings for course 349: 0
Found student without school trainer. UserID: 3004, SchoolID: 506
CourseID: 349
Mappings for course 349: 0
Found student without school trainer. UserID: 3005, SchoolID: 506
CourseID: 349
Mappings for course 349: 0
Found student without school trainer. UserID: 3006, SchoolID: 506
CourseID: 349
Mappings for course 349: 0
Found student without school trainer. UserID: 3007, SchoolID: 506
CourseID: 349
Mappings for course 349: 0
Found student without school trainer. UserID: 3008, SchoolID: 506
CourseID: 349
Mappings for course 349: 0
Found student without school trainer. UserID: 3009, SchoolID: 506
CourseID: 349
Mappings for course 349: 0
Found student without school trainer. UserID: 3010, SchoolID: 506
CourseID: 349
Mappings for course 349: 0
Found student without school trainer. UserID: 3011, SchoolID: 506
CourseID: 349
Mappings for course 349: 0
Found student without school trainer. UserID: 3012, SchoolID: 506
CourseID: 349
Mappings for course 349: 0
Found student without school trainer. UserID: 3013, SchoolID: 506
CourseID: 349
Mappings for course 349: 0
Found student without school trainer. UserID: 3014, SchoolID: 506
CourseID: 349
Mappings for course 349: 0
Found student without school trainer. UserID: 3015, SchoolID: 506
CourseID: 349
Mappings for course 349: 0
Found student without school trainer. UserID: 3016, SchoolID: 506
CourseID: 349
Mappings for course 349: 0
Found student without school trainer. UserID: 3017, SchoolID: 506
CourseID: 349
Mappings for course 349: 0
Found student without school trainer. UserID: 3018, SchoolID: 506
CourseID: 349
Mappings for course 349: 0
Found student without school trainer. UserID: 3019, SchoolID: 506
CourseID: 349
Mappings for course 349: 0
Found student without school trainer. UserID: 3020, SchoolID: 506
CourseID: 349
Mappings for course 349: 0
Found student without school trainer. UserID: 3021, SchoolID: 506
CourseID: 349
Mappings for course 349: 0
Found student without school trainer. UserID: 3022, SchoolID: 506
CourseID: 349
Mappings for course 349: 0
Found student without school trainer. UserID: 3023, SchoolID: 506
CourseID: 349
Mappings for course 349: 0
Found student without school trainer. UserID: 3024, SchoolID: 506
CourseID: 349
Mappings for course 349: 0
Found student without school trainer. UserID: 3025, SchoolID: 506
CourseID: 349
Mappings for course 349: 0
Found student without school trainer. UserID: 3026, SchoolID: 506
CourseID: 349
Mappings for course 349: 0
Found student without school trainer. UserID: 3027, SchoolID: 506
CourseID: 349
Mappings for course 349: 0
Found student without school trainer. UserID: 3028, SchoolID: 506
CourseID: 349
Mappings for course 349: 0
Found student without school trainer. UserID: 3029, SchoolID: 506
CourseID: 349
Mappings for course 349: 0
Found student without school trainer. UserID: 3030, SchoolID: 506
CourseID: 349
Mappings for course 349: 0
Found student without school trainer. UserID: 3031, SchoolID: 506
CourseID: 349
Mappings for course 349: 0
Found student without school trainer. UserID: 3032, SchoolID: 506
CourseID: 349
Mappings for course 349: 0
Found student without school trainer. UserID: 3033, SchoolID: 506
CourseID: 349
Mappings for course 349: 0
Found student without school trainer. UserID: 3034, SchoolID: 506
CourseID: 349
Mappings for course 349: 0
Found student without school trainer. UserID: 3035, SchoolID: 506
CourseID: 349
Mappings for course 349: 0
Found student without school trainer. UserID: 3036, SchoolID: 506
CourseID: 349
Mappings for course 349: 0
Found student without school trainer. UserID: 3037, SchoolID: 506
CourseID: 349
Mappings for course 349: 0
Found student without school trainer. UserID: 3038, SchoolID: 506
CourseID: 349
Mappings for course 349: 0
Found student without school trainer. UserID: 3039, SchoolID: 506
CourseID: 349
Mappings for course 349: 0
Found student without school trainer. UserID: 3040, SchoolID: 506
CourseID: 349
Mappings for course 349: 0
Found student without school trainer. UserID: 3050, SchoolID: 516
CourseID: 348
Mappings for course 348: 0
Found student without school trainer. UserID: 3056, SchoolID: 401
CourseID: 341
Mappings for course 341: 0
